I/AudioPolicyManager(  339): setOutputDevice() setting same device 0002 or null device for output 4
E/ASF_FTD (12013): [NETWORK_LAYER] UDPBind: 204: Exception: bind: Cannot assign requested address
D/ASF_FTD (12013): [NETWORK_LAYER] Connect: 251: UDPBind failed for session id 0
D/VisualEffectParticleEffect( 1350): handleTouchEvent : ACTION_DOWN
D/SoundAliveResampler(  339): [SoundAliveResampler] Init+++
V/audio_hw_primary(  339): start_output_stream: enter: usecase(1: low-latency-playback) devices(0x2)
V/audio_hw_primary(  339): select_devices: ENTER
V/audio_hw_primary(  339): select_devices: usecase(Normal)
V/audio_hw_primary(  339): select_devices: usecase(PCM_PLAYBACK)
V/msm8974_platform(  339): platform_get_output_snd_device: enter: output devices(0x2)
V/msm8974_platform(  339): get_OUTPUT_snd_device: for Normal Playback
V/msm8974_platform(  339): platform_get_output_snd_device: exit: snd_device(speaker)
D/audio_hw_primary(  339): select_devices: out_snd_device(2: speaker)
D/audio_hw_primary(  339): select_devices: in_snd_device(0: dummy)
E/msm8974_platform(  339): platform_send_audio_calibration: sending audio calibration for snd_device(2) acdb_id(15)
D/ACDB-LOADER(  339): ACDB -> send_audio_cal, acdb_id = 15, path =  0
D/ACDB-LOADER(  339): ACDB -> send_adm_topology
D/ACDB-LOADER(  339): ACDB -> ACDB_CMD_GET_AUDPROC_COMMON_TOPOLOGY_ID
D/ACDB-LOADER(  339): ACDB -> send_asm_topology
D/ACDB-LOADER(  339): ACDB -> ACDB_CMD_GET_AUDPROC_STREAM_TOPOLOGY_ID
D/ACDB-LOADER(  339): ACDB -> send_audtable
D/ACDB-LOADER(  339): ACDB -> ACDB_CMD_GET_AUDPROC_COMMON_TABLE
D/        (  339): ACDBFILE_MGR:Read the devices count as zero, please check the acdb file
D/ACDB-LOADER(  339): ACDB -> AUDIO_SET_AUDPROC_CAL
D/ACDB-LOADER(  339): ACDB -> send_audvoltable
D/ACDB-LOADER(  339): ACDB -> ACDB_CMD_GET_AUDPROC_GAIN_DEP_STEP_TABLE
D/        (  339): ACDBFILE_MGR:Read the devices count as zero, please check the acdb file
D/ACDB-LOADER(  339): ACDB -> AUDIO_SET_AUDPROC_VOL_CAL
D/ACDB-LOADER(  339): ACDB -> send_afe_cal
D/ACDB-LOADER(  339): ACDB -> ACDB_CMD_GET_AFE_COMMON_TABLE
D/        (  339): ACDBFILE_MGR:Read the devices count as zero, please check the acdb file
D/ACDB-LOADER(  339): ACDB -> AUDIO_SET_AFE_CAL
V/audio_hw_primary(  339): enable_snd_device: snd_device(2: speaker, speaker)
D/audio_route(  339): Setting mixer control: SLIM RX2 MUX, value: 1
D/audio_route(  339): Setting mixer control: SLIM_0_RX Channels, value: 1
D/audio_route(  339): Setting mixer control: RX5 MIX1 INP1, value: 5
E/ASF_FTD (12013): [NETWORK_LAYER] SendMulticastPacket: 176: Multicasting failed!
E/ASF_FTD (12013): [CD_DISCOVERY] __SendByeByePacket: 133: SendMulticastPacket failed with error 2000
D/NearbySettings(29155): MountReceiver.onReceive - Create HandlerThread
V/ASF_FTD (12013): [FTCP] SendMulticastPacket: 138: ip_address.compare == 0
E/ASF_FTD (12013): [FTCP] SendMulticastPacket: 165: new OutgoingSession
E/ASF_FTD (12013): [NETWORK_LAYER] UDPBind: 204: Exception: bind: Cannot assign requested address
D/audio_route(  339): Setting mixer control: RX5 MIX1 INP2, value: 6
D/ASF_FTD (12013): [NETWORK_LAYER] Connect: 251: UDPBind failed for session id 0
D/audio_route(  339): Setting mixer control: RDAC7 MUX, value: 1
E/ASF_FTD (12013): [NETWORK_LAYER] SendMulticastPacket: 176: Multicasting failed!
D/audio_route(  339): Setting mixer control: SPK out, value: 1
E/ASF_FTD (12013): [CD_DISCOVERY] __SendByeByePacket: 133: SendMulticastPacket failed with error 2000
V/ASF_FTD (12013): [FTCP] SendMulticastPacket: 138: ip_address.compare == 0
D/audio_route(  339): Setting mixer control: MultiMedia2 Mixer QUAT_MI2S_TX, value: 1
E/ASF_FTD (12013): [FTCP] SendMulticastPacket: 165: new OutgoingSession
E/ASF_FTD (12013): [NETWORK_LAYER] UDPBind: 204: Exception: bind: Cannot assign requested address
D/audio_route(  339): Setting mixer control: LINEOUT2 Volume, value: 16
D/audio_route(  339): Setting mixer control: LINEOUT4 Volume, value: 16
V/audio_hw_primary(  339): enable_audio_route: enter: usecase(1)
V/audio_hw_primary(  339): enable_audio_route: apply mixer and update path: low-latency-playback
D/audio_route(  339): Setting mixer control: SLIMBUS_0_RX Audio Mixer MultiMedia5, value: 1
V/audio_hw_primary(  339): enable_audio_route: exit
D/NearbySettings(29155): MountReceiver.onReceive - Start HandlerThread
D/ASF_FTD (12013): [NETWORK_LAYER] Connect: 251: UDPBind failed for session id 0
E/ASF_FTD (12013): [NETWORK_LAYER] SendMulticastPacket: 176: Multicasting failed!
E/ASF_FTD (12013): [CD_DISCOVERY] __SendByeByePacket: 133: SendMulticastPacket failed with error 2000
V/ASF_FTD (12013): [FTCP] SendMulticastPacket: 138: ip_address.compare == 0
D/StatusBarKeyguardViewManager( 1350): setNeedAnimationFlag...  false
E/ASF_FTD (12013): [FTCP] SendMulticastPacket: 165: new OutgoingSession
E/ASF_FTD (12013): [NETWORK_LAYER] UDPBind: 204: Exception: bind: Cannot assign requested address
D/ASF_FTD (12013): [NETWORK_LAYER] Connect: 251: UDPBind failed for session id 0
E/ASF_FTD (12013): [NETWORK_LAYER] SendMulticastPacket: 176: Multicasting failed!
D/NearbySettings(29155): MountReceiver.onReceive - Create mPrefHandler
E/ASF_FTD (12013): [CD_DISCOVERY] __SendByeByePacket: 133: SendMulticastPacket failed with error 2000
V/ASF_FTD (12013): [FTCP] SendMulticastPacket: 138: ip_address.compare == 0
E/ASF_FTD (12013): [FTCP] SendMulticastPacket: 165: new OutgoingSession
D/PanelView( 1350): There is/are notification(s) 
D/PanelView( 1350): kidsfalse mQsExpansionEnabled:true
E/ASF_FTD (12013): [NETWORK_LAYER] UDPBind: 204: Exception: bind: Cannot assign requested address
D/ASF_FTD (12013): [NETWORK_LAYER] Connect: 251: UDPBind failed for session id 0
E/ASF_FTD (12013): [NETWORK_LAYER] SendMulticastPacket: 176: Multicasting failed!
E/ASF_FTD (12013): [CD_DISCOVERY] __SendByeByePacket: 133: SendMulticastPacket failed with error 2000
V/ASF_FTD (12013): [FTCP] SendMulticastPacket: 138: ip_address.compare == 0
E/ASF_FTD (12013): [FTCP] SendMulticastPacket: 165: new OutgoingSession
E/ASF_FTD (12013): [NETWORK_LAYER] UDPBind: 204: Exception: bind: Cannot assign requested address
D/ASF_FTD (12013): [NETWORK_LAYER] Connect: 251: UDPBind failed for session id 0
E/ASF_FTD (12013): [NETWORK_LAYER] SendMulticastPacket: 176: Multicasting failed!
E/ASF_FTD (12013): [CD_DISCOVERY] __SendByeByePacket: 133: SendMulticastPacket failed with error 2000
V/ASF_FTD (12013): [FTCP] SendMulticastPacket: 138: ip_address.compare == 0
D/NearbySettings(29155): MountReceiver.onReceive - ACTION: android.net.wifi.p2p.CONNECTION_STATE_CHANGE
E/ASF_FTD (12013): [FTCP] SendMulticastPacket: 165: new OutgoingSession
E/ASF_FTD (12013): [NETWORK_LAYER] UDPBind: 204: Exception: bind: Cannot assign requested address
D/ASF_FTD (12013): [NETWORK_LAYER] Connect: 251: UDPBind failed for session id 0
E/ASF_FTD (12013): [NETWORK_LAYER] SendMulticastPacket: 176: Multicasting failed!
E/ASF_FTD (12013): [CD_DISCOVERY] __SendByeByePacket: 133: SendMulticastPacket failed with error 2000
E/audio_hw_primary(  339): [MAXIM] setDSM_tx_Control()....dsm_enable : 1, dsm_opened : 0, adev->snd_card : 0, device_id : 1, adev->mode : 0
V/audio_hw_primary(  339): start_output_stream: Opening PCM device card_id(0) device_id(15)
V/audio_hw_primary(  339): start_output_stream: exit
D/PanelView( 1350): There is/are notification(s) 
D/PanelView( 1350): kidsfalse mQsExpansionEnabled:true
D/KeyguardUnlockEventHandler( 1350): mIsUnlockStarted - false
V/NearbySettings(29155): DMSUtil.isNetworkConnected - flag-null, state-null
V/ASF_FTD (12013): [FTCP] SendMulticastPacket: 138: ip_address.compare == 0
E/ASF_FTD (12013): [FTCP] SendMulticastPacket: 165: new OutgoingSession
E/ASF_FTD (12013): [NETWORK_LAYER] UDPBind: 204: Exception: bind: Cannot assign requested address
D/ASF_FTD (12013): [NETWORK_LAYER] Connect: 251: UDPBind failed for session id 0
E/ASF_FTD (12013): [NETWORK_LAYER] SendMulticastPacket: 176: Multicasting failed!
E/ASF_FTD (12013): [CD_DISCOVERY] __SendByeByePacket: 133: SendMulticastPacket failed with error 2000
V/ASF_FTD (12013): [FTCP] SendMulticastPacket: 138: ip_address.compare == 0
E/ASF_FTD (12013): [FTCP] SendMulticastPacket: 165: new OutgoingSession
E/ASF_FTD (12013): [NETWORK_LAYER] UDPBind: 204: Exception: bind: Cannot assign requested address
D/ASF_FTD (12013): [NETWORK_LAYER] Connect: 251: UDPBind failed for session id 0
E/ASF_FTD (12013): [NETWORK_LAYER] SendMulticastPacket: 176: Multicasting failed!
E/ASF_FTD (12013): [CD_DISCOVERY] __SendByeByePacket: 133: SendMulticastPacket failed with error 2000
V/ASF_FTD (12013): [FTCP] SendMulticastPacket: 138: ip_address.compare == 0
E/ASF_FTD (12013): [FTCP] SendMulticastPacket: 165: new OutgoingSession
E/ASF_FTD (12013): [NETWORK_LAYER] UDPBind: 204: Exception: bind: Cannot assign requested address
D/ASF_FTD (12013): [NETWORK_LAYER] Connect: 251: UDPBind failed for session id 0
E/ASF_FTD (12013): [NETWORK_LAYER] SendMulticastPacket: 176: Multicasting failed!
I/NearbySettings(29155): DMSUtil.isNetworkConnected - WIFI: CONNECTED
E/ASF_FTD (12013): [CD_DISCOVERY] __SendByeByePacket: 133: SendMulticastPacket failed with error 2000
V/ASF_FTD (12013): [FTCP] SendMulticastPacket: 138: ip_address.compare == 0
E/ASF_FTD (12013): [FTCP] SendMulticastPacket: 165: new OutgoingSession
E/ASF_FTD (12013): [NETWORK_LAYER] UDPBind: 204: Exception: bind: Cannot assign requested address
D/ASF_FTD (12013): [NETWORK_LAYER] Connect: 251: UDPBind failed for session id 0
E/ASF_FTD (12013): [NETWORK_LAYER] SendMulticastPacket: 176: Multicasting failed!
E/ASF_FTD (12013): [CD_DISCOVERY] __SendByeByePacket: 133: SendMulticastPacket failed with error 2000
V/ASF_FTD (12013): [FTCP] SendMulticastPacket: 138: ip_address.compare == 0
E/ASF_FTD (12013): [FTCP] SendMulticastPacket: 165: new OutgoingSession
E/ASF_FTD (12013): [NETWORK_LAYER] UDPBind: 204: Exception: bind: Cannot assign requested address
D/ASF_FTD (12013): [NETWORK_LAYER] Connect: 251: UDPBind failed for session id 0
E/ASF_FTD (12013): [NETWORK_LAYER] SendMulticastPacket: 176: Multicasting failed!
E/ASF_FTD (12013): [CD_DISCOVERY] __SendByeByePacket: 133: SendMulticastPacket failed with error 2000
V/ASF_FTD (12013): [FTCP] SendMulticastPacket: 138: ip_address.compare == 0
E/ASF_FTD (12013): [FTCP] SendMulticastPacket: 165: new OutgoingSession
E/ASF_FTD (12013): [NETWORK_LAYER] UDPBind: 204: Exception: bind: Cannot assign requested address
D/ASF_FTD (12013): [NETWORK_LAYER] Connect: 251: UDPBind failed for session id 0
E/ASF_FTD (12013): [NETWORK_LAYER] SendMulticastPacket: 176: Multicasting failed!
E/ASF_FTD (12013): [CD_DISCOVERY] __SendByeByePacket: 133: SendMulticastPacket failed with error 2000
V/ASF_FTD (12013): [FTCP] SendMulticastPacket: 138: ip_address.compare == 0
E/ASF_FTD (12013): [FTCP] SendMulticastPacket: 165: new OutgoingSession
E/ASF_FTD (12013): [NETWORK_LAYER] UDPBind: 204: Exception: bind: Cannot assign requested address
D/ASF_FTD (12013): [NETWORK_LAYER] Connect: 251: UDPBind failed for session id 0
E/ASF_FTD (12013): [NETWORK_LAYER] SendMulticastPacket: 176: Multicasting failed!
E/ASF_FTD (12013): [CD_DISCOVERY] __SendByeByePacket: 133: SendMulticastPacket failed with error 2000
V/ASF_FTD (12013): [FTCP] SendMulticastPacket: 138: ip_address.compare == 0
E/ASF_FTD (12013): [FTCP] SendMulticastPacket: 165: new OutgoingSession
E/ASF_FTD (12013): [NETWORK_LAYER] UDPBind: 204: Exception: bind: Cannot assign requested address
D/ASF_FTD (12013): [NETWORK_LAYER] Connect: 251: UDPBind failed for session id 0
E/ASF_FTD (12013): [NETWORK_LAYER] SendMulticastPacket: 176: Multicasting failed!
E/ASF_FTD (12013): [CD_DISCOVERY] __SendByeByePacket: 133: SendMulticastPacket failed with error 2000
I/ASF_FTD (12013): [JNI] Java_com_samsung_android_allshare_stack_fileshare_AllShareFrameworkCoreNativeAPI_stopFTD: 526: stopFTD::StopFtd Successfully!
V/ASF_FTD (12013): [STREAMING] DeleteReference: 92: Stopping streaming threads
I/ASF_FTD (12013): [STREAMING] DeleteReference: 130: StreamingManager::DeleteReference Ref Count [0]
I/ASF_FTD (12013): [STREAMING] DestroyInstance: 61: StreamingManager::DestroyInstance Ref Count [0]
V/ASF_FTD (12013): [FRAMEWORK_CONTROLLER] TerminateUPnP: 193: cd_discovery Terminated
V/ASF_FTD (12013): [FRAMEWORK_CONTROLLER] TerminateUPnP: 195: cd_control Terminated
V/ASF_FTD (12013): [FRAMEWORK_CONTROLLER] TerminateFrameworkCore: 212: Enter
V/ASF_FTD (12013): [NETWORK_LAYER] StopNetworkLayer: 120: Enter
V/ASF_FTD (12013): [NETWORK_LAYER] StopNetworkLayer: 127: 1: Calling StopClientThreads
V/ASF_FTD (12013): [NETWORK_LAYER] StopNetworkLayer: 131: 2: StopClientThreads done
V/ASF_FTD (12013): [NETWORK_LAYER] StopNetworkLayer: 138: 3: Calling StopServerThreads
V/ASF_FTD (12013): [NETWORK_LAYER] __stop_server_sockets: 36: StopServerSockets
E/ASF_FTD (12013): [NETWORK_LAYER] handle_accept: 187: [TCPServer::handle_accept] Acceptor closed [Operation Canceled]
D/ASF_FTD (12013): [NETWORK_LAYER] Stop: 128: Leaving multicast group at interface [p2p-wlan0-0]
E/ASF_FTD (12013): [NETWORK_LAYER] Stop: 138: MulticastServer::Stop if_nametoindex failed
E/ASF_FTD (12013): [NETWORK_LAYER] receive_handler: 264: [Multicast Server::receive_handler] Canceled [Operation Canceled]
D/ASF_FTD (12013): [NETWORK_LAYER] Stop: 128: Leaving multicast group at interface [p2p-wlan0-0]
E/ASF_FTD (12013): [NETWORK_LAYER] Stop: 138: MulticastServer::Stop if_nametoindex failed
E/ASF_FTD (12013): [NETWORK_LAYER] receive_handler: 264: [Multicast Server::receive_handler] Canceled [Operation Canceled]
E/ASF_FTD (12013): [NETWORK_LAYER] read_handler: 230: [UDPServer::read_handler] Canceled [Operation Canceled]
V/ASF_FTD (12013): [NETWORK_LAYER] __stop_server_sockets: 45: StopServerSockets return
E/ASF_FTD (12013): [NETWORK_LAYER] Reset: 231: [TCPServer::Reset] ref reset
V/ASF_FTD (12013): [NETWORK_LAYER] StopNetworkLayer: 147: 4: Calling Stopcallback handler threads
V/ASF_FTD (12013): [NETWORK_LAYER] StopNetworkLayer: 151: Exit
V/ASF_FTD (12013): [FRAMEWORK_CONTROLLER] TerminateFrameworkCore: 222: StopNetworkLayer finished
V/ASF_FTD (12013): [FRAMEWORK_CONTROLLER] TerminateFrameworkCore: 226: StopFrameworkCore finished
V/ASF_FTD (12013): [FRAMEWORK_CONTROLLER] TerminateFrameworkCore: 230: TerminateUPnP finished
V/ASF_FTD (12013): [FRAMEWORK_CONTROLLER] TerminateFrameworkCore: 234: Timer Terminate finished
V/ASF_FTD (12013): [NETWORK_LAYER] TerminateNetworkLayer: 60: Enter
V/ASF_FTD (12013): [NETWORK_LAYER] TerminateNetworkLayer: 64: NetworkInterface Destroyed
V/ASF_FTD (12013): [NETWORK_LAYER] TerminateNetworkLayer: 71: ServerManager Destroyed
V/ASF_FTD (12013): [NETWORK_LAYER] TerminateNetworkLayer: 75: CallBackHandler Destroyed, Exit
I/NearbySettings(29155): DMSUtil.isNetworkConnected - P2P: DISCONNECTED
V/ASF_FTD (12013): [FRAMEWORK_CONTROLLER] TerminateFrameworkCore: 240: Exit
I/NearbySettings(29155): DMSUtil.isNetworkConnected - WIFI-true, Hotspot-false, P2P-false, Eth-false
I/NearbySettings(29155): MountReceiver.onReceive - Keep current state
D/FileShare-Server(12013): ServerBroadcastReceiver.onReceive - action android.net.wifi.p2p.CONNECTION_STATE_CHANGE // null
D/InputReader(  908): Input event(9): value=0 when=296546416112000
D/InputReader(  908): Input event(9): value=0 when=296546416112000
I/InputReader(  908): Touch event's action is 0x1 (deviceType=0) [pCnt=1, s=] when=296546416112000
I/InputDispatcher(  908): Delivering touch to (1350): action: 0x1, toolType: 1
D/KeyguardUnlockEventHandler( 1350): mIsUnlockStarted - false
D/KeyguardUnlockEventHandler( 1350): mIsUnlockStarted - false
D/KeyguardUnlockEventHandler( 1350): ACTION_UP mDistance: 791.9122426127784
D/VisualEffectParticleEffect( 1350): KeyguardEffectViewParticleSpace : handleUnlock
D/VisualEffectParticleEffect( 1350): unlock
D/KeyguardUnlockEventHandler( 1350): mIsMultiTouch false
D/VisualEffectParticleEffect( 1350): handleTouchEvent : ACTION_UP || ACTION_CANCEL
D/PhoneStatusBar( 1350): removeIcon slot=wifi_p2p index=26 viewIndex=7
D/PanelView( 1350): mClearAll.setVisibility - mIsFullyOpened : false isShade : false mHasNotification : true mIsUpwardFling : false mQsFullyExpanded : false isShadeLocked : false mClearAllVisible : true
I/System.out(29481): Thread-84482(ApacheHTTPLog):Reading from variable values from setDefaultValuesToVariables
I/System.out(29481): Thread-84482(ApacheHTTPLog):isSBSettingEnabled false
I/System.out(29481): Thread-84482(ApacheHTTPLog):isShipBuild true
I/System.out(29481): Thread-84482(ApacheHTTPLog):SMARTBONDING_ENABLED is false
I/System.out(29481): Thread-84482(ApacheHTTPLog):SmartBonding Enabling is false, SHIP_BUILD is true, log to file is false, DBG is false
D/EnterpriseController(  330): netId is 0
D/Netd    (  330): getNetworkForDns: using netid 636 for uid 10035
D/StatusBar.NetworkController( 1350): refreshViews connected={ wifi } level=4 combinedSignalIconId=0x7f020681/com.android.systemui:drawable/stat_sys_wifi_signal_4 mobileLabel=Appels d'urgence uniquement wifiLabel="IHMTEK" emergencyOnly=true combinedLabel="IHMTEK" mAirplaneMode=false mDataActivity=0 mPhoneSignalIconId=0x7f020618/com.android.systemui:drawable/stat_sys_signal_4_auto_rotate mQSPhoneSignalIconId=0x7f0201b1/com.android.systemui:drawable/ic_qs_signal_4 mDataDirectionIconId=0x0/(null) mDataSignalIconId=0x7f020618/com.android.systemui:drawable/stat_sys_signal_4_auto_rotate mDataTypeIconId=0x0/(null) mQSDataTypeIconId=0x0/(null) mNoSimIconId=0x0/(null) mWifiIconId=0x7f020681/com.android.systemui:drawable/stat_sys_wifi_signal_4 mQSWifiIconId=0x7f020365/com.android.systemui:drawable/qs_tile_wifi_signal_4 mWifiActivityIconId=0x7f02064b/com.android.systemui:drawable/stat_sys_signal_inout mBluetoothTetherIconId=0x7f02065e/com.android.systemui:drawable/stat_sys_tether_bluetooth
D/STATUSBAR-WifiTile( 1350): onWifiSignalChanged enabled=true enabledDesc:"IHMTEK"
D/StatusBar.NetworkController( 1350): refreshNwBoosterIndicator - setNWBoosterIndicators(false)
D/StatusBar.NetworkController( 1350): refreshNwBoosterIndicator - setNWBoosterIndicators(false)
D/StatusBar.NetworkController( 1350): refreshNwBoosterIndicator - setNWBoosterIndicators(false)
D/StatusBar.NetworkController( 1350): refreshNwBoosterIndicator - setNWBoosterIndicators(false)
D/KeyguardUnlockEventHandler( 1350): launch() - mIsKeyguardDismissing=false
D/KeyguardSecurityView( 1350): showNextSecurityScreenOrFinish(false)
D/KeyguardViewBase( 1350): finish mViewMediatorCallback.keyguardDone
D/KeyguardViewMediator( 1350): keyguardDone(true)
D/KeyguardViewMediator( 1350): handleKeyguardDone
D/KeyguardViewMediator( 1350): handleHide
D/KeyguardViewMediator( 1350): isAutoUnlockEnabled in KeyguardViewMediator = true
D/KeyguardViewMediator( 1350): isPwdChangeRequested :: false
D/KeyguardViewMediator( 1350): isSecure() = false
E/KeyguardViewMediator( 1350): setShowingLocked mShowing false
D/AudioTrack( 1350): TrackOffload: AudioTrack Offload disabled by property, returning false
I/AudioPolicyManager(  339): getOutputForAttr() device 0x2, samplingRate 48000, format 0, channelMask 1, flags 0
I/AudioPolicyManager(  339): getOutputForAttr() output 4
D/KeyguardEffectViewUtil( 1350): wallpaperType :1
I/AudioPolicyManager(  339): startOutput() output 4, stream 1, session 891
I/AudioPolicyManager(  339): changeRefCount() stream 1, count 2
D/StatusBar-Window( 1350): fnf=false sanc=true, kni=false, sbf=true
D/CoverUI ( 1350): applyFocusableFlag() : Remove SAMSUNG_FLAG_SVIEW_COVER
D/CoverUI ( 1350): applyHeight h = -1, oc = true, ex = true, fa = false, ac = false, sc = false
D/PhoneStatusBar( 1350): makeExpandedInvisible: mExpandedVisible=true
D/StatusBar-QSPanel( 1350): setSingleLine:true
D/StatusBar-QSPanel( 1350): adjustCellWidth mButtonWidth : 268, displayWidth : 1376
D/StatusBar-QSPanel( 1350): updateButtonInfo mButtonWidth : 268 mColumns:5 orien: 1 mButtonCorrectionWidth:8
D/StatusBar-QSPanel( 1350): setSingleLine height:372
D/PhoneStatusBar( 1350): updateQSpanelHeight: 372 height:372
D/PanelView( 1350): flingSettings mQsMin:0 mQsMax:524 mQsEx:0.0mQsPeek:372
D/StatusBarKeyguardViewManager( 1350): setNeedAnimationFlag...  false
D/StatusBarKeyguardViewManager( 1350): setNeedAnimationFlag...  false
D/PanelView( 1350): There is/are notification(s) 
D/PanelView( 1350): kidsfalse mQsExpansionEnabled:true
D/KeyguardEffectViewUtil( 1350): wallpaperType :1
D/StatusBar-Window( 1350): fnf=false sanc=true, kni=false, sbf=false
D/CoverUI ( 1350): applyFocusableFlag() : Remove SAMSUNG_FLAG_SVIEW_COVER
D/CoverUI ( 1350): applyHeight h = -1, oc = true, ex = false, fa = false, ac = false, sc = false
D/PhoneStatusBar( 1350): disable: < expand icons* alerts system_info* BACK HOME RECENT clock* SEARCH >
D/PhoneStatusBar( 1350): updateKeyguardState :0
I/qtaguid (29481): Failed write_ctrl(u 45) res=-1 errno=22
I/qtaguid (29481): Untagging socket 45 failed errno=-22
W/NetworkManagementSocketTagger(29481): untagSocket(45) failed with errno -22
I/System.out(29481): Thread-84482 calls detatch()
D/Finsky  (29481): [1] 1.onResponse: Verification id=125 response=0
D/PanelView( 1350): There is/are notification(s) 
D/PanelView( 1350): kidsfalse mQsExpansionEnabled:true
D/PanelView( 1350): kidsfalse mQsExpansionEnabled:true
D/PhoneStatusBar( 1350): updateKeyguardPreviousState :1
D/KeyguardProperties( 1350): isIgnoreNationalRoaming() = false
D/PhoneStatusBar( 1350): HomeCitySettingsDialog available = false, show = false
D/StatusBar-Window( 1350): fnf=true sanc=false, kni=false, sbf=false
D/CoverUI ( 1350): applyFocusableFlag() : Remove SAMSUNG_FLAG_SVIEW_COVER
D/CoverUI ( 1350): applyHeight h = 100, oc = false, ex = false, fa = false, ac = false, sc = false
V/KeyguardUpdateMonitor( 1350): *** unregister callback for com.android.keyguard.KeyguardMessageArea$3@3c4f0de4
V/KeyguardUpdateMonitor( 1350): *** unregister callback for com.android.keyguard.sec.SecKeyguardCircleView$1@263c924d
V/KeyguardUpdateMonitor( 1350): *** unregister callback for com.android.keyguard.sec.SecKeyguardBottomAreaView$2@1b2c6d77
D/KeyguardUnlockEventHandler( 1350): cleanUp()
V/KeyguardUpdateMonitor( 1350): *** unregister callback for com.android.keyguard.sec.KeyguardUnlockView$9@3a7a1376
I/SecAttributionInfoView( 1350): onDetachedFromWindow
V/KeyguardUpdateMonitor( 1350): *** unregister callback for com.android.keyguard.KeyguardSimpleHostView$1@3b0818cb
D/Finsky  (29481): [1] PackageVerificationReceiver.onReceive: Verification requested, id = 125
D/KeyguardUpdateMonitor( 1350): sendKeyguardVisibilityChanged(false)
I/KeyguardEffectViewController( 1350): setKeyguardShowing = false
D/KeyguardEffectViewController( 1350): cleanUp()
D/VisualEffectCircleUnlockEffect( 1350): KeyguardEffectViewNone : cleanUp
D/VisualEffectCircleUnlockEffect( 1350): KeyguardEffectViewNone : cleanUp
D/VisualEffectParticleEffect( 1350): KeyguardEffectViewParticleSpace : cleanUp
D/VisualEffectParticleEffect( 1350): clearEffect
D/VisualEffectParticleEffect( 1350): releaseSound
V/KeyguardUpdateMonitor( 1350): *** unregister callback for com.android.keyguard.sec.effect.KeyguardEffectViewController$2@397dfef4
D/KeyguardEffectViewController( 1350): isFestivalActivated()false
I/KeyguardEffectViewController( 1350): setFestivalKeyguardShowing = false ,:false
D/KeyguardEffectViewController( 1350): isFestivalActivated()false
D/KeyguardViewMediator( 1350): adjustStatusBarLocked: mShowing=false mOccluded=false isSecure=? --> flags=0x0
D/WelcomePage(18126): onPause
V/KeyguardEffectViewController( 1350): *** Keyguard wallpaper service already unbounded
D/PhoneStatusBar( 1350): makeExpandedInvisible: mExpandedVisible=false
D/InputDispatcher(  908): Focus left window: 1350
D/InputDispatcher(  908): Focus entered window: 1649
D/SecContentProvider(  908): query(), uri = 18 selection = isUsbMediaPlayerAvailable
D/CoverManagerWhiteLists(  908): isAllowedToUse : SIGNATURE_MATCH
D/PointerIcon(  908): setMouseIconStyle1 pointerType: 1001 iconType:101 flag:0 pid:908 uid:1000
D/PointerIcon(  908): setMouseCustomIcon IconType is same.101
D/PointerIcon(  908): setHoveringSpenIconStyle1 pointerType: 10001 iconType:1 flag:0 pid:908 uid:1000
D/PointerIcon(  908): setHoveringSpenCustomIcon IconType is same.1
D/InputMethodManagerService(  908): windowGainedFocus mCurrentFocusedUserId - 0 and mSecureKeypadEnabled-false
D/LibSecureUI(  615): svc_notification_cback: 0x03 0x00
D/LibSecureUI(  615): svc_notification_cback-
D/NfcService( 1602): call the applyRouting
I/AudioPolicyManager(  339): stopOutput() output 4, stream 1, session 890
I/AudioPolicyManager(  339): changeRefCount() stream 1, count 1
D/Launcher( 1649): onResume, Launcher: 940543884
D/SettingsProvider(  908): name = kids_home_mode
D/SettingsProvider(  908): edmUri: content://com.sec.knox.provider/RestrictionPolicy3
D/SettingsProvider(  908): projectionArgs: isSettingsChangesAllowed
D/SettingsProvider(  908): selectionArgs: false
D/SettingsProvider(  908): selectionArgs: 10009
D/SecContentProvider(  908): query(), uri = 17 selection = isSettingsChangesAllowed
D/SecNfcJni( 1602): RoutingManager::commitRouting
D/SecNfcJni( 1602): RoutingManager::nfaEeCallback: NFA_EE_UPDATED_EVT
D/SettingsProvider(  908): ret = -1
I/AutoBackupUtil( 5529): cancelAutoBackupAlarm is called. Clear autobackup_alarm. 
D/Launcher.HomeView( 1649): onResume
D/SamsungIME( 2159): showDlgMsgBox : false true true
D/SensorManager( 1350): unregisterListener ::   
D/KeyguardUpdateMonitor( 1350): handleKeyguardVisibilityChanged(0)
D/SamsungIME( 2159): onStartInput: No inputType, No imeOption, isInputViewShown = false, isExtractViewShown = false, isShowInputRequested = false, isConfigChanged = true
D/PanelView( 1350): mClearAll.setVisibility - mIsFullyOpened : false isShade : true mHasNotification : true mIsUpwardFling : false mQsFullyExpanded : false isShadeLocked : false mClearAllVisible : true
D/NfcService( 1602): index : 0
D/NfcService( 1602): index : 1
D/ApplicationPolicy(  908): isStatusBarNotificationAllowedAsUser: packageName = android,userId = -1
V/ApplicationPolicy(  908): isApplicationStateBlocked userId -1 pkgname android
D/MenuAppsGridFragment( 1649): onResume
I/PalmMotion(  908): [PALM] 2014 - SURFACE_MOTION_ENGINE: 1 MOTION_MERGED_MUTE_PAUSE & SURFACE_PALM_TOUCH: 1
I/PalmMotion(  908): [PALM] SURFACE_PALM_SWIPE: 1
D/PalmMotion(  908): [PALM] SETTINGS : [TOUCH: true] [SWEEP: true]
D/PalmMotion(  908): [PALM] ACCEPTED : [default] PALM_CNT : 3, M_TOUCH : 1000.0, M_SWEEP : 100.0, E_SWEEP : 2.0, IGNORE_M_SWEEP : false
D/PhoneStatusBar( 1350): disable: < expand icons alerts system_info back* home* recent* clock search* >
D/VisualEffectParticleEffect( 1350): KeyguardEffectViewParticleSpace : onWindowFocusChanged - false
D/VisualEffectCircleUnlockEffect( 1350): clearEffect
D/VisualEffectCircleUnlockEffect( 1350): cancelAllAnimator
D/VisualEffectCircleUnlockEffect( 1350): clearEffect
D/VisualEffectCircleUnlockEffect( 1350): cancelAllAnimator
I/MultiWindowTrayService(22703): mHomeResumeReceiver : onReceive
I/Sally Service(22703): removeWindow window
D/PanelView( 1350): There is/are notification(s) 
D/PanelView( 1350): There is/are notification(s) 
D/PanelView( 1350): kidsfalse mQsExpansionEnabled:true
D/PanelView( 1350): There is/are notification(s) 
D/PanelView( 1350): kidsfalse mQsExpansionEnabled:true
D/ActivityManager(  908): handle home activity for 0
I/WallpaperManagerService(  908): switchPersonaWallpaper is called for personaId-0
D/KnoxTimeoutHandler(  908): post home show event for user 0
D/WallpaperManagerService(  908):  force update = false; persona id = 0; current user =0; current persona = 0
D/ActivityManager(  908): post active user change for 0 fullscreen true record.isFloatingActivity() false
D/KnoxTimeoutHandler(  908): handleHomeShow for 0 and current 0
D/KnoxTimeoutHandler(  908): postActiveUserChange for user 0
I/KnoxTimeoutHandler(  908): postActiveUserChange, showWhenLocked: false
D/KnoxTimeoutHandler(  908): handleActiveUserChange for user 0
E/EnterpriseSharedDevicePolicy(  908): isSharedDeviceEnabled
I/EnterpriseSharedDevicePolicy(  908): isSharedDeviceEnabled in Service
I/EnterpriseSharedDevicePolicy(  908): Get Result: -1
I/EnterpriseSharedDevicePolicy(  908): status: false
I/KnoxTimeoutHandler(  908): Shared devices show user statefalse
V/UserPresentBroadcastReceiver( 2195): Received Intent { act=android.intent.action.USER_PRESENT flg=0x24000010 cmp=com.google.android.gms/.auth.trustagent.UserPresentBroadcastReceiver }.
I/Timeline( 1649): Timeline: Activity_idle id: android.os.BinderProxy@7dcccc9 time:296547269
D/KnoxNotification( 1350): ----- inflateViews : modified publicViewLocal -----
D/KnoxNotification( 1350): ----- inflateViews : modified KnoxViewLocal -----
D/Receiver_Screen(28772): ACTION_USER_PRESENT
D/PanelView( 1350): There is/are notification(s) 
D/PanelView( 1350): kidsfalse mQsExpansionEnabled:true
D/PanelView( 1350): There is/are notification(s) 
D/PanelView( 1350): kidsfalse mQsExpansionEnabled:true
D/PanelView( 1350): mClearAll.setVisibility - mIsFullyOpened : false isShade : true mHasNotification : true mIsUpwardFling : false mQsFullyExpanded : false isShadeLocked : false mClearAllVisible : true
D/PanelView( 1350): mClearAll.setVisibility - mIsFullyOpened : false isShade : true mHasNotification : true mIsUpwardFling : false mQsFullyExpanded : false isShadeLocked : false mClearAllVisible : true
V/UserPresentBroadcastReceiver( 2195): Received Intent { act=android.intent.action.USER_PRESENT flg=0x24000010 cmp=com.google.android.gms/.auth.trustagent.UserPresentBroadcastReceiver }.
D/Receiver_Screen(28772): ACTION_USER_PRESENT
E/Zygote  (29651): MountEmulatedStorage()
E/Zygote  (29651): v2
I/SELinux (29651): Function: selinux_compare_spd_ram, SPD-policy is existed. and_ver=SEPF_SM-N910F_5.0.1 ver=27
I/SELinux (29651): Function: selinux_compare_spd_ram , priority [2] , priority version is VE=SEPF_SM-N910F_5.1.1_0032
D/PanelView( 1350): mClearAll.setVisibility - mIsFullyOpened : false isShade : true mHasNotification : true mIsUpwardFling : false mQsFullyExpanded : false isShadeLocked : false mClearAllVisible : true
E/Zygote  (29651): accessInfo : 0
E/SELinux (29651): [DEBUG] get_category: variable seinfo: release sensitivity: NULL, cateogry: NULL
D/TimaKeyStoreProvider(29651): TimaSignature is unavailable
D/ActivityThread(29651): Added TimaKeyStore provider
D/Mms/MmsApp(29651): [start]    onCreate() consume time = 0.0
D/Mms/ArtClassLoader(29651): init before art
D/Mms/TelephonyPermission(29651): start operation mode monitor
D/Mms/TelephonyPermission(29651): User ID is null set current User Id
D/Mms/TelephonyPermission(29651): DefaultSmsApp is com.android.mms
D/Mms/TelephonyPermission(29651): isDefault true
D/Mms/MmsApp(29651): onCreate() com.android.mms
D/Mms/MessageUtils(29651): getMessagingSimType() simSlotCount : 1
D/Mms/MmsApp(29651): [start]    initCountryIso consume time = 103.858646
D/Mms/MmsApp(29651): [end]    initCountryIso consume time = 7.138542
D/Mms/MmsConfig(29651): [start]    MmsConfig.init() consume time = 0.699479
D/Mms/MmsConfig(29651): before partial update
D/PanelView( 1350): mClearAll.setVisibility - mIsFullyOpened : false isShade : true mHasNotification : true mIsUpwardFling : false mQsFullyExpanded : false isShadeLocked : false mClearAllVisible : true
D/Mms/MmsConfig(29651): Load Resize quality : 80
D/EasySignUpManager_1.0.2(29651): isAuth is false
D/TP/MmsSmsProvider( 1608): query,matched:2117, calling pid = 29651
D/TP/MmsSmsProvider( 1608): match 2117:Elapsed time : 2.314 ms
D/Mms/ArtClassLoader(29651): init [DONE] art
E/CscParser(29651): mps_code.dat does not exist
E/CscParser(29651): customer_path =/system/csc/customer.xml
E/CscParser(29651): fileName + /system/csc/customer.xml
E/CscParser(29651): mps_code.dat does not exist
E/CscParser(29651): customer_path =/system/csc/customer.xml
E/CscParser(29651): fileName + /system/csc/customer.xml
D/CscParser(29651): getInstance fileName =/system/csc/customer.xml
D/Mms/MmsConfig(29651):  enable multiwindow = true
D/Mms/PackageInfo(29651): isEnabledComponent compomentName=com.android.mms.ui.RcsTransferContent
D/Mms/PackageInfo(29651): isEnabledComponent compomentName=com.android.mms.ui.TmoRcsTransferContent
D/Mms/PackageInfo(29651): isEnabledComponent compomentName=com.android.mms.ui.TransferContent
E/Mms/MessageUtils(29651): setCountryDetector : update country detector info 
E/Mms/MessageUtils(29651): updateCountryIso : update country iso info 
D/Mms/MmsConfig(29651): [end]    init() consume time = 214.637812
D/Mms/Contact(29651): [start]    init() consume time = 1.765938
D/TP/MmsSmsProvider( 1608): query,matched:13, calling pid = 29651
D/TP/MmsSmsProvider( 1608): match 13:Elapsed time : 3.195 ms
D/Mms/Contact(29651): [end]    init consume time = 33.286667
D/Mms/DraftCache(29651): [start]    rebuildCache consume time = 11.642239
D/TP/MmsSmsProvider( 1608): query,matched:12, calling pid = 29651
D/TP/MmsSmsProvider( 1608): match 12:Elapsed time : 2.819 ms
D/Mms/DraftCache(29651): [end]    rebuildCache consume time = 10.242448
D/Mms/MethodReflector(29651): getSubId is called
D/Mms/TelephonyUtils(29651): getSubId from simSlot 0, return Value = 2147483643
D/Mms/MethodReflector(29651): getPhoneId is called
D/Mms/MethodReflector(29651): getDefaultSmsSubId is called
D/Mms/MethodReflector(29651): getPhoneId is called
E/Mms/TelephonyUtils(29651): phoneID is invalid so get DefaultphoneId!!
D/Mms/TelephonyUtils(29651): getphoneId from subid 2147483643, return Value = 0
D/Mms/MethodReflector(29651): getTelephonyProperty is called
D/Mms:transaction(29651): roaming -> false (slotId = 0)
D/Mms:transaction(29651): [NotificationTransaction] getAutoDownloadState simSlot : 0
D/Mms:transaction(29651): auto download without roaming -> true
D/Mms:transaction(29651): [NotificationTransaction] getAutoDownloadState alwaysAuto : false, roaming : false
D/Mms/MethodReflector(29651): getSubId is called
D/Mms/MethodReflector(29651): getDefaultSmsSubId is called
E/Mms/TelephonyUtils(29651): subID is null or 0 length, so get DefaultSubId!!
D/Mms/TelephonyUtils(29651): getSubId from simSlot 1, return Value = 2147483643
D/Mms/MethodReflector(29651): getPhoneId is called
D/Mms/MethodReflector(29651): getDefaultSmsSubId is called
D/Mms/MethodReflector(29651): getPhoneId is called
E/Mms/TelephonyUtils(29651): phoneID is invalid so get DefaultphoneId!!
D/Mms/TelephonyUtils(29651): getphoneId from subid 2147483643, return Value = 0
D/Mms/MethodReflector(29651): getTelephonyProperty is called
D/Mms:transaction(29651): roaming -> false (slotId = 1)
D/Mms:transaction(29651): [NotificationTransaction] getAutoDownloadState simSlot : 1
D/Mms:transaction(29651): auto download without roaming -> true
D/Mms:transaction(29651): [NotificationTransaction] getAutoDownloadState alwaysAutoSecondary : false, roaming : false
D/Mms:transaction(29651): auto download during roaming secondary -> false
D/Mms:transaction(29651): mAutoDownload ------> true
W/msgr(:<default>):QuickExperimentControllerImpl(29573): Exposure of experiment com.facebook.messaging.w.a@e62810c occurred when no user was logged in
W/msgr(:<default>):QuickExperimentControllerImpl(29573): Exposure of experiment com.facebook.zero.a.c@1b54b217 occurred when no user was logged in
D/ComposerPerformance(29651): 1445340598287 ms / [DONE] Composer constructor
E/CII     (29651): CommonIMSInterface: VoLTE CSC feature disabled.
I/Mms/ReservationManager(29651): ReservationManager()
I/Mms/ReservationManager(29651): resetAfterConnected()
D/Mms/Conversation(29651): [start]    init() consume time = 169.768229
D/TP/MmsSmsProvider( 1608): deleteConversation threadId: 9223372036854775807
D/TP/MmsSmsProvider( 1608): delete URI_CONVERSATIONS_MESSAGES affectedRows=0 isIntegrated=false
V/TP/MmsSmsDatabaseHelper( 1608): updateThread(), thread_id = 9223372036854775807
D/TP/MmsSmsProvider( 1608): query,matched:7, calling pid = 29651
V/TP/MmsSmsDatabaseHelper( 1608): sUpgradeVersion = 0, db.getVersion() = 84
E/SQLiteLog( 1608): (284) automatic index on im_threads(normal_thread_id)
E/SQLiteLog( 1608): (284) automatic index on im_threads(normal_thread_id)
E/SQLiteLog( 1608): (284) automatic index on im_threads(normal_thread_id)
E/SQLiteLog( 1608): (284) automatic index on im_threads(normal_thread_id)
E/SQLiteLog( 1608): (284) automatic index on im_threads(normal_thread_id)
E/SQLiteLog( 1608): (284) automatic index on im_threads(normal_thread_id)
V/TP/MmsSmsDatabaseHelper( 1608): updateThread() end, affectedRows = 0
D/TP/MmsSmsProvider( 1608): delete URI_CONVERSATIONS_MESSAGES affectedRows=0
D/TP/MmsSmsProvider( 1608): delete threadId: 9223372036854775807
D/TP/MmsSmsProvider( 1608): need read changed broadcast:false
D/Mms/Conversation(29651): [end]    init consume time = 32.020469
D/Mms/MessagingNotification(29651): [start]    init() consume time = 3.977031
I/art     (  908): Explicit concurrent mark sweep GC freed 94703(5MB) AllocSpace objects, 17(801KB) LOS objects, 28% free, 39MB/55MB, paused 2.280ms total 183.230ms
D/TP/MmsSmsProvider( 1608): match 7:Elapsed time : 127.643 ms
D/Mms/MessagingNotification(29651): [end]    init consume time = 106.508906
I/Mms/ReservationManager(29651): getReservedSendMessageCount(): retMessageCount=0
D/Mms/SpamFilter(29651): [start]    SpamFilter fill() begin consume time = 11.978855
D/TP/MmsSmsProvider( 1608): query,matched:0, calling pid = 29651
V/TP/MmsSmsProvider( 1608): getSimpleConversations entered.
D/TP/MmsSmsProvider( 1608): match 0:Elapsed time : 4.294 ms
D/Mms/MmsApp(29651): [end]    onCreate() consume time = 8.217708
D/Mms/UIEventReceiver(29651): ui event
D/Mms:transaction(29651): Service state changed: Bundle[mParcelledData.dataSize=1216]
D/Mms:transaction(29651): roaming ------> false, mSimSlot = 0
D/TP/MmsSmsProvider( 1608): query,matched:400, calling pid = 29651
D/Mms/MethodReflector(29651): getSubId is called
D/Mms/TelephonyUtils(29651): getSubId from simSlot 0, return Value = 2147483643
D/Mms/MethodReflector(29651): getPhoneId is called
D/Mms/MethodReflector(29651): getDefaultSmsSubId is called
D/Mms/Synchronizer(29651): [start]    doSync consume time = 24.727239
D/GalleryCacheReady(28999): Receive : home resume
D/Mms/MethodReflector(29651): getPhoneId is called
E/Mms/TelephonyUtils(29651): phoneID is invalid so get DefaultphoneId!!
D/Mms/TelephonyUtils(29651): getphoneId from subid 2147483643, return Value = 0
D/Mms/MethodReflector(29651): getTelephonyProperty is called
D/Mms:transaction(29651): roaming -> false (slotId = 0)
D/Mms:transaction(29651): [NotificationTransaction] getAutoDownloadState simSlot : 0
D/Mms:transaction(29651): auto download without roaming -> true
D/Mms:transaction(29651): [NotificationTransaction] getAutoDownloadState alwaysAuto : false, roaming : false
D/Mms:transaction(29651): mAutoDownload ------> true
D/Mms/SpamFilter(29651): [end]    SpamFilter fill() finished consume time = 24.966927
D/TP/MmsSmsProvider( 1608): update, matched:300, calling pid = 29651
V/TP/MmsSmsProvider( 1608): syncDBData start
V/TP/MmsSmsProvider( 1608): syncDBData sms end
V/TP/MmsSmsProvider( 1608): syncDBData mms end
D/BadgeProvider(27792): query, [selection] : package=?
V/TP/MmsSmsProvider( 1608): syncDBData end
D/Mms/Synchronizer(29651): [end]    doSync consume time = 14.922917
D/Mms/MessagingNotification(29651): checkBadgeCount unreadCount=0 badgeCount=0
I/AudioPolicyManager(  339): stopOutput() output 4, stream 1, session 891
I/AudioPolicyManager(  339): changeRefCount() stream 1, count 0
I/AudioPolicyManager(  339): setOutputDevice() setting same device 0000 or null device for output 4
E/Zygote  (29681): MountEmulatedStorage()
E/Zygote  (29681): v2
I/SELinux (29681): Function: selinux_compare_spd_ram, SPD-policy is existed. and_ver=SEPF_SM-N910F_5.0.1 ver=27
I/SELinux (29681): Function: selinux_compare_spd_ram , priority [2] , priority version is VE=SEPF_SM-N910F_5.1.1_0032
E/Zygote  (29681): accessInfo : 0
E/SELinux (29681): [DEBUG] get_category: variable seinfo: shared sensitivity: NULL, cateogry: NULL
I/art     ( 1608): Explicit concurrent mark sweep GC freed 49697(3MB) AllocSpace objects, 0(0B) LOS objects, 53% free, 3MB/7MB, paused 1.408ms total 33.577ms
D/TP/SmsProvider( 1608): query,matched:26, calling pid = 29651
D/TP/SmsProvider( 1608): match 26:Elapsed time : 1.646 ms
D/TimaKeyStoreProvider(29681): TimaSignature is unavailable
D/ActivityThread(29681): Added TimaKeyStore provider
W/msgr(:<default>):QuickExperimentControllerImpl(29573): Exposure of experiment com.facebook.push.mqtt.a.o@29af3771 occurred when no user was logged in
D/TP/MmsSmsProvider( 1608): query,matched:6, calling pid = 29651
D/TP/MmsSmsProvider( 1608): match 6:Elapsed time : 1.362 ms
W/msgr(:<default>):b(29573): Called user scoped provider with no viewer. ViewerContextManager was created with no ViewerContext. Using EmptyViewerContextManager to return fake logged in instance.
E/Zygote  (29701): MountEmulatedStorage()
E/Zygote  (29701): v2
I/SELinux (29701): Function: selinux_compare_spd_ram, SPD-policy is existed. and_ver=SEPF_SM-N910F_5.0.1 ver=27
I/SELinux (29701): Function: selinux_compare_spd_ram , priority [2] , priority version is VE=SEPF_SM-N910F_5.1.1_0032
E/Zygote  (29701): accessInfo : 0
E/SELinux (29701): [DEBUG] get_category: variable seinfo: platform sensitivity: NULL, cateogry: NULL
W/msgr(:<default>):QuickExperimentControllerImpl(29573): Exposure of experiment com.facebook.zero.a.c@1b54b217 occurred when no user was logged in
D/TimaKeyStoreProvider(29701): TimaSignature is unavailable
D/ActivityThread(29701): Added TimaKeyStore provider
D/PushAndAttach(28878): mAssignedMemoMap.size() :0
W/msgr(:<default>):QuickExperimentControllerImpl(29573): Exposure of experiment com.facebook.zero.a.c@1b54b217 occurred when no user was logged in
E/Zygote  (29721): MountEmulatedStorage()
E/Zygote  (29721): v2
I/SELinux (29721): Function: selinux_compare_spd_ram, SPD-policy is existed. and_ver=SEPF_SM-N910F_5.0.1 ver=27
I/SELinux (29721): Function: selinux_compare_spd_ram , priority [2] , priority version is VE=SEPF_SM-N910F_5.1.1_0032
E/Zygote  (29721): accessInfo : 0
E/SELinux (29721): [DEBUG] get_category: variable seinfo: platform sensitivity: NULL, cateogry: NULL
D/TimaKeyStoreProvider(29721): TimaSignature is unavailable
D/ActivityThread(29721): Added TimaKeyStore provider
W/msgr(:<default>):QuickExperimentControllerImpl(29573): Exposure of experiment com.facebook.zero.a.c@1b54b217 occurred when no user was logged in
W/msgr(:<default>):QuickExperimentControllerImpl(29573): Exposure of experiment com.facebook.zero.a.c@1b54b217 occurred when no user was logged in
D/StatusBar.NetworkController( 1350): refreshViews connected={ wifi } level=4 combinedSignalIconId=0x7f020681/com.android.systemui:drawable/stat_sys_wifi_signal_4 mobileLabel=Appels d'urgence uniquement wifiLabel="IHMTEK" emergencyOnly=true combinedLabel="IHMTEK" mAirplaneMode=false mDataActivity=0 mPhoneSignalIconId=0x7f020618/com.android.systemui:drawable/stat_sys_signal_4_auto_rotate mQSPhoneSignalIconId=0x7f0201b1/com.android.systemui:drawable/ic_qs_signal_4 mDataDirectionIconId=0x0/(null) mDataSignalIconId=0x7f020618/com.android.systemui:drawable/stat_sys_signal_4_auto_rotate mDataTypeIconId=0x0/(null) mQSDataTypeIconId=0x0/(null) mNoSimIconId=0x0/(null) mWifiIconId=0x7f020681/com.android.systemui:drawable/stat_sys_wifi_signal_4 mQSWifiIconId=0x7f020365/com.android.systemui:drawable/qs_tile_wifi_signal_4 mWifiActivityIconId=0x7f020649/com.android.systemui:drawable/stat_sys_signal_in mBluetoothTetherIconId=0x7f02065e/com.android.systemui:drawable/stat_sys_tether_bluetooth
D/STATUSBAR-WifiTile( 1350): onWifiSignalChanged enabled=true enabledDesc:"IHMTEK"
D/StatusBar.NetworkController( 1350): refreshNwBoosterIndicator - setNWBoosterIndicators(false)
D/StatusBar.NetworkController( 1350): refreshNwBoosterIndicator - setNWBoosterIndicators(false)
D/StatusBar.NetworkController( 1350): refreshNwBoosterIndicator - setNWBoosterIndicators(false)
D/StatusBar.NetworkController( 1350): refreshNwBoosterIndicator - setNWBoosterIndicators(false)
E/Zygote  (29739): MountEmulatedStorage()
E/Zygote  (29739): v2
I/SELinux (29739): Function: selinux_compare_spd_ram, SPD-policy is existed. and_ver=SEPF_SM-N910F_5.0.1 ver=27
I/SELinux (29739): Function: selinux_compare_spd_ram , priority [2] , priority version is VE=SEPF_SM-N910F_5.1.1_0032
E/Zygote  (29739): accessInfo : 0
E/SELinux (29739): [DEBUG] get_category: variable seinfo: shared sensitivity: NULL, cateogry: NULL
W/msgr(:<default>):QuickExperimentControllerImpl(29573): Exposure of experiment com.facebook.orca.a.r@289fca8e occurred when no user was logged in
D/InputReader(  908): Input event(10): value=1 when=296548567470000
V/Vibrator(  908): Called vibrateImmVibe(int, MagnitudeType) API - PUID: 1000, PackageName: android
V/Vibrator(  908): vibrateImmVibe - PUID: 1000, PackageName: android, type: 14, mag: 6000
D/TimaKeyStoreProvider(29739): TimaSignature is unavailable
D/ActivityThread(29739): Added TimaKeyStore provider
I/OMACP   (29701): [com.wsomacp.XCPApplication(50/onCreate)] CPApplication Start !
V/AudioService(  908): AudioService playSoundEffect Type : 12, volume : -1.0
D/lights  (  908): button : 1 +
V/AudioService(  908): received MSG_PLAY_SOUND_EFFECT onPlaySoundEffect start
D/InputReader(  908): Input event(10): value=0 when=296548616369000
D/AudioTrack(  908): TrackOffload: AudioTrack Offload disabled by property, returning false
I/AudioPolicyManager(  339): getOutputForAttr() device 0x2, samplingRate 48000, format 0, channelMask 1, flags 0
I/AudioPolicyManager(  339): getOutputForAttr() output 4
I/AudioPolicyManager(  339): startOutput() output 4, stream 1, session 892
I/AudioPolicyManager(  339): changeRefCount() stream 1, count 1
I/AudioPolicyManager(  339): setOutputDevice() setting same device 0002 or null device for output 4
D/Mms/Omacp(29651): checkOmacp()  old OmacpCount 0 current OmacpCount = 0
D/PanelView( 1350): mClearAll.setVisibility - mIsFullyOpened : false isShade : true mHasNotification : true mIsUpwardFling : false mQsFullyExpanded : false isShadeLocked : false mClearAllVisible : true
D/lights  (  908): button : 1 -
D/PanelView( 1350): There is/are notification(s) 
D/PhoneStatusBar( 1350): animateCollapse(): mExpandedVisible=false flags=2
D/StatusBar-Window( 1350): fnf=true sanc=false, kni=false, sbf=false
D/CoverUI ( 1350): applyFocusableFlag() : Remove SAMSUNG_FLAG_SVIEW_COVER
D/CoverUI ( 1350): applyHeight h = 100, oc = false, ex = false, fa = false, ac = false, sc = false
I/Sally Service(22703): removeWindow window
I/ActivityManager(  908): do not start freezing screen for locked container getKeyguardshowstate = false
W/msgr(:<default>):QuickExperimentControllerImpl(29573): Exposure of experiment com.facebook.orca.a.c@3d0248a7 occurred when no user was logged in
D/Launcher.HomeView( 1649): onPause
D/Launcher( 1649): Launcher::setSystemUiTransparency(): getSystemUiVisibility() after setting  = 0
I/OMACP   (29701): [com.wsomacp.agent.XCPSystem(120/xcpSystemSetCPFeature)] XCP_FEATURE_MAC_CHECK: false
V/WindowOrientationListener(  908): setCurrentAppOrientation :-1
V/WindowOrientationListener(  908): setCurrentAppOrientation enable auto rotation
V/WindowOrientationListener(  908): mSContextAutoRotationListener.getProposedRotation, mbResultFaceDectection: false
V/WindowOrientationListener(  908): mSContextAutoRotationListener.getProposedRotation, Rotation: -1
V/WindowOrientationListener(  908): mSContextAutoRotationListener.getProposedRotation, mbResultFaceDectection: false
I/OMACP   (29701): [com.wsomacp.agent.XCPSystem(121/xcpSystemSetCPFeature)] XCP_FEATURE_SECURITY: 4369
V/WindowOrientationListener(  908): mSContextAutoRotationListener.getProposedRotation, Rotation: -1
I/OMACP   (29701): [com.wsomacp.agent.XCPSystem(122/xcpSystemSetCPFeature)] XCP_FEATURE_NETWPIN_CHECK: false
I/OMACP   (29701): [com.wsomacp.agent.XCPSystem(123/xcpSystemSetCPFeature)] XCP_FEATURE_MULTI_APN: true
I/OMACP   (29701): [com.wsomacp.agent.XCPSystem(124/xcpSystemSetCPFeature)] XCP_FEATURE_OVERWRITE_BY_APN: false
I/OMACP   (29701): [com.wsomacp.agent.XCPSystem(125/xcpSystemSetCPFeature)] XCP_FEATURE_DELETE_CP_MESSAGE: false
I/OMACP   (29701): [com.wsomacp.agent.XCPSystem(126/xcpSystemSetCPFeature)] XCP_FEATURE_SUPPORT_MYPHONEBOOK: false
I/OMACP   (29701): [com.wsomacp.agent.XCPSystem(127/xcpSystemSetCPFeature)] XCP_FEATURE_SUPPORT_OMADM_BOOTSTRAP: false
I/OMACP   (29701): [com.wsomacp.agent.XCPSystem(128/xcpSystemSetCPFeature)] XCP_FEATURE_BG_INTSATLL_DM_BOOTSTRAP: false
V/ApplicationPolicy(  908): isApplicationStateBlocked userId 0 pkgname com.android.systemui
D/InputDispatcher(  908): Focused application set to: xxxx
D/InputDispatcher(  908): Focus left window: 1649
I/OMACP   (29701): [com.wsomacp.agent.XCPSystem(129/xcpSystemSetCPFeature)] XCP_DEVICETYPE_FEATURE_TABLET : false
D/PointerIcon(  908): setMouseIconStyle1 pointerType: 1001 iconType:101 flag:0 pid:908 uid:1000
D/PointerIcon(  908): setMouseCustomIcon IconType is same.101
D/PointerIcon(  908): setHoveringSpenIconStyle1 pointerType: 10001 iconType:1 flag:0 pid:908 uid:1000
D/PointerIcon(  908): setHoveringSpenCustomIcon IconType is same.1
I/OMACP   (29701): [com.wsomacp.agent.XCPSystem(130/xcpSystemSetCPFeature)] XCP_SUPPORT_DUAL_SIM : false
E/Zygote  (29756): MountEmulatedStorage()
E/Zygote  (29756): v2
I/SELinux (29756): Function: selinux_compare_spd_ram, SPD-policy is existed. and_ver=SEPF_SM-N910F_5.0.1 ver=27
