D/STATUSBAR-QSTileView( 1350): dynamicallyReduceTextSize: 0
D/STATUSBAR-QSTileView( 1350): dynamicallyReduceTextSize: 0
D/STATUSBAR-QSTileView( 1350): dynamicallyReduceTextSize: 0
D/STATUSBAR-QSTileView( 1350): dynamicallyReduceTextSize: 0
D/STATUSBAR-QSTileView( 1350): dynamicallyReduceTextSize: 0
D/OpenGLRenderer(30029): Get maximum texture size. GL_MAX_TEXTURE_SIZE is 16384
D/OpenGLRenderer(30029): Enabling debug mode 0
D/STATUSBAR-QSTileView( 1350): dynamicallyReduceTextSize: 268
D/STATUSBAR-QSTileView( 1350): dynamicallyReduceTextSize: 268
D/STATUSBAR-QSTileView( 1350): dynamicallyCutandReduceTextSize: 268
D/STATUSBAR-QSTileView( 1350): text: Vibreur
D/STATUSBAR-QSTileView( 1350): dynamicallyReduceTextSize: 268
D/STATUSBAR-QSTileView( 1350): dynamicallyReduceTextSize: 268
D/STATUSBAR-QSTileView( 1350): dynamicallyReduceTextSize: 268
D/STATUSBAR-QSTileView( 1350): dynamicallyReduceTextSize: 268
D/STATUSBAR-QSTileView( 1350): dynamicallyReduceTextSize: 268
D/STATUSBAR-QSTileView( 1350): dynamicallyReduceTextSize: 268
D/STATUSBAR-QSTileView( 1350): dynamicallyReduceTextSize: 268
D/STATUSBAR-QSTileView( 1350): dynamicallyReduceTextSize: 0
D/STATUSBAR-QSTileView( 1350): dynamicallyReduceTextSize: 0
D/STATUSBAR-QSTileView( 1350): dynamicallyReduceTextSize: 0
D/STATUSBAR-QSTileView( 1350): dynamicallyReduceTextSize: 0
D/STATUSBAR-QSTileView( 1350): dynamicallyReduceTextSize: 0
D/STATUSBAR-QSTileView( 1350): dynamicallyReduceTextSize: 0
D/STATUSBAR-QSTileView( 1350): dynamicallyReduceTextSize: 0
D/STATUSBAR-QSTileView( 1350): dynamicallyReduceTextSize: 0
D/STATUSBAR-QSTileView( 1350): dynamicallyReduceTextSize: 0
D/STATUSBAR-QSTileView( 1350): dynamicallyReduceTextSize: 0
D/STATUSBAR-QSTileView( 1350): dynamicallyReduceTextSize: 0
I/MultiUserPreferences(22703): commit
W/ResourcesManager(30045): Asset path '/system/framework/minimode.jar' does not exist or contains no resources.
W/ResourcesManager(30045): Asset path '/system/framework/com.google.android.maps.jar' does not exist or contains no resources.
W/ResourcesManager(30045): Asset path '/system/framework/multiwindow.jar' does not exist or contains no resources.
W/ResourcesManager(30045): Asset path '/system/framework/twframework.jar' does not exist or contains no resources.
W/ResourcesManager(30045): Asset path '/system/framework/secvision.jar' does not exist or contains no resources.
W/ResourcesManager(30045): Asset path '/system/framework/imsmanager.jar' does not exist or contains no resources.
I/SurfaceFlinger(  308): id=2214 createSurf (2560x1440),1 flag=4, TurfaceView
D/SecContentProvider2(  908): query(), uri = 15 selection = getLockScreenHiddenItems
V/WindowManager(  908): Adding window Window{36a931d1 u0 d0 SurfaceView} at 5 of 16 (before Window{21853d86 u0 d0 com.IHMTEK.LudoMuse/org.cocos2dx.cpp.AppActivity})
D/CarrierText( 1350): updateCarrierText(): 0
D/CarrierText( 1350): Getting plmn/spn sticky brdcst Appels d'urgence uniquement / 
D/CarrierText( 1350): concatenate : plmn = Appels d'urgence uniquement
D/CarrierText( 1350): concatenate : plmn = Aucune carte SIM, spn = Appels d'urgence uniquement
D/CarrierText( 1350): setText :  displayText = Aucune carte SIM | Appels d'urgence uniquement
D/PanelView( 1350): mClearAll.setVisibility - mIsFullyOpened : false isShade : true mHasNotification : true mIsUpwardFling : false mQsFullyExpanded : false isShadeLocked : false mClearAllVisible : true
D/StatusBar.NetworkController( 1350): refreshViews connected={ wifi } level=4 combinedSignalIconId=0x7f020681/com.android.systemui:drawable/stat_sys_wifi_signal_4 mobileLabel=Appels d'urgence uniquement wifiLabel="IHMTEK" emergencyOnly=true combinedLabel="IHMTEK" mAirplaneMode=false mDataActivity=0 mPhoneSignalIconId=0x7f020618/com.android.systemui:drawable/stat_sys_signal_4_auto_rotate mQSPhoneSignalIconId=0x7f0201b1/com.android.systemui:drawable/ic_qs_signal_4 mDataDirectionIconId=0x0/(null) mDataSignalIconId=0x7f020618/com.android.systemui:drawable/stat_sys_signal_4_auto_rotate mDataTypeIconId=0x0/(null) mQSDataTypeIconId=0x0/(null) mNoSimIconId=0x0/(null) mWifiIconId=0x7f020681/com.android.systemui:drawable/stat_sys_wifi_signal_4 mQSWifiIconId=0x7f020365/com.android.systemui:drawable/qs_tile_wifi_signal_4 mWifiActivityIconId=0x7f02064b/com.android.systemui:drawable/stat_sys_signal_inout mBluetoothTetherIconId=0x7f02065e/com.android.systemui:drawable/stat_sys_tether_bluetooth
D/STATUSBAR-WifiTile( 1350): onWifiSignalChanged enabled=true enabledDesc:"IHMTEK"
D/StatusBar.NetworkController( 1350): refreshNwBoosterIndicator - setNWBoosterIndicators(false)
D/StatusBar.NetworkController( 1350): refreshNwBoosterIndicator - setNWBoosterIndicators(false)
D/StatusBar.NetworkController( 1350): refreshNwBoosterIndicator - setNWBoosterIndicators(false)
D/StatusBar.NetworkController( 1350): refreshNwBoosterIndicator - setNWBoosterIndicators(false)
D/CoverUpdateMonitor( 1350): received broadcast android.intent.action.CONFIGURATION_CHANGED
D/ActivityManager(  908): startService callerProcessName:com.google.android.partnersetup, calleePkgName: com.google.android.partnersetup
D/SecVolumePanel( 1350): updateSliderProgress : progress = -1
D/AudioService(  908): getStreamVolume 3 index 10
V/BroadcastQueue(  908): [backgroundsplit_0] Process cur broadcast BroadcastRecord{14073f80 u0 android.intent.action.PACKAGE_ADDED} DELIVERED for app ProcessRecord{177ec44 30064:com.google.android.partnersetup/u0a18}
D/AudioService(  908): getStreamVolume 3 index 10
D/AudioService(  908): getStreamVolume 3 index 10
D/SecVolumePanel( 1350): updateSliderProgress : progress = -1
D/SecVolumePanel( 1350): updateSliderProgress : progress = -1
D/AudioService(  908): getStreamVolume 3 index 10
D/AudioService(  908): getStreamVolume 2 index 0
D/AudioService(  908): getStreamVolume 2 index 0
D/AudioService(  908): getStreamVolume 5 index 100
D/AudioService(  908): getStreamVolume 5 index 100
D/SecVolumePanel( 1350): updateSliderProgress : progress = -1
D/ActivityManager(  908): startService callerProcessName:com.google.android.partnersetup, calleePkgName: com.google.android.partnersetup
E/ActivityManager(  908): checkUser: useridlist=null, currentuser=0
D/AudioService(  908): getStreamVolume 1 index 0
E/ActivityManager(  908): checkUser: useridlist=null, currentuser=0
E/ActivityManager(  908): checkUser: useridlist=null, currentuser=0
E/ActivityManager(  908): checkUser: useridlist=null, currentuser=0
D/AudioService(  908): getStreamVolume 1 index 0
E/Zygote  (30112): MountEmulatedStorage()
E/Zygote  (30112): v2
I/SELinux (30112): Function: selinux_compare_spd_ram, SPD-policy is existed. and_ver=SEPF_SM-N910F_5.0.1 ver=27
I/SELinux (30112): Function: selinux_compare_spd_ram , priority [2] , priority version is VE=SEPF_SM-N910F_5.1.1_0032
E/Zygote  (30112): accessInfo : 0
E/SELinux (30112): [DEBUG] get_category: variable seinfo: platform sensitivity: NULL, cateogry: NULL
I/libpersona(30112): KNOX_SDCARD checking this for 10020
I/libpersona(30112): KNOX_SDCARD not a persona
I/ActivityManager(  908): Start proc 30112:com.sec.android.service.health/u0a20 for broadcast-4 com.sec.android.service.health/.upgrade.UninstallReceiver
D/cocos2d-x debug info(30029): 
D/cocos2d-x debug info(30029): {
D/cocos2d-x debug info(30029): 	gl.supports_vertex_array_object: true
D/cocos2d-x debug info(30029): 	gl.supports_BGRA8888: false
D/cocos2d-x debug info(30029): 	gl.supports_ATITC: true
D/cocos2d-x debug info(30029): 	gl.supports_S3TC: false
D/cocos2d-x debug info(30029): 	cocos2d.x.version: cocos2d-x-3.8
D/cocos2d-x debug info(30029): 	gl.supports_discard_framebuffer: false
D/cocos2d-x debug info(30029): 	cocos2d.x.compiled_with_profiler: false
D/cocos2d-x debug info(30029): 	gl.supports_PVRTC: false
D/cocos2d-x debug info(30029): 	cocos2d.x.build_type: DEBUG
D/cocos2d-x debug info(30029): 	gl.renderer: Adreno (TM) 420
D/cocos2d-x debug info(30029): 	gl.supports_ETC1: true
D/cocos2d-x debug info(30029): 	cocos2d.x.compiled_with_gl_state_cache: true
D/cocos2d-x debug info(30029): 	gl.version: OpenGL ES 3.1V@104.0 (GIT@I4ea93f0e25)
D/cocos2d-x debug info(30029): 	gl.supports_NPOT: true
D/cocos2d-x debug info(30029): 	gl.max_texture_units: 96
D/cocos2d-x debug info(30029): 	gl.vendor: Qualcomm
D/cocos2d-x debug info(30029): 	gl.max_texture_size: 16384
D/cocos2d-x debug info(30029): }
D/cocos2d-x debug info(30029): 
D/cocos2d-x debug info(30029): 
D/SecKeyguardClockView( 1350): updateCMASText() mOwnerInfo=android.widget.TextView{1c04fe34 I.ED..C. ..S...ID 720,0-720,86 #7f0e03af app:id/keyguard_owner_info}
D/SecKeyguardClockView( 1350): disableNoti = false
D/PanelView( 1350): mClearAll.setVisibility - mIsFullyOpened : false isShade : true mHasNotification : true mIsUpwardFling : false mQsFullyExpanded : false isShadeLocked : false mClearAllVisible : true
I/wpa_supplicant( 1313): CTRL-EVENT-DISCONNECTED bssid=E8.46.98 reason=3 locally_generated=1
I/wpa_supplicant( 1313): wlan0: State: COMPLETED -> DISCONNECTED
I/wpa_supplicant( 1313): CTRL-EVENT-STATE-CHANGE id=0 state=0 BSSID=E8.46.98 SSID=49484D54454B
D/Netd    (  330): Iface wlan0 link up
I/wpa_supplicant( 1313): wlan0: State: DISCONNECTED -> DISCONNECTED
D/Netd    (  330): Iface wlan0 link up
E/WifiStateMachine(  908): WifiStateMachine: Leaving Connected state
D/WifiStateMachine(  908): isPackageRunning - top:org.cocos2dx.cpp.AppActivity
E/WifiConfigStore(  908): saveWifiConfigBSSID Setting BSSID for "IHMTEK"WPA_PSK to any
D/WifiNotificationController(  908): SHOW_NOTI_MESSAGE : 12, visible : false, ssid : "IHMTEK", targetSSID : "IHMTEK", netId : -1, titleType : -1
D/WifiNotificationController(  908): showCaptivePortalSignInNotification with ssid/visible:"IHMTEK"/false
D/CocosPlayClient.cpp(30029): isEnabled = 0
D/CocosPlayClient.cpp(30029): isDemo = 0
D/CocosPlayClient.cpp(30029): isNotifyFileLoadedEnabled = 0
D/Cocos2dxActivity(30029): onWindowFocusChanged() hasFocus=true
D/TimaKeyStoreProvider(30112): TimaSignature is unavailable
D/InputMethodManagerService(  908): windowGainedFocus mCurrentFocusedUserId - 0 and mSecureKeypadEnabled-false
D/ActivityThread(30112): Added TimaKeyStore provider
D/WifiP2pService(  908): InactiveState{ what=143375 }
D/WifiP2pService(  908): P2pEnabledState{ what=143375 }
V/WindowManager(  908): Layouts looping: On entry to LockedInner, mPendingLayoutChanges = 0x1
V/WindowManager(  908): Layouts looping: loop number 4, mPendingLayoutChanges = 0x0
V/WindowManager(  908): Layouts looping: after finishPostLayoutPolicyLw, mPendingLayoutChanges = 0x0
V/WindowManager(  908): Layouts looping: mLayoutNeeded, mPendingLayoutChanges = 0x1
D/CommandListener(  330): Clearing all IP addresses on wlan0
E/ConnectivityService(  908): updateNetworkInfo()
E/ConnectivityService(  908): updateNetworkInfo()
E/WifiConfigStore(  908): saveWifiConfigBSSID Setting BSSID for "IHMTEK"WPA_PSK to any
V/WindowManager(  908): Layouts looping: On entry to LockedInner, mPendingLayoutChanges = 0x1
V/WindowManager(  908): Layouts looping: loop number 5, mPendingLayoutChanges = 0x0
V/WindowManager(  908): Layouts looping: after finishPostLayoutPolicyLw, mPendingLayoutChanges = 0x0
V/WindowManager(  908): Layouts looping: mLayoutNeeded, mPendingLayoutChanges = 0x1
D/ConnectivityService(  908): NetworkAgentInfo [WIFI () - 591] EVENT_NETWORK_INFO_CHANGED, going from CONNECTED to DISCONNECTED, reason = null, [ Transports: WIFI Capabilities: INTERNET&NOT_RESTRICTED&TRUSTED&NOT_VPN LinkUpBandwidth>=1048576Kbps LinkDnBandwidth>=1048576Kbps]
D/ConnectivityService(  908): NetworkAgentInfo [WIFI () - 591] got DISCONNECTED, was satisfying 4
E/WindowManager(  908): Performed 6 layouts in a row. Skipping
I/Timeline(30029): Timeline: Activity_idle id: android.os.BinderProxy@14cb2b51 time:271893010
E/WifiStateMachine(  908): Start Disconnecting Watchdog 86
D/ConnectivityService(  908): setProvNotificationVisibleIntent: E visible=false networkType=1 extraInfo=null
V/NetworkStats(  908): updateIfacesLocked()
V/NetworkStats(  908): performPollLocked(flags=0x1)
D/NtpTrustedTime(  908): currentTimeMillis() cache hit
D/SamsungIME( 2159): onStartInput: No inputType, No imeOption, isInputViewShown = false, isExtractViewShown = false, isShowInputRequested = false, isConfigChanged = false
W/IInputConnectionWrapper( 1649): showStatusIcon on inactive InputConnection
D/NtpTrustedTime(  908): currentTimeMillis() cache hit
V/NetworkStats(  908): performPollLocked() took 5ms
D/PanelView( 1350): There is/are notification(s) 
I/WifiTrafficPoller(  908): evaluateTrafficStatsPolling
W/ResourceType(  908): Failure getting entry for 0x7f07007b (t=6 e=123) (error -75)
E/SPPClientService( 4895): [e] Push Channel Exception : java.net.SocketException: recvfrom failed: ETIMEDOUT (Connection timed out)
E/SPPClientService( 4895): [e] exceptionCaught(). NET_TIMEOUT
V/BroadcastQueue(  908): [backgroundsplit_0] Process cur broadcast BroadcastRecord{14073f80 u0 android.intent.action.PACKAGE_ADDED} DELIVERED for app ProcessRecord{196f3dc2 30112:com.sec.android.service.health/u0a20}
V/NativeCrypto( 1871): Read error: ssl=0xa050a800: I/O error during system call, Connection timed out
V/NativeCrypto( 1871): SSL shutdown failed: ssl=0xa050a800: I/O error during system call, Broken pipe
E/SQLiteLog(30083): (284) automatic index on shooting_modes(title_id)
D/NetworkMonitor/NetworkAgentInfo [WIFI () - 591](  908): ValidatedState{ when=-1ms what=532488 arg1=10015 target=com.android.internal.util.StateMachine$SmHandler }
D/NetworkMonitor/NetworkAgentInfo [WIFI () - 591](  908): DefaultState{ when=-1ms what=532488 arg1=10015 target=com.android.internal.util.StateMachine$SmHandler }
D/NetworkMonitor/NetworkAgentInfo [WIFI () - 591](  908): Forcing reevaluation
D/HS20StateMachine(  908): Broadcast Received: android.net.wifi.STATE_CHANGE
D/NetworkMonitor/NetworkAgentInfo [WIFI () - 591](  908): EvaluatingState{ when=0 what=532486 arg1=2 target=com.android.internal.util.StateMachine$SmHandler }
D/HS20StateMachine(  908): [type: WIFI[] - WIFI, state: DISCONNECTED/DISCONNECTED, reason: (unspecified), extra: <unknown ssid>, roaming: false, failover: false, isAvailable: true, isConnectedToProvisioningNetwork: false]
D/HS20StateMachine(  908): checkifOSUAP  null disconnectedFromSsid"IHMTEK"
D/NetworkMonitor/NetworkAgentInfo [WIFI () - 591](  908): Checking http://connectivitycheck.android.com/generate_204 on <unknown ssid>
D/WifiStateMachine(  908): isPackageRunning - top:org.cocos2dx.cpp.AppActivity
I/System.out(  908): (HTTPLog)-Static: isSBSettingEnabled false
I/CLocInfoService(  908): External Intent Received android.net.wifi.STATE_CHANGE
I/System.out(  908): (HTTPLog)-Static: isSBSettingEnabled false
D/EnterpriseController(  330): netId is 0
D/Netd    (  330): getNetworkForDns: using netid 0 for uid 1000
D/NetworkMonitor/NetworkAgentInfo [WIFI () - 591](  908): Probably not a portal: exception java.net.UnknownHostException: Unable to resolve host "connectivitycheck.android.com": No address associated with hostname
D/NetworkMonitor/NetworkAgentInfo [WIFI () - 591](  908): Validated
D/ActivityManager(  908): startService callerProcessName:com.sec.spp.push, calleePkgName: com.sec.spp.push
D/NetworkMonitor/NetworkAgentInfo [WIFI () - 591](  908): ValidatedState{ when=0 what=532487 target=com.android.internal.util.StateMachine$SmHandler }
D/WIFI_P2P(  908): evalRequest evalRequest  = NetworkRequest [ id=1, legacyType=-1, [ Capabilities: INTERNET&NOT_RESTRICTED&TRUSTED&NOT_VPN] ] n.requested= false
D/NtpTrustedTime(  908): currentTimeMillis() cache hit
D/ConnectivityManager.CallbackHandler( 1350): CM callback handler got msg 524292
D/NtpTrustedTime(  908): currentTimeMillis() cache hit
D/ConnectivityManager.CallbackHandler(25677): CM callback handler got msg 524292
D/ConnectivityService(  908): getAllNetworkState networkCapability  = [ Transports: WIFI Capabilities: WIFI_P2P&NOT_RESTRICTED&TRUSTED&NOT_VPN LinkUpBandwidth>=1048576Kbps LinkDnBandwidth>=1048576Kbps]
D/ConnectivityService(  908): getAllNetworkState networkCapability  = [ Transports: WIFI Capabilities: INTERNET&NOT_RESTRICTED&TRUSTED&NOT_VPN LinkUpBandwidth>=1048576Kbps LinkDnBandwidth>=1048576Kbps]
D/ConnectivityService(  908): notifyType LOST for NetworkAgentInfo [WIFI () - 591]
D/WifiP2pService(  908): InactiveState{ what=143375 }
D/WifiP2pService(  908): P2pEnabledState{ what=143375 }
D/ConnectivityService(  908): Checking for replacement network to handle request NetworkRequest [ id=1, legacyType=-1, [ Capabilities: INTERNET&NOT_RESTRICTED&TRUSTED&NOT_VPN] ]
D/CSLegacyTypeTracker(  908): Removing agent NetworkAgentInfo{ ni{[type: WIFI[] - WIFI, state: DISCONNECTED/DISCONNECTED, reason: (unspecified), extra: <unknown ssid>, roaming: false, failover: false, isAvailable: true, isConnectedToProvisioningNetwork: false]}  network{591}  lp{{InterfaceName: wlan0 LinkAddresses: [192.168.1.19/24,fe80::4a5a:3fff:fe66:388c/64,]  Routes: [fe80::/64 -> :: wlan0,192.168.1.0/24 -> 0.0.0.0 wlan0,0.0.0.0/0 -> 192.168.1.1 wlan0,] DnsAddresses: [192.168.1.1,] Domains: home MTU: 0 TcpBufferSizes: 524288,1048576,4525824,524288,1048576,4525824}}  nc{[ Transports: WIFI Capabilities: INTERNET&NOT_RESTRICTED&TRUSTED&NOT_VPN LinkUpBandwidth>=1048576Kbps LinkDnBandwidth>=1048576Kbps]}  Score{60}  everValidated{true}  lastValidated{true}  created{true}  explicitlySelected{false} }
D/CSLegacyTypeTracker(  908): Sending disconnected broadcast for type 1 NetworkAgentInfo [WIFI () - 591] isDefaultNetwork=false
D/ConnectivityService(  908): sendStickyBroadcast: action=android.net.conn.CONNECTIVITY_CHANGE_IMMEDIATE
D/EntConnectivity(  908): Not allowed due to - mEnabled false - primarySimSlot false
E/SPPClientService( 4895): [e] exceptionCaught(). if case. But because of NoActive signal. ignore.
D/CommandListener(  330): Clearing all IP addresses on wlan0
D/Tethering(  908): MasterInitialState.processMessage what=3
D/WifiNotificationController(  908): SHOW_NOTI_MESSAGE : 12, visible : false, ssid : <unknown ssid>, targetSSID : <unknown ssid>, netId : -1, titleType : -1
D/WifiNotificationController(  908): showCaptivePortalSignInNotification with ssid/visible:<unknown ssid>/false
D/ConnectivityService(  908): sendStickyBroadcast: action=android.net.conn.CONNECTIVITY_CHANGE
D/SmartBondingService(  908): SmartBondingReceiver: onReceive action=android.net.conn.CONNECTIVITY_CHANGE_IMMEDIATE
D/SmartBondingService(  908): EVENT_UPDATE_SB_STATE called / mDisableBySIOP false
D/SmartBondingService(  908): getSBEnabled() enabled =false
D/SmartBondingService(  908): getSBEnabled() enabled =false
D/StatusBar.NetworkController( 1350): EthernetConnected: false
D/StatusBar.NetworkController( 1350): getUpdateDataNetType(): 0
D/StatusBar.NetworkController( 1350): updateDataNetType()
E/SPPClientService( 4895): [b] SharedConstants.WHAT_PUSH_NETWORK_NOT_AVAILABLE
E/SPPClientService( 4895): [b] ResponseMap empty
D/SmartBondingService(  908): getSBEnabled() enabled =false
D/ConnectivityManager(  908): getMobileDataEnabled()+ subId=-1
D/PhoneInterfaceManager( 1608): [PhoneIntfMgr] getDataEnabled: subId=-1 phoneId=-1
E/PhoneInterfaceManager( 1608): [PhoneIntfMgr] getDataEnabled: no phone subId=-1 retVal=false
D/ConnectivityManager(  908): getMobileDataEnabled()- subId=-1 retVal=false
D/NtpTrustedTime(  908): currentTimeMillis() cache hit
D/StatusBar.NetworkController( 1350): Nothing, mRoamingIconId = 0
D/NtpTrustedTime(  908): currentTimeMillis() cache hit
D/NtpTrustedTime(  908): currentTimeMillis() cache hit
D/NtpTrustedTime(  908): currentTimeMillis() cache hit
D/SmartBondingService(  908): getNetworkEnabled : wifi : true mobile : false
D/ConnectivityService(  908): getAllNetworkState networkCapability  = [ Transports: WIFI Capabilities: WIFI_P2P&NOT_RESTRICTED&TRUSTED&NOT_VPN LinkUpBandwidth>=1048576Kbps LinkDnBandwidth>=1048576Kbps]
V/NetworkStats(  908): advisePersistThreshold() given 9223372036854775, clamped to 2097152
D/StatusBar.NetworkController( 1350): updateDataIcon, mDataDirectionIconId = (null) mDataConnected = false
D/StatusBar.NetworkController( 1350): updateTelephonySignalStrength: hasService=true ss=SignalStrength: 20 99 -120 -160 -120 -1 -1 99 2147483647 2147483647 2147483647 -1 2147483647 0x4 gsm|lte
D/StatusBar.NetworkController( 1350): updateTelephonySignalStrength: iconLevel=4
D/StatusBar.NetworkController( 1350): updateTelephonySignalStrength, No signal level. mPhoneSignalIconId = com.android.systemui:drawable/stat_sys_signal_4_auto_rotate mDataSignalIconId = com.android.systemui:drawable/stat_sys_signal_4_auto_rotate mQSPhoneSignalIconId = com.android.systemui:drawable/ic_qs_signal_4 mContentDescriptionPhoneSignal = Signal tlphonique fort
D/EntConnectivity(  908): Not allowed due to - mEnabled false - primarySimSlot false
D/ConnectivityService(  908): nai.networkMonitor.doQuit()
D/NetworkMonitor/NetworkAgentInfo [WIFI () - 591](  908): doQuit - quitNow()
D/ActivityManager(  908): startService callerProcessName:com.sec.spp.push, calleePkgName: com.sec.spp.push
E/ActivityManager(  908): checkUser: useridlist=null, currentuser=0
E/ActivityManager(  908): checkUser: useridlist=null, currentuser=0
E/ActivityManager(  908): checkUser: useridlist=null, currentuser=0
E/ActivityManager(  908): checkUser: useridlist=null, currentuser=0
D/ConnectivityService(  908): setProvNotificationVisibleIntent: E visible=false networkType=0 extraInfo=null
D/Mms/MmsApp(30045): [start]    onCreate() consume time = 0.0
E/Zygote  (30137): MountEmulatedStorage()
E/Zygote  (30137): v2
I/SELinux (30137): Function: selinux_compare_spd_ram, SPD-policy is existed. and_ver=SEPF_SM-N910F_5.0.1 ver=27
I/SELinux (30137): Function: selinux_compare_spd_ram , priority [2] , priority version is VE=SEPF_SM-N910F_5.1.1_0032
E/Zygote  (30137): accessInfo : 0
E/SELinux (30137): [DEBUG] get_category: variable seinfo: platform sensitivity: NULL, cateogry: NULL
E/WifiConfigStore(  908): setLastSelectedConfiguration -1
I/libpersona(30137): KNOX_SDCARD checking this for 10196
I/libpersona(30137): KNOX_SDCARD not a persona
I/ActivityManager(  908): Start proc 30137:com.sec.android.widgetapp.tapandpay/u0a196 for broadcast-4 com.sec.android.widgetapp.tapandpay/.TapandpayAppWidgetProvider
D/WifiP2pService(  908): InactiveState{ what=131204 }
I/ApplicationPolicy(  908): updateDataUsageMap
D/WifiP2pService(  908): P2pEnabledState{ what=131204 }
D/WifiP2pService(  908): sending p2p persistent groups changed broadcast
D/TimaKeyStoreProvider(30137): TimaSignature is unavailable
D/ActivityThread(30137): Added TimaKeyStore provider
I/DBG_FMMDM( 6691): [50.20.150615][Line:648][xdmProtoIsWIFIConnected] WiFi DisConnected
I/DBG_FMMDM( 6691): [50.20.150615][Line:680][xdmProtoIsMobileDataConnected] Mobile Data DisConnected
I/DBG_FMMDM( 6691): [50.20.150615][Line:685][xdmProtoIsMobileDataConnected] Mobile Data Connected : false
I/DBG_FMMDM( 6691): [50.20.150615][Line:407][onReceive] ----------- XEVENT_DM_INIT Data disconnected
D/ConnectivityService(  908): returning getNetworkInfo for network type 1 : [type: WIFI[] - WIFI, state: DISCONNECTED/DISCONNECTED, reason: (unspecified), extra: (none), roaming: false, failover: false, isAvailable: true, isConnectedToProvisioningNetwork: false]
D/ConnectivityService(  908): returning getNetworkInfo for network type 0 : [type: MOBILE[] - MOBILE, state: DISCONNECTED/DISCONNECTED, reason: (unspecified), extra: (none), roaming: false, failover: false, isAvailable: true, isConnectedToProvisioningNetwork: false]
D/NetworkChangeNotifierAutoDetect(18584): Network connectivity changed, type is: 6
I/wpa_supplicant( 1313): P2P: Set prekey state (NONE -> NONE)
I/wpa_supplicant( 1313): P2P: Clear a pre-passphrase (State NONE)
E/WifiConfigStore(  908): setLastSelectedConfiguration -1
D/WifiNative-wlan0(  908): callSECApiInt - ID [53]
E/ConnectivityService(  908): updateNetworkInfo()
I/wpa_supplicant( 1313): [wpa_supplicant_ctrl_iface_process] : DISCONNECT
I/wpa_supplicant( 1313): wlan0: State: DISCONNECTED -> DISCONNECTED
E/WifiStateMachine(  908): skipWifiStateBroadcast:false, LastBroadcastedWifiState:1
D/ActivityManager(  908): startService callerProcessName:com.sec.spp.push, calleePkgName: com.sec.spp.push
D/ConnectivityService(  908): returning getNetworkInfo for network type 1 : [type: WIFI[] - WIFI, state: DISCONNECTED/DISCONNECTED, reason: (unspecified), extra: (none), roaming: false, failover: false, isAvailable: true, isConnectedToProvisioningNetwork: false]
D/WifiP2pService(  908): sending p2p connection changed broadcast: FAILED
D/WifiStateMachine(  908): isPackageRunning - top:org.cocos2dx.cpp.AppActivity
V/BroadcastQueue(  908): [backgroundsplit_2] Process cur broadcast BroadcastRecord{5c0600a u0 android.intent.action.PACKAGE_ADDED} DELIVERED for app ProcessRecord{20f8af4f 4895:com.sec.spp.push/u0a44}
I/ActivityManager(  908): Killing 29188:com.sec.android.app.popupuireceiver/1000 (adj 15): emptyCount ##31
D/STATUSBAR-WifiTile( 1350): onReceive : android.net.wifi.WIFI_STATE_CHANGED
D/STATUSBAR-WifiTile( 1350): Wifi onReceive(1)
D/WifiNative-wlan0(  908): callSECApiBoolean - ID [11]
I/wpa_supplicant( 1313): STOP_PERIODIC_SCAN command
D/STATUSBAR-WifiTile( 1350): getWiFiState : WifiManager.WIFI_STATE=1
D/HotspotTile( 1350): onReceive : android.net.wifi.WIFI_STATE_CHANGED
D/STATUSBAR-QSTileView( 1350): onStateChanged: Wi-Fi
D/HotspotTile( 1350): onReceive : 1, 0
V/BroadcastQueue(  908): [backgroundsplit_1] Process cur broadcast BroadcastRecord{196f39b9 u0 android.intent.action.PACKAGE_ADDED} DELIVERED for app ProcessRecord{296cb6d4 30137:com.sec.android.widgetapp.tapandpay/u0a196}
D/WifiP2pService(  908): sending p2p connection changed broadcast: DISCONNECTED
D/WifiNative-wlan0(  908): callSECApiBoolean - ID [13]
I/wpa_supplicant( 1313): USE_NETWORK : USE_NETWORK ON
E/ConnectivityService(  908): updateNetworkInfo()
D/WifiNative-wlan0(  908): callSECApiVoid - ID [200]
D/SecContentProvider(  908): insert(), uri = 2
D/WifiNetworkAgent(  908): NetworkAgent: NetworkAgent channel lost
D/WifiController(  908): DEFERRED_TOGGLE handled
D/WifiStateMachine(  908): setFccChannel: channel = -1
D/SecContentProvider(  908): insert(), uri = 2
D/WifiController(  908): [FCC]setFccChannel() is called !!!
D/ConnectivityService(  908): returning getNetworkInfo for network type 1 : [type: WIFI[] - WIFI, state: DISCONNECTED/DISCONNECTED, reason: (unspecified), extra: (none), roaming: false, failover: false, isAvailable: true, isConnectedToProvisioningNetwork: false]
D/WifiController(  908): [FCC]Airplane off, setFccChannel(-1)!!!
D/WIFI    (  908): evalRequest evalRequest  = NetworkRequest [ id=1, legacyType=-1, [ Capabilities: INTERNET&NOT_RESTRICTED&TRUSTED&NOT_VPN] ] n.requested= true
D/WifiStateMachine(  908): setFccChannelNative: channel = -1
D/WifiNative-wlan0(  908): callSECApiInt - ID [230]
D/WifiP2pService(  908): P2pDisablingState
D/WifiConfigStore(  908): Loading config and enabling all networks 
D/SecContentProvider(  908): insert(), uri = 2
D/LudoMuseDebug(30029): android.net.wifi.p2p.CONNECTION_STATE_CHANGE
D/LudoMuseDebug(30029): device is not connect to network
D/LudoMuseDebug(30029): Extra infos : 
D/LudoMuseDebug(30029): -> network available = false
D/LudoMuseDebug(30029): -> network connected or connecting = false
D/LudoMuseDebug(30029): -> network is fail over = false
I/WifiConfigStore(  908): "IHMTEK" is a verified password AP: true
E/WifiConfigStore(  908): Not a HS20
D/LudoMuseDebug(30029): -> network is roaming = false
W/FileShare-Server(12013): ServerService.mBroadcastReceiver - onReceive android.net.wifi.p2p.CONNECTION_STATE_CHANGE
D/LudoMuseDebug(30029): android.net.wifi.p2p.STATE_CHANGED
D/LudoMuseDebug(30029): WifiP2P is not enabled !
D/FileShare-Server(12013): ServerService.mBroadcastReceiver - onReceive state = DISCONNECTED
I/FileShare-Server(12013): ServerService.stopFileShareDevice - 
D/WifiP2pService(  908): P2pDisablingState{ what=147458 }
D/WifiP2pService(  908): p2p socket connection lost
D/WifiP2pService(  908): P2pDisabledState
I/WifiConfigStore(  908): "Connectify-me" is a captive portal!
I/WifiConfigStore(  908): authenticated on previous connection
I/WifiConfigStore(  908): "Connectify-me" is a verified password AP: false
E/WifiConfigStore(  908): Not a HS20
D/Mms/TelephonyPermission(30045): start operation mode monitor
D/Mms/TelephonyPermission(30045): User ID is null set current User Id
I/WifiConfigStore(  908): "Livebox-7691" is a verified password AP: true
E/WifiConfigStore(  908): Not a HS20
D/Mms/ArtClassLoader(30045): init before art
D/STATUSBAR-QSTileView( 1350): dynamicallyReduceTextSize: 268
W/ResourcesManager(30045): Asset path '/system/framework/com.google.android.media.effects.jar' does not exist or contains no resources.
W/ResourcesManager(  908): Asset path '/system/framework/sechardware.jar' does not exist or contains no resources.
I/ActivityManager(  908): Displayed Component not be shown by security: +964ms
I/Timeline(  908): Timeline: Activity_windows_visible id: ActivityRecord{3d53937c u0 com.IHMTEK.LudoMuse/org.cocos2dx.cpp.AppActivity t165} time:271893261
D/CustomFrequencyManagerService(  908): releaseDVFSLockLocked : Getting Lock type frm List : DVFS_MIN_LIMIT  frequency : 1958400  uid : 1000  pid : 908  tag : ACTIVITY_RESUME_BOOSTER@9
W/ActivityManager(  908): mDVFSHelper.release()
I/ActivityManager(  908): Killing 28755:com.samsung.android.snote/u0a167 (adj 15): emptyCount ##31
D/WifiNative-wlan0(  908): callSECApiBoolean - ID [11]
I/wpa_supplicant( 1313): STOP_PERIODIC_SCAN command
D/CommandListener(  330): Setting iface cfg
D/CommandListener(  330): Trying to bring up p2p0
I/WifiStateMachine(  908): interwoking works again
D/WifiMonitor(  908): startMonitoring(p2p0) with mConnected = true
I/wpa_supplicant( 1313): wlan0: Setting scan request: 0 sec 0 usec
I/wpa_supplicant( 1313): P2P: Current p2p state = IDLE
I/wpa_supplicant( 1313): wlan0: State: DISCONNECTED -> SCANNING
I/wpa_supplicant( 1313): CTRL-EVENT-STATE-CHANGE id=-1 state=3 BSSID=00.00.00 SSID=
I/wpa_supplicant( 1313): First Scan Start
D/SecContentProvider(  908): insert(), uri = 2
E/WifiConfigStore(  908): setLastSelectedConfiguration -1
D/CustomFrequencyManagerService(  908): acquireDVFSLockLocked : type : DVFS_MIN_LIMIT  frequency : 1958400  uid : 1000  pid : 908  pkgName : ACTIVITY_RESUME_BOOSTER@15
D/WifiP2pService(  908): P2pDisabledState{ what=131203 }
E/WifiStateMachine(  908): skipWifiStateBroadcast:false, LastBroadcastedWifiState:1
D/WifiNative-wlan0(  908): callSECApiBoolean - ID [301]
I/wpa_supplicant( 1313): Scan requested (ret=0) - scan timeout 30 seconds
I/wpa_supplicant( 1313): HOTSPOT20_ENABLE called ON
I/wpa_supplicant( 1313): [set_default_callid]: set_default_callid simnumber = 0,default_callid = 0
E/wpa_supplicant( 1313): getIMSI cannot open /data/misc/radio/kmem: No such file or directory
E/wpa_supplicant( 1313): SIM READ ERROR
I/wpa_supplicant( 1313): [set_default_callid]: set_default_callid simnumber = 0,default_callid = 0
E/wpa_supplicant( 1313): getIMSI cannot open /data/misc/radio/kmem: No such file or directory
E/wpa_supplicant( 1313): SIM READ ERROR
I/wpa_supplicant( 1313): [set_default_callid]: set_default_callid simnumber = 0,default_callid = 0
E/wpa_supplicant( 1313): getIMSI cannot open /data/misc/radio/kmem: No such file or directory
E/wpa_supplicant( 1313): SIM READ ERROR
I/wpa_supplicant( 1313): Blacklist: Clear (all) 
D/WifiP2pService(  908): P2pEnablingState
D/WifiP2pService(  908): P2pEnablingState{ what=147457 }
D/WifiP2pService(  908): P2p socket connection successful
D/WifiP2pService(  908): P2pEnabledState
D/SecContentProvider(  908): insert(), uri = 2
I/wpa_supplicant( 1313): wlan0: Setting scan request: 0 sec 0 usec
E/ConnectivityService(  908): updateNetworkInfo()
I/SurfaceFlinger(  308): id=2211 Removed MudoMuse (8/11)
I/SurfaceFlinger(  308): id=2211 Removed MudoMuse (-2/11)
D/StatusBar.NetworkController( 1350): Nothing, mRoamingIconId = 0
D/StatusBar.NetworkController( 1350): refreshViews connected={ } level=4 combinedSignalIconId=0x7f020618/com.android.systemui:drawable/stat_sys_signal_4_auto_rotate mobileLabel=Appels d'urgence uniquement wifiLabel= emergencyOnly=true combinedLabel=Pas de connexion Internet mAirplaneMode=false mDataActivity=0 mPhoneSignalIconId=0x7f020618/com.android.systemui:drawable/stat_sys_signal_4_auto_rotate mQSPhoneSignalIconId=0x7f0201b1/com.android.systemui:drawable/ic_qs_signal_4 mDataDirectionIconId=0x0/(null) mDataSignalIconId=0x7f020618/com.android.systemui:drawable/stat_sys_signal_4_auto_rotate mDataTypeIconId=0x0/(null) mQSDataTypeIconId=0x0/(null) mNoSimIconId=0x0/(null) mWifiIconId=0x0/(null) mQSWifiIconId=0x0/(null) mWifiActivityIconId=0x7f02064b/com.android.systemui:drawable/stat_sys_signal_inout mBluetoothTetherIconId=0x7f02065e/com.android.systemui:drawable/stat_sys_tether_bluetooth
D/STATUSBAR-WifiTile( 1350): onWifiSignalChanged enabled=false enabledDesc:null
D/WifiDisplayController(  908): Received WIFI_P2P_CONNECTION_CHANGED_ACTION: networkInfo=[type: WIFI_P2P[] - WIFI_P2P, state: DISCONNECTED/DISCONNECTED, reason: (unspecified), extra: (none), roaming: false, failover: false, isAvailable: false, isConnectedToProvisioningNetwork: false]
D/WifiDisplayAdapter(  908): onP2pDisconnected
D/IpRemoteDisplayController(  908): disconnectWfdBridgeServer
D/IpRemoteDisplayController(  908): WfdBridgeServer is already null
D/WifiDisplayController(  908): Received WIFI_P2P_STATE_CHANGED_ACTION: enabled=false
D/WifiP2pService(  908): sending p2p connection changed broadcast: DISCONNECTED
D/WifiDisplayController(  908): updateScanState() mScanRequested = false, mWfdEnabled = false, mDiscoverPeersInProgress = false
D/WifiDisplayController(  908): disconnect
D/WifiDisplayController(  908): updateConnection
D/WifiDisplayController(  908): updateScanState() mScanRequested = false, mWfdEnabled = false, mDiscoverPeersInProgress = false
D/LudoMuseDebug(30029): android.net.wifi.p2p.STATE_CHANGED
D/LudoMuseDebug(30029): WifiP2P is enabled !
D/Launcher.HomeView( 1649): onStop
D/WifiNative-p2p0(  908): p2pGetDeviceAddress
D/WifiNative-p2p0(  908): p2pGetDeviceAddress returning 4a:5a:3f:66:38:8c
D/StatusBar.NetworkController( 1350): refreshNwBoosterIndicator - setNWBoosterIndicators(false)
D/StatusBar.NetworkController( 1350): refreshNwBoosterIndicator - setNWBoosterIndicators(false)
D/StatusBar.NetworkController( 1350): refreshNwBoosterIndicator - setNWBoosterIndicators(false)
D/StatusBar.NetworkController( 1350): refreshNwBoosterIndicator - setNWBoosterIndicators(false)
D/LudoMuseDebug(30029): android.net.wifi.p2p.CONNECTION_STATE_CHANGE
D/LudoMuseDebug(30029): device is not connect to network
D/WifiNative-wlan0(  908): callSECApiInt - ID [53]
D/LudoMuseDebug(30029): Extra infos : 
D/LudoMuseDebug(30029): -> network available = true
D/LudoMuseDebug(30029): -> network connected or connecting = false
D/LudoMuseDebug(30029): -> network is fail over = false
D/LudoMuseDebug(30029): -> network is roaming = false
V/ActivityThread( 1649): updateVisibility : ActivityRecord{235776f7 token=android.os.BinderProxy@7dcccc9 {com.sec.android.app.launcher/com.android.launcher2.Launcher}} show : false
D/WifiP2pService(  908): DeviceAddress: 4a:38:8c
D/LudoMuseDebug(30029): android.net.wifi.p2p.THIS_DEVICE_CHANGED
W/FileShare-Server(12013): ServerService.mBroadcastReceiver - onReceive android.net.wifi.p2p.CONNECTION_STATE_CHANGE
D/FileShare-Server(12013): ServerService.mBroadcastReceiver - onReceive state = DISCONNECTED
I/FileShare-Server(12013): ServerService.stopFileShareDevice - 
E/WifiStateMachine(  908): skipWifiStateBroadcast:false, LastBroadcastedWifiState:3
D/WifiStateMachine(  908): [FCC]Airplane off, setFccChannel(-1)!!!
D/WifiStateMachine(  908): setFccChannelNative: channel = -1
D/WifiNative-wlan0(  908): callSECApiInt - ID [230]
I/wpa_supplicant( 1313): p2p0: CTRL-EVENT-REGDOM-CHANGE init=USER type=COUNTRY alpha2=FR
D/SecContentProvider2(  908): query(), uri = 20 selection = getPromptCredentialsEnabled
D/WifiP2pService(  908): sending p2p persistent groups changed broadcast
D/WifiP2pService(  908): InactiveState
D/WifiP2pService(  908): InactiveState{ what=143376 }
D/WifiP2pService(  908): P2pEnabledState{ what=143376 }
W/ResourcesManager(  908): Asset path '/system/framework/com.google.android.maps.jar' does not exist or contains no resources.
D/STATUSBAR-WifiTile( 1350): onReceive : android.net.wifi.WIFI_STATE_CHANGED
D/STATUSBAR-WifiTile( 1350): Wifi onReceive(3)
W/ResourcesManager(  908): Asset path '/system/framework/twframework.jar' does not exist or contains no resources.
D/STATUSBAR-WifiTile( 1350): getWiFiState : WifiManager.WIFI_STATE=3
D/HotspotTile( 1350): onReceive : android.net.wifi.WIFI_STATE_CHANGED
D/STATUSBAR-QSTileView( 1350): onStateChanged: Wi-Fi
D/HotspotTile( 1350): onReceive : 3, 0
D/STATUSBAR-QSTileView( 1350): dynamicallyReduceTextSize: 268
I/SurfaceFlinger(  308): id=2215 createSurf (2880x2560),-1 flag=20004, ClackSurfac
I/SurfaceFlinger(  308): id=2216 createSurf (1440x5120),-1 flag=20004, ClackSurfac
I/SurfaceFlinger(  308): id=2217 createSurf (2880x2560),-1 flag=20004, ClackSurfac
I/SurfaceFlinger(  308): id=2218 createSurf (1440x5120),-1 flag=20004, ClackSurfac
D/WifiDisplayController(  908): Received WIFI_P2P_STATE_CHANGED_ACTION: enabled=true
D/WifiDisplayController(  908): updateScanState() mScanRequested = false, mWfdEnabled = false, mDiscoverPeersInProgress = false
D/WifiDisplayController(  908): disconnect
D/WifiDisplayController(  908): updateConnection
D/WifiDisplayController(  908): updateScanState() mScanRequested = false, mWfdEnabled = false, mDiscoverPeersInProgress = false
D/ActivityManager(  908): startService callerProcessName:com.facebook.orca, calleePkgName: com.facebook.orca
D/WifiDisplayController(  908): Received WIFI_P2P_CONNECTION_CHANGED_ACTION: networkInfo=[type: WIFI_P2P[] - WIFI_P2P, state: DISCONNECTED/DISCONNECTED, reason: (unspecified), extra: (none), roaming: false, failover: false, isAvailable: true, isConnectedToProvisioningNetwork: false]
D/WifiDisplayAdapter(  908): onP2pDisconnected
D/IpRemoteDisplayController(  908): disconnectWfdBridgeServer
D/IpRemoteDisplayController(  908): WfdBridgeServer is already null
D/WifiDisplayController(  908): Received WIFI_P2P_THIS_DEVICE_CHANGED_ACTION: mThisDevice= Device: Ihmtek (Galaxy Note4)
D/WifiDisplayController(  908):  deviceAddress: 4a:5a:3f:66:38:8c
D/WifiDisplayController(  908):  primary type: 10-0050F204-5
D/WifiDisplayController(  908):  secondary type: null
D/WifiDisplayController(  908):  wps: 0
D/WifiDisplayController(  908):  grpcapab: 0
D/WifiDisplayController(  908):  devcapab: 0
D/WifiDisplayController(  908):  status: 3
D/WifiDisplayController(  908):  wfdInfo: null
D/WifiDisplayController(  908):  groupownerAddress: null
D/WifiDisplayController(  908):  GOdeviceName: null
D/WifiDisplayController(  908):  interfaceAddress: 
D/WifiDisplayController(  908):  SConnectInfo : null
I/WindowManager(  908): Screen frozen for +1s15ms due to Window{3d556ebd u0 d0 Starting com.IHMTEK.LudoMuse}
D/ActivityManager(  908): startService callerProcessName:com.facebook.katana, calleePkgName: com.facebook.katana
D/InputDispatcher(  908): setInputDispatchMode: enabled=1, frozen=0
D/WifiDisplayAdapter(  908): getWifiDisplayStatusLocked: result=WifiDisplayStatus{featureState=1, scanState=0, activeDisplayState=0, activeDisplay=null, displays=[], sessionInfo=WifiDisplaySessionInfo: Client/Owner: Client GroupId:  Passphrase:  SessionId: 0 IP Address: , connectedState=-1, networkQoS=0}
D/WifiDisplayAdapter(  908): getWifiDisplayStatusLocked: result=WifiDisplayStatus{featureState=2, scanState=0, activeDisplayState=0, activeDisplay=null, displays=[], sessionInfo=WifiDisplaySessionInfo: Client/Owner: Client GroupId:  Passphrase:  SessionId: 0 IP Address: , connectedState=-1, networkQoS=0}
D/AllShareCastTile( 1350): action: android.hardware.display.action.WIFI_DISPLAY_STATUS_CHANGED
D/WifiDisplayAdapter(  908): getWifiDisplayStatusLocked: result=WifiDisplayStatus{featureState=2, scanState=0, activeDisplayState=0, activeDisplay=null, displays=[], sessionInfo=WifiDisplaySessionInfo: Client/Owner: Client GroupId:  Passphrase:  SessionId: 0 IP Address: , connectedState=-1, networkQoS=0}
D/AllShareCastTile( 1350): wifi display status changed! scanstate : 0, ActiveDisplayState : 0
D/AllShareCastTile( 1350): action: android.hardware.display.action.WIFI_DISPLAY_STATUS_CHANGED
D/WifiDisplayAdapter(  908): getWifiDisplayStatusLocked: result=WifiDisplayStatus{featureState=2, scanState=0, activeDisplayState=0, activeDisplay=null, displays=[], sessionInfo=WifiDisplaySessionInfo: Client/Owner: Client GroupId:  Passphrase:  SessionId: 0 IP Address: , connectedState=-1, networkQoS=0}
D/AllShareCastTile( 1350): wifi display status changed! scanstate : 0, ActiveDisplayState : 0
D/Launcher( 1649): onTrimMemory. Level: 20
D/Mms/TelephonyPermission(30045): DefaultSmsApp is com.android.mms
D/Mms/TelephonyPermission(30045): isDefault true
D/Mms/MmsApp(30045): onCreate() com.android.mms
D/ActivityManager(  908): startService callerProcessName:com.facebook.appmanager, calleePkgName: com.facebook.appmanager
W/ResourcesManager(  908): Asset path '/system/framework/SmpsManager.jar' does not exist or contains no resources.
E/SPPClientService( 4895): [[PushClientService]] F:false, D:false, E:false, T:false, S:true, R:false
E/ActivityManager(  908): checkUser: useridlist=null, currentuser=0
E/ActivityManager(  908): checkUser: useridlist=null, currentuser=0
E/ActivityManager(  908): checkUser: useridlist=null, currentuser=0
E/ActivityManager(  908): checkUser: useridlist=null, currentuser=0
E/Zygote  (30154): MountEmulatedStorage()
E/Zygote  (30154): v2
I/SELinux (30154): Function: selinux_compare_spd_ram, SPD-policy is existed. and_ver=SEPF_SM-N910F_5.0.1 ver=27
I/SELinux (30154): Function: selinux_compare_spd_ram , priority [2] , priority version is VE=SEPF_SM-N910F_5.1.1_0032
E/Zygote  (30154): accessInfo : 0
E/SELinux (30154): [DEBUG] get_category: variable seinfo: samsung sensitivity: NULL, cateogry: NULL
I/libpersona(30154): KNOX_SDCARD checking this for 10044
I/libpersona(30154): KNOX_SDCARD not a persona
I/ActivityManager(  908): Start proc 30154:com.sec.spp.push:RemoteNotiProcess/u0a44 for broadcast-4 com.sec.spp.push/.notisvc.registration.PackageChangeEventReceiver
I/TapandpayWidget:TapandpayAppWidgetProvider(30137): onReceive()
D/TapandpayWidget:TapandpayAppWidgetProvider(30137): onReceive() - action : android.intent.action.PACKAGE_ADDED / mCurIndex :-10
D/com.sec.android.service.health.upgrade.UninstallReceiver(30112): onReceive()
I/com.sec.android.service.health.upgrade.UninstallReceiver(30112): onReceive called  PACKAGE_ADDED package:com.IHMTEK.LudoMuse
D/com.sec.android.service.health.upgrade.UninstallReceiver(30112): onReceive() : package name is not s health. Return !!!
D/SecWifiDisplayUtil(30045): Metadata value : none
E/ActivityManager(  908): checkUser: useridlist=null, currentuser=0
D/TimaKeyStoreProvider(30154): TimaSignature is unavailable
D/ActivityThread(30154): Added TimaKeyStore provider
D/StatusBar.NetworkController( 1350): Nothing, mRoamingIconId = 0
E/Zygote  (30170): MountEmulatedStorage()
D/StatusBar.NetworkController( 1350): refreshViews connected={ } level=4 combinedSignalIconId=0x7f020618/com.android.systemui:drawable/stat_sys_signal_4_auto_rotate mobileLabel=Appels d'urgence uniquement wifiLabel= emergencyOnly=true combinedLabel=Pas de connexion Internet mAirplaneMode=false mDataActivity=0 mPhoneSignalIconId=0x7f020618/com.android.systemui:drawable/stat_sys_signal_4_auto_rotate mQSPhoneSignalIconId=0x7f0201b1/com.android.systemui:drawable/ic_qs_signal_4 mDataDirectionIconId=0x0/(null) mDataSignalIconId=0x7f020618/com.android.systemui:drawable/stat_sys_signal_4_auto_rotate mDataTypeIconId=0x0/(null) mQSDataTypeIconId=0x0/(null) mNoSimIconId=0x0/(null) mWifiIconId=0x7f020675/com.android.systemui:drawable/stat_sys_wifi_signal_0 mQSWifiIconId=0x7f0201cf/com.android.systemui:drawable/ic_qs_wifi_no_network mWifiActivityIconId=0x7f02064b/com.android.systemui:drawable/stat_sys_signal_inout mBluetoothTetherIconId=0x7f02065e/com.android.systemui:drawable/stat_sys_tether_bluetooth
E/Zygote  (30170): v2
D/STATUSBAR-WifiTile( 1350): onWifiSignalChanged enabled=true enabledDesc:null
E/ActivityManager(  908): checkUser: useridlist=null, currentuser=0
E/ActivityManager(  908): checkUser: useridlist=null, currentuser=0
E/ActivityManager(  908): checkUser: useridlist=null, currentuser=0
I/libpersona(30170): KNOX_SDCARD checking this for 1000
I/libpersona(30170): KNOX_SDCARD not a persona
I/SELinux (30170): Function: selinux_compare_spd_ram, SPD-policy is existed. and_ver=SEPF_SM-N910F_5.0.1 ver=27
I/SELinux (30170): Function: selinux_compare_spd_ram , priority [2] , priority version is VE=SEPF_SM-N910F_5.1.1_0032
E/Zygote  (30170): accessInfo : 0
E/SELinux (30170): [DEBUG] get_category: variable seinfo: platform sensitivity: NULL, cateogry: NULL
I/ActivityManager(  908): Start proc 30170:com.sec.pcw.device/1000 for broadcast-4 com.sec.pcw.device/.receiver.SYSTEMReceiver
D/StatusBar.NetworkController( 1350): refreshNwBoosterIndicator - setNWBoosterIndicators(false)
D/StatusBar.NetworkController( 1350): refreshNwBoosterIndicator - setNWBoosterIndicators(false)
D/StatusBar.NetworkController( 1350): refreshNwBoosterIndicator - setNWBoosterIndicators(false)
I/art     (  367): Explicit concurrent mark sweep GC freed 8728(371KB) AllocSpace objects, 0(0B) LOS objects, 72% free, 1529KB/5MB, paused 283us total 10.641ms
D/StatusBar.NetworkController( 1350): refreshNwBoosterIndicator - setNWBoosterIndicators(false)
I/art     (  367): Explicit concurrent mark sweep GC freed 5(160B) AllocSpace objects, 0(0B) LOS objects, 72% free, 1529KB/5MB, paused 187us total 5.533ms
I/art     (  367): Explicit concurrent mark sweep GC freed 5(160B) AllocSpace objects, 0(0B) LOS objects, 72% free, 1529KB/5MB, paused 189us total 6.654ms
D/TimaKeyStoreProvider(30170): TimaSignature is unavailable
D/ActivityThread(30170): Added TimaKeyStore provider
V/BroadcastQueue(  908): [backgroundsplit_2] Process cur broadcast BroadcastRecord{5c0600a u0 android.intent.action.PACKAG