D/HotspotProvider(30363): inside  query methodcontent://com.samsung.passpoint/hotspot_preferredroaming_partnerlist
D/HotspotProvider(30363): PREFERRED_ROAMING
D/HotspotProvider(30363): No prepend tags
D/HotspotDBHandler(  908): getPreferredRoamingPartnerInfo: Corresponding entry doesnt exist
D/HotspotProvider(30363): inside  query methodcontent://com.samsung.passpoint/hotspot_tupple
D/HotspotProvider(30363): TUPPLE
D/HotspotProvider(30363): No prepend tags
D/HotspotDBHandler(  908): getProtoPortTupple: Corresponding entry doesnt exist
D/HotspotProvider(30363): inside  query methodcontent://com.samsung.passpoint/hotspot_policy_subsription_update
D/HotspotProvider(30363): POLICY_SUBSCRIPTION_UPDATE
D/HotspotProvider(30363): No prepend tags
D/HotspotDBHandler(  908): getPolicyUpdateInfo: Corresponding entry doesnt exist
D/HotspotProvider(30363): inside  query methodcontent://com.samsung.passpoint/hotspot_spexclusion_list
D/HotspotProvider(30363): SPEXCLUSION_LIST
D/HotspotProvider(30363): No prepend tags
D/HotspotDBHandler(  908): getSPExclusionList: Corresponding entry doesnt exist
D/HotspotProvider(30363): inside  query methodcontent://com.samsung.passpoint/hotspot
D/HotspotProvider(30363): HOTSPOT
D/HotspotProvider(30363): No prepend tags
D/HotspotDBHandler(  908): getRemediationInfo
D/HotspotProvider(30363): inside  query methodcontent://com.samsung.passpoint/hotspot
D/HotspotProvider(30363): HOTSPOT
D/HotspotProvider(30363): No prepend tags
D/HotspotProvider(30363): inside  query methodcontent://com.samsung.passpoint/hotspot_policy_subsription_update
D/HotspotProvider(30363): POLICY_SUBSCRIPTION_UPDATE
D/HotspotProvider(30363): No prepend tags
D/HotspotDBHandler(  908): getSubscriptionUpdateInfo: Corresponding entry doesnt exist
D/WifiNative-wlan0(  908): callSECApiInt - ID [307]
D/WifiNative-wlan0(  908): callSECApiVoid - ID [310]
I/wpa_supplicant( 1313): wlan0: CRED-ADDED 389
I/HS20StateMachine(  908): credID returend from supplicant
I/HS20StateMachine(  908): credential ID 389
D/WifiNative-wlan0(  908): callSECApiString - ID [309]
I/wpa_supplicant( 1313): wlan0: CRED-MODIFIED 389 id
I/HS20StateMachine(  908): usernamePasswordObj is not nullnull
D/WifiNative-wlan0(  908): callSECApiString - ID [309]
I/wpa_supplicant( 1313): wlan0: CRED-MODIFIED 389 realm
I/wpa_supplicant( 1313): Blacklist: Clear (all) 
D/WifiNative-wlan0(  908): callSECApiString - ID [309]
I/wpa_supplicant( 1313): [set_default_callid]: set_default_callid simnumber = 0,default_callid = 0
E/wpa_supplicant( 1313): getIMSI cannot open /data/misc/radio/kmem: No such file or directory
E/wpa_supplicant( 1313): SIM READ ERROR
I/wpa_supplicant( 1313): wlan0: CRED-MODIFIED 389 imsi
I/wpa_supplicant( 1313): Blacklist: Clear (all) 
D/WifiNative-wlan0(  908): callSECApiString - ID [309]
I/wpa_supplicant( 1313): wlan0: CRED-MODIFIED 389 update_identifier
D/WifiNative-wlan0(  908): callSECApiString - ID [309]
I/wpa_supplicant( 1313): wlan0: CRED-MODIFIED 389 domain
D/WifiNative-wlan0(  908): callSECApiString - ID [309]
I/wpa_supplicant( 1313): wlan0: CRED-MODIFIED 389 max_bss_load
D/WifiNative-wlan0(  908): callSECApiString - ID [309]
I/wpa_supplicant( 1313): wlan0: CRED-MODIFIED 389 country
D/WifiNative-wlan0(  908): callSECApiString - ID [309]
I/wpa_supplicant( 1313): wlan0: CRED-MODIFIED 389 temporary
D/WifiNative-wlan0(  908): callSECApiString - ID [309]
I/wpa_supplicant( 1313): wlan0: CRED-MODIFIED 389 priority
D/HotspotDBHandler(  908): setCredentials:credentialType-1credentialID389methodType-1old_cred_id386
D/HotspotProvider(30363): inside  query methodcontent://com.samsung.passpoint/hotspot_credentials
D/HotspotProvider(30363): CREDENTIAL
D/HotspotProvider(30363): No prepend tags
D/HotspotDBHandler(  908): getHotspotId: Hotspot ID1
D/HotspotProvider(30363): Inside  update methodcontent://com.samsung.passpoint/hotspot_credentials
D/HotspotProvider(30363): CREDENTIAL
D/HotspotDBHandler(  908): setCredentials: Updation of credential info successful.status:1
D/HotspotDBHandler(  908): setUserPriority credid: 389 userPriority:389
D/HotspotProvider(30363): inside  query methodcontent://com.samsung.passpoint/hotspot_credentials
D/HotspotProvider(30363): CREDENTIAL
D/HotspotProvider(30363): No prepend tags
D/HotspotDBHandler(  908): getHotspotId: Hotspot ID1
D/HotspotProvider(30363): Inside  update methodcontent://com.samsung.passpoint/hotspot
D/HotspotProvider(30363): HOTSPOT
D/HS20StateMachine(  908): new_credential_id 389
D/HotspotDBHandler(  908): getcredentialInfo: Check for one more time
D/HotspotProvider(30363): inside  query methodcontent://com.samsung.passpoint/hotspot_credentials
D/HotspotProvider(30363): CREDENTIAL
D/HotspotProvider(30363): No prepend tags
D/HotspotDBHandler(  908): getHotspotId: Hotspot ID1
D/HotspotProvider(30363): inside  query methodcontent://com.samsung.passpoint/hotspot_credentials
D/HotspotProvider(30363): CREDENTIAL
D/HotspotProvider(30363): No prepend tags
D/HS20StateMachine(  908):  updateExpirationTimerForThisCredential new credential_id 389creation 2015-10-06T20:27:47Zexpiration null
I/HS20StateMachine(  908): came to save config
D/HotspotDBHandler(  908): getMethodType
D/HotspotProvider(30363): inside  query methodcontent://com.samsung.passpoint/hotspot_credentials
D/HotspotProvider(30363): CREDENTIAL
D/HotspotProvider(30363): No prepend tags
E/Zygote  (30535): MountEmulatedStorage()
E/Zygote  (30535): v2
I/SELinux (30535): Function: selinux_compare_spd_ram, SPD-policy is existed. and_ver=SEPF_SM-N910F_5.0.1 ver=27
I/SELinux (30535): Function: selinux_compare_spd_ram , priority [2] , priority version is VE=SEPF_SM-N910F_5.1.1_0032
E/Zygote  (30535): accessInfo : 0
E/SELinux (30535): [DEBUG] get_category: variable seinfo: platform sensitivity: NULL, cateogry: NULL
D/HS20StateMachine(  908): credential_id 387method_type2
D/HotspotDBHandler(  908): getPPSMONode
D/HotspotProvider(30363): inside  query methodcontent://com.samsung.passpoint/hotspot_credentials
D/HotspotProvider(30363): CREDENTIAL
D/HotspotProvider(30363): No prepend tags
D/HotspotDBHandler(  908): getHotspotId: Hotspot ID2
D/HotspotProvider(30363): inside  query methodcontent://com.samsung.passpoint/hotspot
D/HotspotProvider(30363): HOTSPOT
D/HotspotProvider(30363): No prepend tags
D/HotspotDBHandler(  908): getPpsMoID
D/HotspotProvider(30363): inside  query methodcontent://com.samsung.passpoint/hotspot_fqdn
D/HotspotProvider(30363): FQDN
D/HotspotProvider(30363): No prepend tags
D/TimaKeyStoreProvider(30535): TimaSignature is unavailable
D/HotspotProvider(30363): inside  query methodcontent://com.samsung.passpoint/hotspot_fqdn
D/ActivityThread(30535): Added TimaKeyStore provider
D/HotspotProvider(30363): FQDN
D/HotspotProvider(30363): No prepend tags
D/HotspotProvider(30363): inside  query methodcontent://com.samsung.passpoint/hotspot_aaaserver_trustroot
D/HotspotProvider(30363): AAASERVER_TRUST_ROOT
D/HotspotProvider(30363): No prepend tags
D/HotspotDBHandler(  908): getAAATrustRoot: Corresponding entry doesnt exist
D/HotspotProvider(30363): inside  query methodcontent://com.samsung.passpoint/hotspot_credentials
D/HotspotProvider(30363): CREDENTIAL
D/HotspotProvider(30363): No prepend tags
D/HotspotDBHandler(  908): getHomeSPInfo
D/HotspotProvider(30363): inside  query methodcontent://com.samsung.passpoint/hotspot
D/HotspotProvider(30363): HOTSPOT
D/HotspotProvider(30363): No prepend tags
D/HotspotDBHandler(  908): getHomeOInfo
D/HotspotProvider(30363): inside  query methodcontent://com.samsung.passpoint/hotspot_homeoilist
D/HotspotProvider(30363): HOMEOILIST
D/HotspotProvider(30363): No prepend tags
D/HotspotDBHandler(  908): getHomeOInfo :Corresponding entry doesnt exist
D/HotspotDBHandler(  908): getNetworkIDInfo
D/HotspotProvider(30363): inside  query methodcontent://com.samsung.passpoint/hotspot_homesp_network
D/HotspotProvider(30363): HOMESP_NETWORK
D/HotspotProvider(30363): No prepend tags
D/HotspotDBHandler(  908): getNetworkIDInfo: Corresponding entry doesnt exist
D/HotspotDBHandler(  908): getOtherHomePartner
D/HotspotProvider(30363): inside  query methodcontent://com.samsung.passpoint/hotspot_otherhome_partner
D/HotspotProvider(30363): HOMESP_OTHERHOME_PARTNER
D/HotspotProvider(30363): No prepend tags
D/HotspotDBHandler(  908): getOtherHomePartner: Corresponding entry doesnt exist
D/HotspotProvider(30363): inside  query methodcontent://com.samsung.passpoint/hotspot
D/HotspotProvider(30363): HOTSPOT
D/HotspotProvider(30363): No prepend tags
D/HotspotProvider(30363): inside  query methodcontent://com.samsung.passpoint/hostspot_backhaul_bandwidth_threshold
D/HotspotProvider(30363): BACKHAUL_THRESHOLD
D/HotspotProvider(30363): No prepend tags
D/HotspotDBHandler(  908): getMinBackHaulThresholdInfo: Corresponding entry doesnt exist
D/HotspotProvider(30363): inside  query methodcontent://com.samsung.passpoint/hotspot_preferredroaming_partnerlist
D/HotspotProvider(30363): PREFERRED_ROAMING
D/HotspotProvider(30363): No prepend tags
D/HotspotDBHandler(  908): getPreferredRoamingPartnerInfo: Corresponding entry doesnt exist
D/HotspotProvider(30363): inside  query methodcontent://com.samsung.passpoint/hotspot_tupple
D/HotspotProvider(30363): TUPPLE
D/HotspotProvider(30363): No prepend tags
D/HotspotDBHandler(  908): getProtoPortTupple: Corresponding entry doesnt exist
D/HotspotProvider(30363): inside  query methodcontent://com.samsung.passpoint/hotspot_policy_subsription_update
D/HotspotProvider(30363): POLICY_SUBSCRIPTION_UPDATE
D/HotspotProvider(30363): No prepend tags
D/HotspotDBHandler(  908): getPolicyUpdateInfo: Corresponding entry doesnt exist
D/HotspotProvider(30363): inside  query methodcontent://com.samsung.passpoint/hotspot_spexclusion_list
D/HotspotProvider(30363): SPEXCLUSION_LIST
D/HotspotProvider(30363): No prepend tags
D/HotspotDBHandler(  908): getSPExclusionList: Corresponding entry doesnt exist
D/HotspotProvider(30363): inside  query methodcontent://com.samsung.passpoint/hotspot
D/HotspotProvider(30363): HOTSPOT
D/HotspotProvider(30363): No prepend tags
D/HotspotDBHandler(  908): getRemediationInfo
D/HotspotProvider(30363): inside  query methodcontent://com.samsung.passpoint/hotspot
D/HotspotProvider(30363): HOTSPOT
D/HotspotProvider(30363): No prepend tags
D/HotspotProvider(30363): inside  query methodcontent://com.samsung.passpoint/hotspot_policy_subsription_update
D/HotspotProvider(30363): POLICY_SUBSCRIPTION_UPDATE
D/HotspotProvider(30363): No prepend tags
D/HotspotDBHandler(  908): getSubscriptionUpdateInfo: Corresponding entry doesnt exist
D/WifiNative-wlan0(  908): callSECApiInt - ID [307]
I/wpa_supplicant( 1313): wlan0: CRED-REMOVED 387
D/HotspotDBHandler(  908): getPPSMONode
D/HotspotProvider(30363): inside  query methodcontent://com.samsung.passpoint/hotspot_credentials
D/HotspotProvider(30363): CREDENTIAL
D/HotspotProvider(30363): No prepend tags
D/HotspotDBHandler(  908): getHotspotId: Hotspot ID2
D/HotspotProvider(30363): inside  query methodcontent://com.samsung.passpoint/hotspot
D/HotspotProvider(30363): HOTSPOT
D/HotspotProvider(30363): No prepend tags
D/HotspotDBHandler(  908): getPpsMoID
D/HotspotProvider(30363): inside  query methodcontent://com.samsung.passpoint/hotspot_fqdn
D/HotspotProvider(30363): FQDN
D/HotspotProvider(30363): No prepend tags
D/HotspotProvider(30363): inside  query methodcontent://com.samsung.passpoint/hotspot_fqdn
D/HotspotProvider(30363): FQDN
D/HotspotProvider(30363): No prepend tags
E/FilterPackageIntentReceiver(16886): This package is not a effect filter
D/HotspotProvider(30363): inside  query methodcontent://com.samsung.passpoint/hotspot_aaaserver_trustroot
D/HotspotProvider(30363): AAASERVER_TRUST_ROOT
D/HotspotProvider(30363): No prepend tags
D/HotspotDBHandler(  908): getAAATrustRoot: Corresponding entry doesnt exist
D/HotspotProvider(30363): inside  query methodcontent://com.samsung.passpoint/hotspot_credentials
D/HotspotProvider(30363): CREDENTIAL
D/HotspotProvider(30363): No prepend tags
D/HotspotDBHandler(  908): getHomeSPInfo
D/HotspotProvider(30363): inside  query methodcontent://com.samsung.passpoint/hotspot
D/HotspotProvider(30363): HOTSPOT
D/HotspotProvider(30363): No prepend tags
D/HotspotDBHandler(  908): getHomeOInfo
D/HotspotProvider(30363): inside  query methodcontent://com.samsung.passpoint/hotspot_homeoilist
D/HotspotProvider(30363): HOMEOILIST
D/HotspotProvider(30363): No prepend tags
D/HotspotDBHandler(  908): getHomeOInfo :Corresponding entry doesnt exist
D/HotspotDBHandler(  908): getNetworkIDInfo
D/HotspotProvider(30363): inside  query methodcontent://com.samsung.passpoint/hotspot_homesp_network
D/HotspotProvider(30363): HOMESP_NETWORK
D/HotspotProvider(30363): No prepend tags
D/HotspotDBHandler(  908): getNetworkIDInfo: Corresponding entry doesnt exist
D/HotspotDBHandler(  908): getOtherHomePartner
D/HotspotProvider(30363): inside  query methodcontent://com.samsung.passpoint/hotspot_otherhome_partner
D/HotspotProvider(30363): HOMESP_OTHERHOME_PARTNER
D/HotspotProvider(30363): No prepend tags
D/HotspotDBHandler(  908): getOtherHomePartner: Corresponding entry doesnt exist
D/HotspotProvider(30363): inside  query methodcontent://com.samsung.passpoint/hotspot
D/HotspotProvider(30363): HOTSPOT
D/HotspotProvider(30363): No prepend tags
D/HotspotProvider(30363): inside  query methodcontent://com.samsung.passpoint/hostspot_backhaul_bandwidth_threshold
D/HotspotProvider(30363): BACKHAUL_THRESHOLD
D/HotspotProvider(30363): No prepend tags
D/HotspotDBHandler(  908): getMinBackHaulThresholdInfo: Corresponding entry doesnt exist
D/HotspotProvider(30363): inside  query methodcontent://com.samsung.passpoint/hotspot_preferredroaming_partnerlist
D/HotspotProvider(30363): PREFERRED_ROAMING
D/HotspotProvider(30363): No prepend tags
D/HotspotDBHandler(  908): getPreferredRoamingPartnerInfo: Corresponding entry doesnt exist
D/HotspotProvider(30363): inside  query methodcontent://com.samsung.passpoint/hotspot_tupple
D/HotspotProvider(30363): TUPPLE
D/HotspotProvider(30363): No prepend tags
D/HotspotDBHandler(  908): getProtoPortTupple: Corresponding entry doesnt exist
D/HotspotProvider(30363): inside  query methodcontent://com.samsung.passpoint/hotspot_policy_subsription_update
D/HotspotProvider(30363): POLICY_SUBSCRIPTION_UPDATE
D/HotspotProvider(30363): No prepend tags
D/HotspotDBHandler(  908): getPolicyUpdateInfo: Corresponding entry doesnt exist
D/HotspotProvider(30363): inside  query methodcontent://com.samsung.passpoint/hotspot_spexclusion_list
D/HotspotProvider(30363): SPEXCLUSION_LIST
D/HotspotProvider(30363): No prepend tags
D/HotspotDBHandler(  908): getSPExclusionList: Corresponding entry doesnt exist
D/HotspotProvider(30363): inside  query methodcontent://com.samsung.passpoint/hotspot
D/HotspotProvider(30363): HOTSPOT
D/HotspotProvider(30363): No prepend tags
D/HotspotDBHandler(  908): getRemediationInfo
D/HotspotProvider(30363): inside  query methodcontent://com.samsung.passpoint/hotspot
D/HotspotProvider(30363): HOTSPOT
D/HotspotProvider(30363): No prepend tags
D/HotspotProvider(30363): inside  query methodcontent://com.samsung.passpoint/hotspot_policy_subsription_update
D/HotspotProvider(30363): POLICY_SUBSCRIPTION_UPDATE
D/HotspotProvider(30363): No prepend tags
D/HotspotDBHandler(  908): getSubscriptionUpdateInfo: Corresponding entry doesnt exist
D/WifiNative-wlan0(  908): callSECApiInt - ID [307]
D/WifiNative-wlan0(  908): callSECApiVoid - ID [310]
I/wpa_supplicant( 1313): wlan0: CRED-ADDED 390
I/HS20StateMachine(  908): credID returend from supplicant
I/HS20StateMachine(  908): credential ID 390
D/WifiNative-wlan0(  908): callSECApiString - ID [309]
I/wpa_supplicant( 1313): wlan0: CRED-MODIFIED 390 id
I/HS20StateMachine(  908): usernamePasswordObj is not nullnull
D/WifiNative-wlan0(  908): callSECApiString - ID [309]
I/wpa_supplicant( 1313): wlan0: CRED-MODIFIED 390 realm
I/wpa_supplicant( 1313): Blacklist: Clear (all) 
D/WifiNative-wlan0(  908): callSECApiString - ID [309]
I/wpa_supplicant( 1313): [set_default_callid]: set_default_callid simnumber = 0,default_callid = 0
E/wpa_supplicant( 1313): getIMSI cannot open /data/misc/radio/kmem: No such file or directory
E/wpa_supplicant( 1313): SIM READ ERROR
I/wpa_supplicant( 1313): wlan0: CRED-MODIFIED 390 imsi
I/wpa_supplicant( 1313): Blacklist: Clear (all) 
D/WifiNative-wlan0(  908): callSECApiString - ID [309]
I/wpa_supplicant( 1313): wlan0: CRED-MODIFIED 390 update_identifier
D/WifiNative-wlan0(  908): callSECApiString - ID [309]
I/wpa_supplicant( 1313): wlan0: CRED-MODIFIED 390 domain
D/WifiNative-wlan0(  908): callSECApiString - ID [309]
I/wpa_supplicant( 1313): wlan0: CRED-MODIFIED 390 max_bss_load
D/WifiNative-wlan0(  908): callSECApiString - ID [309]
I/wpa_supplicant( 1313): wlan0: CRED-MODIFIED 390 country
D/WifiNative-wlan0(  908): callSECApiString - ID [309]
I/wpa_supplicant( 1313): wlan0: CRED-MODIFIED 390 temporary
D/WifiNative-wlan0(  908): callSECApiString - ID [309]
I/wpa_supplicant( 1313): wlan0: CRED-MODIFIED 390 priority
I/System.out(30439): (HTTPLog)-Static: isSBSettingEnabled false
I/System.out(30439): (HTTPLog)-Static: isShipBuild true
D/HotspotDBHandler(  908): setCredentials:credentialType-1credentialID390methodType2old_cred_id387
I/System.out(30439): (HTTPLog)-Thread-84656-216799352: SmartBonding Enabling is false, SHIP_BUILD is true, log to file is false, DBG is false
I/System.out(30439): (HTTPLog)-Thread-84656-216799352: SMARTBONDING_FEATURE_ENABLED is true
I/System.out(30439): (HTTPLog)-Static: isSBSettingEnabled false
D/HotspotProvider(30363): inside  query methodcontent://com.samsung.passpoint/hotspot_credentials
D/HotspotProvider(30363): CREDENTIAL
D/HotspotProvider(30363): No prepend tags
D/EnterpriseController(  330): netId is 0
D/Netd    (  330): getNetworkForDns: using netid 0 for uid 10120
D/HotspotDBHandler(  908): getHotspotId: Hotspot ID2
D/HotspotProvider(30363): Inside  update methodcontent://com.samsung.passpoint/hotspot_credentials
D/HotspotProvider(30363): CREDENTIAL
D/HotspotDBHandler(  908): setCredentials: Updation of credential info successful.status:1
D/HotspotDBHandler(  908): setUserPriority credid: 390 userPriority:390
D/HotspotProvider(30363): inside  query methodcontent://com.samsung.passpoint/hotspot_credentials
D/HotspotProvider(30363): CREDENTIAL
D/HotspotProvider(30363): No prepend tags
D/HotspotDBHandler(  908): getHotspotId: Hotspot ID2
D/HotspotProvider(30363): Inside  update methodcontent://com.samsung.passpoint/hotspot
D/HotspotProvider(30363): HOTSPOT
D/HS20StateMachine(  908): new_credential_id 390
D/HotspotDBHandler(  908): getcredentialInfo: Check for one more time
D/HotspotProvider(30363): inside  query methodcontent://com.samsung.passpoint/hotspot_credentials
D/HotspotProvider(30363): CREDENTIAL
D/HotspotProvider(30363): No prepend tags
D/HotspotDBHandler(  908): getHotspotId: Hotspot ID2
D/HotspotProvider(30363): inside  query methodcontent://com.samsung.passpoint/hotspot_credentials
D/HotspotProvider(30363): CREDENTIAL
D/HotspotProvider(30363): No prepend tags
D/HS20StateMachine(  908):  updateExpirationTimerForThisCredential new credential_id 390creation 2015-10-06T20:27:47Zexpiration null
I/HS20StateMachine(  908): came to save config
D/HotspotDBHandler(  908): getMethodType
D/HotspotProvider(30363): inside  query methodcontent://com.samsung.passpoint/hotspot_credentials
D/HotspotProvider(30363): CREDENTIAL
D/HotspotProvider(30363): No prepend tags
D/HS20StateMachine(  908): credential_id 388method_type2
D/HotspotDBHandler(  908): getPPSMONode
D/HotspotProvider(30363): inside  query methodcontent://com.samsung.passpoint/hotspot_credentials
D/HotspotProvider(30363): CREDENTIAL
D/HotspotProvider(30363): No prepend tags
D/HotspotDBHandler(  908): getHotspotId: Hotspot ID3
D/HotspotProvider(30363): inside  query methodcontent://com.samsung.passpoint/hotspot
D/HotspotProvider(30363): HOTSPOT
D/HotspotProvider(30363): No prepend tags
D/HotspotDBHandler(  908): getPpsMoID
D/HotspotProvider(30363): inside  query methodcontent://com.samsung.passpoint/hotspot_fqdn
D/HotspotProvider(30363): FQDN
D/HotspotProvider(30363): No prepend tags
D/HotspotProvider(30363): inside  query methodcontent://com.samsung.passpoint/hotspot_fqdn
D/HotspotProvider(30363): FQDN
D/HotspotProvider(30363): No prepend tags
D/HotspotProvider(30363): inside  query methodcontent://com.samsung.passpoint/hotspot_aaaserver_trustroot
D/HotspotProvider(30363): AAASERVER_TRUST_ROOT
D/HotspotProvider(30363): No prepend tags
I/art     (  908): Explicit concurrent mark sweep GC freed 12950(736KB) AllocSpace objects, 0(0B) LOS objects, 27% free, 41MB/57MB, paused 2.762ms total 121.391ms
D/HotspotDBHandler(  908): getAAATrustRoot: Corresponding entry doesnt exist
D/HotspotProvider(30363): inside  query methodcontent://com.samsung.passpoint/hotspot_credentials
D/HotspotProvider(30363): CREDENTIAL
D/HotspotProvider(30363): No prepend tags
D/HotspotDBHandler(  908): getHomeSPInfo
D/HotspotProvider(30363): inside  query methodcontent://com.samsung.passpoint/hotspot
D/HotspotProvider(30363): HOTSPOT
D/HotspotProvider(30363): No prepend tags
D/HotspotDBHandler(  908): getHomeOInfo
D/HotspotProvider(30363): inside  query methodcontent://com.samsung.passpoint/hotspot_homeoilist
D/HotspotProvider(30363): HOMEOILIST
D/HotspotProvider(30363): No prepend tags
D/HotspotDBHandler(  908): getHomeOInfo :Corresponding entry doesnt exist
D/HotspotDBHandler(  908): getNetworkIDInfo
D/HotspotProvider(30363): inside  query methodcontent://com.samsung.passpoint/hotspot_homesp_network
D/HotspotProvider(30363): HOMESP_NETWORK
D/HotspotProvider(30363): No prepend tags
D/HotspotDBHandler(  908): getNetworkIDInfo: Corresponding entry doesnt exist
D/HotspotDBHandler(  908): getOtherHomePartner
D/HotspotProvider(30363): inside  query methodcontent://com.samsung.passpoint/hotspot_otherhome_partner
D/HotspotProvider(30363): HOMESP_OTHERHOME_PARTNER
D/HotspotProvider(30363): No prepend tags
D/HotspotDBHandler(  908): getOtherHomePartner: Corresponding entry doesnt exist
D/HotspotProvider(30363): inside  query methodcontent://com.samsung.passpoint/hotspot
D/HotspotProvider(30363): HOTSPOT
D/HotspotProvider(30363): No prepend tags
I/CrashlyticsCore(30439): Initializing Crashlytics 2.3.5.79
D/HotspotProvider(30363): inside  query methodcontent://com.samsung.passpoint/hostspot_backhaul_bandwidth_threshold
D/HotspotProvider(30363): BACKHAUL_THRESHOLD
D/HotspotProvider(30363): No prepend tags
D/HotspotDBHandler(  908): getMinBackHaulThresholdInfo: Corresponding entry doesnt exist
D/HotspotProvider(30363): inside  query methodcontent://com.samsung.passpoint/hotspot_preferredroaming_partnerlist
D/HotspotProvider(30363): PREFERRED_ROAMING
D/HotspotProvider(30363): No prepend tags
D/HotspotDBHandler(  908): getPreferredRoamingPartnerInfo: Corresponding entry doesnt exist
D/HotspotProvider(30363): inside  query methodcontent://com.samsung.passpoint/hotspot_tupple
D/HotspotProvider(30363): TUPPLE
D/HotspotProvider(30363): No prepend tags
D/HotspotDBHandler(  908): getProtoPortTupple: Corresponding entry doesnt exist
D/HotspotProvider(30363): inside  query methodcontent://com.samsung.passpoint/hotspot_policy_subsription_update
D/HotspotProvider(30363): POLICY_SUBSCRIPTION_UPDATE
D/HotspotProvider(30363): No prepend tags
D/HotspotDBHandler(  908): getPolicyUpdateInfo: Corresponding entry doesnt exist
D/HotspotProvider(30363): inside  query methodcontent://com.samsung.passpoint/hotspot_spexclusion_list
D/HotspotProvider(30363): SPEXCLUSION_LIST
D/HotspotProvider(30363): No prepend tags
D/HotspotDBHandler(  908): getSPExclusionList: Corresponding entry doesnt exist
D/HotspotProvider(30363): inside  query methodcontent://com.samsung.passpoint/hotspot
D/HotspotProvider(30363): HOTSPOT
D/HotspotProvider(30363): No prepend tags
D/HotspotDBHandler(  908): getRemediationInfo
D/HotspotProvider(30363): inside  query methodcontent://com.samsung.passpoint/hotspot
D/HotspotProvider(30363): HOTSPOT
D/HotspotProvider(30363): No prepend tags
D/HotspotProvider(30363): inside  query methodcontent://com.samsung.passpoint/hotspot_policy_subsription_update
D/HotspotProvider(30363): POLICY_SUBSCRIPTION_UPDATE
D/HotspotProvider(30363): No prepend tags
D/HotspotDBHandler(  908): getSubscriptionUpdateInfo: Corresponding entry doesnt exist
D/WifiNative-wlan0(  908): callSECApiInt - ID [307]
I/wpa_supplicant( 1313): wlan0: CRED-REMOVED 388
D/[CarModeFW](30196): LocationDataHandler-No schedules found.
D/HotspotDBHandler(  908): getPPSMONode
D/[CarModeFW](30196): MyPlaceProvider-Provider uri: content://com.samsung.android.internal.intelligence.useranalysis/place
D/HotspotProvider(30363): inside  query methodcontent://com.samsung.passpoint/hotspot_credentials
D/HotspotProvider(30363): CREDENTIAL
D/HotspotProvider(30363): No prepend tags
E/Zygote  (30576): MountEmulatedStorage()
E/Zygote  (30576): v2
I/SELinux (30576): Function: selinux_compare_spd_ram, SPD-policy is existed. and_ver=SEPF_SM-N910F_5.0.1 ver=27
I/SELinux (30576): Function: selinux_compare_spd_ram , priority [2] , priority version is VE=SEPF_SM-N910F_5.1.1_0032
E/Zygote  (30576): accessInfo : 0
E/SELinux (30576): [DEBUG] get_category: variable seinfo: platform sensitivity: NULL, cateogry: NULL
D/HotspotDBHandler(  908): getHotspotId: Hotspot ID3
D/HotspotProvider(30363): inside  query methodcontent://com.samsung.passpoint/hotspot
D/HotspotProvider(30363): HOTSPOT
D/HotspotProvider(30363): No prepend tags
D/HotspotDBHandler(  908): getPpsMoID
D/HotspotProvider(30363): inside  query methodcontent://com.samsung.passpoint/hotspot_fqdn
D/HotspotProvider(30363): FQDN
D/HotspotProvider(30363): No prepend tags
D/HotspotProvider(30363): inside  query methodcontent://com.samsung.passpoint/hotspot_fqdn
D/HotspotProvider(30363): FQDN
D/HotspotProvider(30363): No prepend tags
D/HotspotProvider(30363): inside  query methodcontent://com.samsung.passpoint/hotspot_aaaserver_trustroot
D/HotspotProvider(30363): AAASERVER_TRUST_ROOT
D/HotspotProvider(30363): No prepend tags
D/HotspotDBHandler(  908): getAAATrustRoot: Corresponding entry doesnt exist
D/HotspotProvider(30363): inside  query methodcontent://com.samsung.passpoint/hotspot_credentials
D/HotspotProvider(30363): CREDENTIAL
D/HotspotProvider(30363): No prepend tags
D/HotspotDBHandler(  908): getHomeSPInfo
D/HotspotProvider(30363): inside  query methodcontent://com.samsung.passpoint/hotspot
D/HotspotProvider(30363): HOTSPOT
D/HotspotProvider(30363): No prepend tags
D/HotspotDBHandler(  908): getHomeOInfo
D/TimaKeyStoreProvider(30576): TimaSignature is unavailable
D/ActivityThread(30576): Added TimaKeyStore provider
D/HotspotProvider(30363): inside  query methodcontent://com.samsung.passpoint/hotspot_homeoilist
D/HotspotProvider(30363): HOMEOILIST
D/HotspotProvider(30363): No prepend tags
D/HotspotDBHandler(  908): getHomeOInfo :Corresponding entry doesnt exist
D/HotspotDBHandler(  908): getNetworkIDInfo
D/HotspotProvider(30363): inside  query methodcontent://com.samsung.passpoint/hotspot_homesp_network
D/HotspotProvider(30363): HOMESP_NETWORK
D/HotspotProvider(30363): No prepend tags
D/InputReader(  908): Input event(9): value=1 when=296559205055000
D/InputReader(  908): Input event(9): value=1 when=296559205055000
I/InputReader(  908): Touch event's action is 0x0 (deviceType=0) [pCnt=1, s=0.37679 ] when=296559205055000
D/InputReader(  908): lastThreadEndTime = 296554159565830, currentThreadStartTime = 296554159570257, diff = 0
I/InputDispatcher(  908): Delivering touch to (30076): action: 0x0, toolType: 1
D/ViewRootImpl(30076): ViewPostImeInputStage ACTION_DOWN
D/HotspotDBHandler(  908): getNetworkIDInfo: Corresponding entry doesnt exist
D/NearbySource(30485): Nearby Source Create!
D/HotspotDBHandler(  908): getOtherHomePartner
D/HotspotProvider(30363): inside  query methodcontent://com.samsung.passpoint/hotspot_otherhome_partner
D/HotspotProvider(30363): HOMESP_OTHERHOME_PARTNER
D/HotspotProvider(30363): No prepend tags
D/NearbyContext(30485): Nearby Context Create!
D/HotspotDBHandler(  908): getOtherHomePartner: Corresponding entry doesnt exist
D/HotspotProvider(30363): inside  query methodcontent://com.samsung.passpoint/hotspot
D/HotspotProvider(30363): HOTSPOT
D/HotspotProvider(30363): No prepend tags
D/HotspotProvider(30363): inside  query methodcontent://com.samsung.passpoint/hostspot_backhaul_bandwidth_threshold
D/HotspotProvider(30363): BACKHAUL_THRESHOLD
D/HotspotProvider(30363): No prepend tags
D/InputReader(  908): Input event(9): value=0 when=296559277263000
D/InputReader(  908): Input event(9): value=0 when=296559277263000
I/InputReader(  908): Touch event's action is 0x1 (deviceType=0) [pCnt=1, s=] when=296559277263000
I/InputDispatcher(  908): Delivering touch to (30076): action: 0x1, toolType: 1
D/HotspotDBHandler(  908): getMinBackHaulThresholdInfo: Corresponding entry doesnt exist
D/HotspotProvider(30363): inside  query methodcontent://com.samsung.passpoint/hotspot_preferredroaming_partnerlist
D/HotspotProvider(30363): PREFERRED_ROAMING
D/HotspotProvider(30363): No prepend tags
D/HotspotDBHandler(  908): getPreferredRoamingPartnerInfo: Corresponding entry doesnt exist
D/HotspotProvider(30363): inside  query methodcontent://com.samsung.passpoint/hotspot_tupple
D/HotspotProvider(30363): TUPPLE
D/HotspotProvider(30363): No prepend tags
D/HotspotDBHandler(  908): getProtoPortTupple: Corresponding entry doesnt exist
D/HotspotProvider(30363): inside  query methodcontent://com.samsung.passpoint/hotspot_policy_subsription_update
D/HotspotProvider(30363): POLICY_SUBSCRIPTION_UPDATE
D/HotspotProvider(30363): No prepend tags
D/HotspotDBHandler(  908): getPolicyUpdateInfo: Corresponding entry doesnt exist
D/HotspotProvider(30363): inside  query methodcontent://com.samsung.passpoint/hotspot_spexclusion_list
D/HotspotProvider(30363): SPEXCLUSION_LIST
D/HotspotProvider(30363): No prepend tags
D/HotspotDBHandler(  908): getSPExclusionList: Corresponding entry doesnt exist
D/HotspotProvider(30363): inside  query methodcontent://com.samsung.passpoint/hotspot
D/HotspotProvider(30363): HOTSPOT
D/HotspotProvider(30363): No prepend tags
D/HotspotDBHandler(  908): getRemediationInfo
D/HotspotProvider(30363): inside  query methodcontent://com.samsung.passpoint/hotspot
D/HotspotProvider(30363): HOTSPOT
D/HotspotProvider(30363): No prepend tags
D/HotspotProvider(30363): inside  query methodcontent://com.samsung.passpoint/hotspot_policy_subsription_update
D/HotspotProvider(30363): POLICY_SUBSCRIPTION_UPDATE
D/HotspotProvider(30363): No prepend tags
D/HotspotDBHandler(  908): getSubscriptionUpdateInfo: Corresponding entry doesnt exist
D/WifiNative-wlan0(  908): callSECApiInt - ID [307]
D/WifiNative-wlan0(  908): callSECApiVoid - ID [310]
I/wpa_supplicant( 1313): wlan0: CRED-ADDED 391
I/HS20StateMachine(  908): credID returend from supplicant
I/HS20StateMachine(  908): credential ID 391
D/WifiNative-wlan0(  908): callSECApiString - ID [309]
I/wpa_supplicant( 1313): wlan0: CRED-MODIFIED 391 id
I/HS20StateMachine(  908): usernamePasswordObj is not nullnull
D/WifiNative-wlan0(  908): callSECApiString - ID [309]
I/wpa_supplicant( 1313): [set_default_callid]: set_default_callid simnumber = 0,default_callid = 0
E/wpa_supplicant( 1313): getIMSI cannot open /data/misc/radio/kmem: No such file or directory
E/wpa_supplicant( 1313): SIM READ ERROR
I/wpa_supplicant( 1313): wlan0: CRED-MODIFIED 391 imsi
I/wpa_supplicant( 1313): Blacklist: Clear (all) 
D/WifiNative-wlan0(  908): callSECApiString - ID [309]
I/wpa_supplicant( 1313): wlan0: CRED-MODIFIED 391 update_identifier
D/WifiNative-wlan0(  908): callSECApiString - ID [309]
I/wpa_supplicant( 1313): wlan0: CRED-MODIFIED 391 domain
D/WifiNative-wlan0(  908): callSECApiString - ID [309]
I/wpa_supplicant( 1313): wlan0: CRED-MODIFIED 391 max_bss_load
D/WifiNative-wlan0(  908): callSECApiString - ID [309]
I/wpa_supplicant( 1313): wlan0: CRED-MODIFIED 391 country
D/WifiNative-wlan0(  908): callSECApiString - ID [309]
I/wpa_supplicant( 1313): wlan0: CRED-MODIFIED 391 temporary
D/WifiNative-wlan0(  908): callSECApiString - ID [309]
I/wpa_supplicant( 1313): wlan0: CRED-MODIFIED 391 priority
D/HotspotDBHandler(  908): setCredentials:credentialType-1credentialID391methodType2old_cred_id388
D/HotspotProvider(30363): inside  query methodcontent://com.samsung.passpoint/hotspot_credentials
D/HotspotProvider(30363): CREDENTIAL
D/HotspotProvider(30363): No prepend tags
D/SLinkSource(30485): Samsung link source created
D/HotspotDBHandler(  908): getHotspotId: Hotspot ID3
D/HotspotProvider(30363): Inside  update methodcontent://com.samsung.passpoint/hotspot_credentials
D/HotspotProvider(30363): CREDENTIAL
D/HotspotDBHandler(  908): setCredentials: Updation of credential info successful.status:1
D/HotspotDBHandler(  908): setUserPriority credid: 391 userPriority:391
D/HotspotProvider(30363): inside  query methodcontent://com.samsung.passpoint/hotspot_credentials
D/HotspotProvider(30363): CREDENTIAL
D/HotspotProvider(30363): No prepend tags
D/HotspotDBHandler(  908): getHotspotId: Hotspot ID3
D/HotspotProvider(30363): Inside  update methodcontent://com.samsung.passpoint/hotspot
D/HotspotProvider(30363): HOTSPOT
D/HS20StateMachine(  908): new_credential_id 391
D/HotspotDBHandler(  908): getcredentialInfo: Check for one more time
D/HotspotProvider(30363): inside  query methodcontent://com.samsung.passpoint/hotspot_credentials
D/HotspotProvider(30363): CREDENTIAL
D/HotspotProvider(30363): No prepend tags
D/HotspotDBHandler(  908): getHotspotId: Hotspot ID3
D/HotspotProvider(30363): inside  query methodcontent://com.samsung.passpoint/hotspot_credentials
D/HotspotProvider(30363): CREDENTIAL
D/HotspotProvider(30363): No prepend tags
D/HS20StateMachine(  908):  updateExpirationTimerForThisCredential new credential_id 391creation 2015-10-15T14:49:18Zexpiration null
I/HS20StateMachine(  908): came to save config
D/HS20StateMachine(  908): CMD_HOTSPOT20_ENABLE : 
D/HS20StateMachine(  908): enter : DiscoveringState
D/SLocation(  908): BroadcastReceiver : WIFI_STATE_CHANGED_ACTION
D/ConnectivityManager(  908): getMobileDataEnabled()+ subId=-1
D/PhoneInterfaceManager( 1608): [PhoneIntfMgr] getDataEnabled: subId=-1 phoneId=-1
E/PhoneInterfaceManager( 1608): [PhoneIntfMgr] getDataEnabled: no phone subId=-1 retVal=false
W/SLocation(  908): No Active Data Connection
D/ConnectivityManager(  908): getMobileDataEnabled()- subId=-1 retVal=false
D/LocSvc_java(  908): onReceive
D/HS20StateMachine(  908): Broadcast Received: android.net.wifi.STATE_CHANGE
D/HS20StateMachine(  908): [type: WIFI[] - WIFI, state: CONNECTING/OBTAINING_IPADDR, reason: (unspecified), extra: "IHMTEK", roaming: false, failover: false, isAvailable: true, isConnectedToProvisioningNetwork: false]
E/installd(  348): system dir 0 : /system/app/
E/installd(  348): system dir 1 : /system/priv-app/
E/installd(  348): system dir 2 : /vendor/app/
E/installd(  348): system dir 3 : /oem/app/
D/LocSvc_java(  908): getAGpsConnectionInfo connType - 4
D/LocSvc_java(  908): updateNetworkState connTyp: 4 unavailable info: [type: WIFI[] - WIFI, state: DISCONNECTED/DISCONNECTED, reason: (unspecified), extra: <unknown ssid>, roaming: false, failover: false, isAvailable: true, isConnectedToProvisioningNetwork: false] info.getType():1
D/LocSvc_java(  908): ignore wifi update if we are not in OPENING or CLOSING
D/HS20StateMachine(  908): Broadcast Received: android.net.wifi.STATE_CHANGE
D/HS20StateMachine(  908): [type: WIFI[] - WIFI, state: CONNECTING/VERIFYING_POOR_LINK, reason: (unspecified), extra: "IHMTEK", roaming: false, failover: false, isAvailable: true, isConnectedToProvisioningNetwork: false]
D/WifiWatchdogStateMachine(  908): updateDnsLinkProperty: enter
D/WifiWatchdogStateMachine.DnsPinger(  908): setCurrentLinkProperties: lp={InterfaceName: wlan0 LinkAddresses: [192.168.1.19/24,fe80::4a5a:3fff:fe66:388c/64,]  Routes: [fe80::/64 -> :: wlan0,192.168.1.0/24 -> 0.0.0.0 wlan0,0.0.0.0/0 -> 192.168.1.1 wlan0,] DnsAddresses: [192.168.1.1,] Domains: home MTU: 0 TcpBufferSizes: 524288,1048576,4525824,524288,1048576,4525824}
D/WifiWatchdogStateMachine.DnsResolver(  908): setCurrentLinkProperties: lp={InterfaceName: wlan0 LinkAddresses: [192.168.1.19/24,fe80::4a5a:3fff:fe66:388c/64,]  Routes: [fe80::/64 -> :: wlan0,192.168.1.0/24 -> 0.0.0.0 wlan0,0.0.0.0/0 -> 192.168.1.1 wlan0,] DnsAddresses: [192.168.1.1,] Domains: home MTU: 0 TcpBufferSizes: 524288,1048576,4525824,524288,1048576,4525824}
D/WifiWatchdogStateMachine.SingDnsChecker(  908): setCurrentLinkProperties: lp={InterfaceName: wlan0 LinkAddresses: [192.168.1.19/24,fe80::4a5a:3fff:fe66:388c/64,]  Routes: [fe80::/64 -> :: wlan0,192.168.1.0/24 -> 0.0.0.0 wlan0,0.0.0.0/0 -> 192.168.1.1 wlan0,] DnsAddresses: [192.168.1.1,] Domains: home MTU: 0 TcpBufferSizes: 524288,1048576,4525824,524288,1048576,4525824}
D/WifiWatchdogStateMachine.CaptivePortalDnsResolver(  908): setCurrentLinkProperties: lp={InterfaceName: wlan0 LinkAddresses: [192.168.1.19/24,fe80::4a5a:3fff:fe66:388c/64,]  Routes: [fe80::/64 -> :: wlan0,192.168.1.0/24 -> 0.0.0.0 wlan0,0.0.0.0/0 -> 192.168.1.1 wlan0,] DnsAddresses: [192.168.1.1,] Domains: home MTU: 0 TcpBufferSizes: 524288,1048576,4525824,524288,1048576,4525824}
D/WifiWatchdogStateMachine(  908): isPackageRunning - top:org.cocos2dx.cpp.AppActivity
E/WifiStateMachine(  908): VerifyingLinkState GOOD_LINK_DETECTED: transition to (new) connected (old)captive portal check
E/ConnectivityService(  908): updateNetworkInfo()
E/ConnectivityService(  908): updateNetworkInfo()
D/NtpTrustedTime(  908): currentTimeMillis() cache hit
D/NtpTrustedTime(  908): currentTimeMillis() cache hit
I/WifiTrafficPoller(  908): evaluateTrafficStatsPolling
D/HS20StateMachine(  908): Broadcast Received: android.net.wifi.STATE_CHANGE
D/HS20StateMachine(  908): [type: WIFI[] - WIFI, state: CONNECTING/CAPTIVE_PORTAL_CHECK, reason: (unspecified), extra: "IHMTEK", roaming: false, failover: false, isAvailable: true, isConnectedToProvisioningNetwork: false]
E/WifiStateMachine(  908): Did not find remoteAddress {192.168.1.1} in /proc/net/arp
I/WifiTrafficPoller(  908): evaluateTrafficStatsPolling
I/WifiTrafficPoller(  908): mBoosterFLAG : 0
I/WifiTrafficPoller(  908): current booster mode : FullMode
D/WifiNative-wlan0(  908): callSECApiVoid - ID [212]
D/HS20StateMachine(  908): Broadcast Received: android.net.wifi.STATE_CHANGE
D/HS20StateMachine(  908): [type: WIFI[] - WIFI, state: CONNECTED/CONNECTED, reason: (unspecified), extra: "IHMTEK", roaming: false, failover: false, isAvailable: true, isConnectedToProvisioningNetwork: false]
D/HS20StateMachine(  908): SSID : "IHMTEK"
D/HS20StateMachine(  908): NetId : 0
D/HS20StateMachine(  908): checkifOSUAP  null
E/WifiStateMachine(  908): Did not find remoteAddress {192.168.1.1} in /proc/net/arp
D/NetworkMonitor/NetworkAgentInfo [WIFI () - 637](  908): DefaultState{ when=-2ms what=532481 target=com.android.internal.util.StateMachine$SmHandler }
D/NetworkMonitor/NetworkAgentInfo [WIFI () - 637](  908): Connected
D/NetworkMonitor/NetworkAgentInfo [WIFI () - 637](  908): EvaluatingState{ when=0 what=532486 arg1=1 target=com.android.internal.util.StateMachine$SmHandler }
D/NetworkMonitor/NetworkAgentInfo [WIFI () - 637](  908): Checking http://connectivitycheck.android.com/generate_204 on "IHMTEK"
I/System.out(  908): (HTTPLog)-Static: isSBSettingEnabled false
D/ConnectivityManager(  908): getMobileDataEnabled()+ subId=-1
D/EnterpriseController(  330): netId is 0
D/Netd    (  330): getNetworkForDns: using netid 637 for uid 1000
D/NtpTrustedTime(  908): currentTimeMillis() cache hit
D/PhoneInterfaceManager( 1608): [PhoneIntfMgr] getDataEnabled: subId=-1 phoneId=-1
D/NtpTrustedTime(  908): currentTimeMillis() cache hit
E/PhoneInterfaceManager( 1608): [PhoneIntfMgr] getDataEnabled: no phone subId=-1 retVal=false
D/ConnectivityManager(  908): getMobileDataEnabled()- subId=-1 retVal=false
D/WIFI_P2P(  908): evalRequest evalRequest  = NetworkRequest [ id=1, legacyType=-1, [ Capabilities: INTERNET&NOT_RESTRICTED&TRUSTED&NOT_VPN] ] n.requested= false
D/WIFI    (  908): evalRequest evalRequest  = NetworkRequest [ id=1, legacyType=-1, [ Capabilities: INTERNET&NOT_RESTRICTED&TRUSTED&NOT_VPN] ] n.requested= true
D/EntConnectivity(  908): Not allowed due to - mEnabled false - primarySimSlot false
D/ConnectivityManager.CallbackHandler(14166): CM callback handler got msg 524290
E/CSLegacyTypeTracker(  908): add() : Adding agent NetworkAgentInfo{ ni{[type: WIFI[] - WIFI, state: CONNECTED/CONNECTED, reason: (unspecified), extra: "IHMTEK", roaming: false, failover: false, isAvailable: true, isConnectedToProvisioningNetwork: false]}  network{637}  lp{{InterfaceName: wlan0 LinkAddresses: [192.168.1.19/24,fe80::4a5a:3fff:fe66:388c/64,]  Routes: [fe80::/64 -> :: wlan0,192.168.1.0/24 -> 0.0.0.0 wlan0,0.0.0.0/0 -> 192.168.1.1 wlan0,] DnsAddresses: [192.168.1.1,] Domains: home MTU: 0 TcpBufferSizes: 524288,1048576,4525824,524288,1048576,4525824}}  nc{[ Transports: WIFI Capabilities: INTERNET&NOT_RESTRICTED&TRUSTED&NOT_VPN LinkUpBandwidth>=1048576Kbps LinkDnBandwidth>=1048576Kbps]}  Score{20}  everValidated{false}  lastValidated{false}  created{true}  explicitlySelected{false} } for legacy network type 1
D/ConnectivityManager.CallbackHandler( 1350): CM callback handler got msg 524290
D/EntConnectivity(  908): Not allowed due to - mEnabled false - primarySimSlot false
D/Tethering(  908): MasterInitialState.processMessage what=3
D/StatusBar.NetworkController( 1350): EthernetConnected: false
D/ConnectivityManager(  908): getMobileDataEnabled()+ subId=-1
D/StatusBar.NetworkController( 1350): getUpdateDataNetType(): 0
D/StatusBar.NetworkController( 1350): updateDataNetType()
D/PhoneInterfaceManager( 1608): [PhoneIntfMgr] getDataEnabled: subId=-1 phoneId=-1
E/PhoneInterfaceManager( 1608): [PhoneIntfMgr] getDataEnabled: no phone subId=-1 retVal=false
D/ConnectivityManager(  908): getMobileDataEnabled()- subId=-1 retVal=false
D/NtpTrustedTime(  908): currentTimeMillis() cache hit
D/StatusBar.NetworkController( 1350): Nothing, mRoamingIconId = 0
D/NtpTrustedTime(  908): currentTimeMillis() cache hit
D/NtpTrustedTime(  908): currentTimeMillis() cache hit
D/NtpTrustedTime(  908): currentTimeMillis() cache hit
D/StatusBar.NetworkController( 1350): updateDataIcon, mDataDirectionIconId = (null) mDataConnected = false
D/StatusBar.NetworkController( 1350): updateTelephonySignalStrength: hasService=true ss=SignalStrength: 19 99 -120 -160 -120 -1 -1 99 2147483647 2147483647 2147483647 -1 2147483647 0x4 gsm|lte
D/StatusBar.NetworkController( 1350): updateTelephonySignalStrength: iconLevel=4
D/LocSvc_java(  908): onReceive
--------- beginning of system
D/ConnectivityService(  908): getAllNetworkState networkCapability  = [ Transports: WIFI Capabilities: INTERNET&NOT_RESTRICTED&TRUSTED&NOT_VPN LinkUpBandwidth>=1048576Kbps LinkDnBandwidth>=1048576Kbps]
D/SmartBondingService(  908): SmartBondingReceiver: onReceive action=android.net.conn.CONNECTIVITY_CHANGE
D/SmartBondingService(  908): SmartBondingReceiver: wifi is connected
D/SmartBondingService(  908): SmartBondingReceiver: wifi ap is not changed
D/ConnectivityService(  908): returning getNetworkInfo for network type 1 : [type: WIFI[] - WIFI, state: CONNECTED/CONNECTED, reason: (unspecified), extra: "IHMTEK", roaming: false, failover: false, isAvailable: true, isConnectedToProvisioningNetwork: false]
I/CLocInfoService(  908): External Intent Received android.net.conn.CONNECTIVITY_CHANGE
D/ConnectivityService(  908): returning getNetworkInfo for network type 1 : [type: WIFI[] - WIFI, state: CONNECTED/CONNECTED, reason: (unspecified), extra: "IHMTEK", roaming: false, failover: false, isAvailable: true, isConnectedToProvisioningNetwork: false]
I/CLocInfoService(  908): CLocinfo wifi true 
V/NetworkStats(  908): advisePersistThreshold() given 9223372036854775, clamped to 2097152
D/SmartBondingService(  908): EVENT_UPDATE_SB_STATE called / mDisableBySIOP false
D/SmartBondingService(  908): getSBEnabled() enabled =false
D/SmartBondingService(  908): getSBEnabled() enabled =false
D/SmartBondingService(  908): getSBEnabled() enabled =false
D/StatusBar.NetworkController( 1350): updateTelephonySignalStrength, No signal level. mPhoneSignalIconId = com.android.systemui:drawable/stat_sys_signal_4_auto_rotate mDataSignalIconId = com.android.systemui:drawable/stat_sys_signal_4_auto_rotate mQSPhoneSignalIconId = com.android.systemui:drawable/ic_qs_signal_4 mContentDescriptionPhoneSignal = Signal téléphonique fort
D/LocSvc_java(  908): got connectivity action
D/LocSvc_java(  908): Connectivity status : mWifiConnectivity - true; mWwanConnectivity - false
D/LocSvc_java(  908): Sending msg: 4 arg1:1 arg2:1
D/LocSvc_java(  908): getAGpsConnectionInfo connType - 4
D/LocSvc_java(  908): updateNetworkState connTyp: 4 available info: [type: WIFI[] - WIFI, state: CONNECTED/CONNECTED, reason: (unspecified), extra: "IHMTEK", roaming: false, failover: false, isAvailable: true, isConnectedToProvisioningNetwork: false] info.getType():1
D/LocSvc_java(  908): ignore wifi update if we are not in OPENING or CLOSING
D/ConnectivityManager(  908): getMobileDataEnabled()+ subId=-1
D/PhoneInterfaceManager( 1608): [PhoneIntfMgr] getDataEnabled: subId=-1 phoneId=-1
E/PhoneInterfaceManager( 1608): [PhoneIntfMgr] getDataEnabled: no phone subId=-1 retVal=false
D/ConnectivityManager(  908): getMobileDataEnabled()- subId=-1 retVal=false
D/SmartBondingService(  908): getNetworkEnabled : wifi : true mobile : false
I/System.out(  908): KnoxVpnUidStorageknoxVpnSupported API value returned is false
I/DBG_FMMDM( 6691): [50.20.150615][Line:643][xdmProtoIsWIFIConnected] WiFi Connected
D/ConnectivityService(  908): returning getNetworkInfo for network type 1 : [type: WIFI[] - WIFI, state: CONNECTED/CONNECTED, reason: (unspecified), extra: "IHMTEK", roaming: false, failover: false, isAvailable: true, isConnectedToProvisioningNetwork: false]
D/ConnectivityService(  908): returning getNetworkInfo for network type 1 : [type: WIFI[] - WIFI, state: CONNECTED/CONNECTED, reason: (unspecified), extra: "IHMTEK", roaming: false, failover: false, isAvailable: true, isConnectedToProvisioningNetwork: false]
D/ConnectivityService(  908): returning getNetworkInfo for network type 1 : [type: WIFI[] - WIFI, state: CONNECTED/CONNECTED, reason: (unspecified), extra: "IHMTEK", roaming: false, failover: false, isAvailable: true, isConnectedToProvisioningNetwork: false]
D/ActivityManager(  908): startService callerProcessName:com.facebook.katana, calleePkgName: com.facebook.katana
D/NetworkChangeNotifierAutoDetect(18584): Network connectivity changed, type is: 2
D/UserAnalysis.PlaceProvider(30576): PlaceProvider onCreate()
D/ActivityManager(  908): startService callerProcessName:com.facebook.appmanager, calleePkgName: com.facebook.appmanager
D/GpsLocationProvider(  908): receive broadcast intent, action: android.net.conn.CONNECTIVITY_CHANGE_IMMEDIATE
D/EnterpriseController(  330): netId is 0
D/Netd    (  330): getNetworkForDns: using netid 637 for uid 10218
D/ActivityManager(  908): startService callerProcessName:com.facebook.orca, calleePkgName: com.facebook.orca
D/NetworkMonitor/NetworkAgentInfo [WIFI () - 637](  908): isCaptivePortal: ret=204 headers={null=[HTTP/1.1 204 No Content], Content-Length=[0], Date=[Tue, 20 Oct 2015 11:30:17 GMT], Server=[GFE/2.0], X-Android-Received-Millis=[1445340609904], X-Android-Response-Source=[NETWORK 204], X-Android-Sent-Millis=[1445340609874]}
D/ConnectivityService(  908): returning getNetworkInfo for network type 1 : [type: WIFI[] - WIFI, state: CONNECTED/CONNECTED, reason: (unspecified), extra: "IHMTEK", roaming: false, failover: false, isAvailable: true, isConnectedToProvisioningNetwork: false]
D/NetworkMonitor/NetworkAgentInfo [WIFI () - 637](  908): Validated
D/StatusBar.NetworkController( 1350): onSignalStrengthsChanged signalStrength=SignalStrength: 19 99 -120 -160 -120 -1 -1 99 2147483647 2147483647 2147483647 -1 2147483647 0x4 gsm|lte level=4
D/StatusBar.NetworkController( 1350): updateTelephonySignalStrength: hasService=true ss=SignalStrength: 19 99 -120 -160 -120 -1 -1 99 2147483647 2147483647 2147483647 -1 2147483647 0x4 gsm|lte
D/StatusBar.NetworkController( 1350): updateTelephonySignalStrength: iconLevel=4
D/StatusBar.NetworkController( 1350): updateTelephonySignalStrength, No signal level. mPhoneSignalIconId = com.android.systemui:drawable/stat_sys_signal_4_auto_rotate mDataSignalIconId = com.android.systemui:drawable/stat_sys_signal_4_auto_rotate mQSPhoneSignalIconId = com.android.systemui:drawable/ic_qs_signal_4 mContentDescriptionPhoneSignal = Signal téléphonique fort
D/ConnectivityService(  908): setProvNotificationVisibleIntent: E visible=false networkType=0 extraInfo=null
D/ConnectivityService(  908): Validated NetworkAgentInfo [WIFI () - 637]
D/ConnectivityService(  908): rematching NetworkAgentInfo [WIFI () - 637]
D/ConnectivityService(  908): Network NetworkAgentInfo [WIFI () - 637] was already satisfying request 1. No change.
D/ConnectivityService(  908): notifyType AVAILABLE for NetworkAgentInfo [WIFI () - 637]
D/ConnectivityManager.CallbackHandler( 1350): CM callback handler got msg 524290
D/WIFI    (  908): evalRequest evalRequest  = NetworkRequest [ id=1, legacyType=-1, [ Capabilities: INTERNET&NOT_RESTRICTED&TRUSTED&NOT_VPN] ] n.requested= true
