D/WIFI_P2P(  908): evalRequest evalRequest  = NetworkRequest [ id=1, legacyType=-1, [ Capabilities: INTERNET&NOT_RESTRICTED&TRUSTED&NOT_VPN] ] n.requested= false
D/StatusBar.NetworkController( 1350): EthernetConnected: false
D/StatusBar.NetworkController( 1350): getUpdateDataNetType(): 0
D/StatusBar.NetworkController( 1350): updateDataNetType()
D/ConnectivityService(  908): sendStickyBroadcast: action=android.net.conn.INET_CONDITION_ACTION
D/ConnectivityManager.CallbackHandler(14166): CM callback handler got msg 524290
D/StatusBar.NetworkController( 1350): Nothing, mRoamingIconId = 0
D/StatusBar.NetworkController( 1350): updateDataIcon, mDataDirectionIconId = (null) mDataConnected = false
D/StatusBar.NetworkController( 1350): updateTelephonySignalStrength: hasService=true ss=SignalStrength: 19 99 -120 -160 -120 -1 -1 99 2147483647 2147483647 2147483647 -1 2147483647 0x4 gsm|lte
D/StatusBar.NetworkController( 1350): updateTelephonySignalStrength: iconLevel=4
D/StatusBar.NetworkController( 1350): updateTelephonySignalStrength, No signal level. mPhoneSignalIconId = com.android.systemui:drawable/stat_sys_signal_4_auto_rotate mDataSignalIconId = com.android.systemui:drawable/stat_sys_signal_4_auto_rotate mQSPhoneSignalIconId = com.android.systemui:drawable/ic_qs_signal_4 mContentDescriptionPhoneSignal = Signal téléphonique fort
E/File    (29297): fail readDirectory() errno=2
E/File    (29573): fail readDirectory() errno=2
E/File    (29573): fail readDirectory() errno=2
E/File    (29023): fail readDirectory() errno=2
E/File    (29023): fail readDirectory() errno=2
D/InputReader(  908): Input event(9): value=1 when=296559759712000
D/InputReader(  908): Input event(9): value=1 when=296559759712000
I/InputReader(  908): Touch event's action is 0x0 (deviceType=0) [pCnt=1, s=0.37680 ] when=296559759712000
D/InputReader(  908): lastThreadEndTime = 296559278945463, currentThreadStartTime = 296559278950046, diff = 0
I/InputDispatcher(  908): Delivering touch to (30076): action: 0x0, toolType: 1
D/ViewRootImpl(30076): ViewPostImeInputStage ACTION_DOWN
W/art     (30439): Suspending all threads took: 5.874ms
E/File    (29297): fail readDirectory() errno=2
D/StatusBar.NetworkController( 1350): refreshViews connected={ wifi } level=4 combinedSignalIconId=0x7f020681/com.android.systemui:drawable/stat_sys_wifi_signal_4 mobileLabel=Appels d'urgence uniquement wifiLabel="IHMTEK" emergencyOnly=true combinedLabel="IHMTEK" mAirplaneMode=false mDataActivity=0 mPhoneSignalIconId=0x7f020618/com.android.systemui:drawable/stat_sys_signal_4_auto_rotate mQSPhoneSignalIconId=0x7f0201b1/com.android.systemui:drawable/ic_qs_signal_4 mDataDirectionIconId=0x0/(null) mDataSignalIconId=0x7f020618/com.android.systemui:drawable/stat_sys_signal_4_auto_rotate mDataTypeIconId=0x0/(null) mQSDataTypeIconId=0x0/(null) mNoSimIconId=0x0/(null) mWifiIconId=0x7f020681/com.android.systemui:drawable/stat_sys_wifi_signal_4 mQSWifiIconId=0x7f020365/com.android.systemui:drawable/qs_tile_wifi_signal_4 mWifiActivityIconId=0x7f02064b/com.android.systemui:drawable/stat_sys_signal_inout mBluetoothTetherIconId=0x7f02065e/com.android.systemui:drawable/stat_sys_tether_bluetooth
D/STATUSBAR-WifiTile( 1350): onWifiSignalChanged enabled=true enabledDesc:"IHMTEK"
D/StatusBar.NetworkController( 1350): refreshNwBoosterIndicator - setNWBoosterIndicators(false)
D/StatusBar.NetworkController( 1350): refreshNwBoosterIndicator - setNWBoosterIndicators(false)
D/StatusBar.NetworkController( 1350): refreshNwBoosterIndicator - setNWBoosterIndicators(false)
D/StatusBar.NetworkController( 1350): refreshNwBoosterIndicator - setNWBoosterIndicators(false)
D/UserAnalysis.SecureDbManager(30576): Key for secure DB is newly created
D/UserAnalysis.SecurePlaceDbHelper(30576): SecurePlaceDbHelper() 
D/UserAnalysis(30576): Create SecureDbHelper
I/GAv4    (30501): Google Analytics 7.8.95 is starting up. To enable debug logging on a device run:
I/GAv4    (30501):   adb shell setprop log.tag.GAv4 DEBUG
I/GAv4    (30501):   adb logcat -s GAv4
D/PackageManager(  908): remove MCS_UNBIND message and Posting MCS_UNBIND 10 secs later
D/InputReader(  908): Input event(9): value=0 when=296559859628000
D/InputReader(  908): Input event(9): value=0 when=296559859628000
I/InputReader(  908): Touch event's action is 0x1 (deviceType=0) [pCnt=1, s=] when=296559859628000
I/InputDispatcher(  908): Delivering touch to (30076): action: 0x1, toolType: 1
D/ContactProvider(30485): getAllContactInfoList Start
D/UserAnalysis.App(30576): onCreate()
D/WifiDisplayAdapter(  908): getWifiDisplayStatusLocked: result=WifiDisplayStatus{featureState=2, scanState=0, activeDisplayState=0, activeDisplay=null, displays=[], sessionInfo=WifiDisplaySessionInfo: Client/Owner: Client GroupId:  Passphrase:  SessionId: 0 IP Address: , connectedState=-1, networkQoS=0}
D/UserAnalysis.App(30576): no applications having user consent for prediction
D/WifiDisplayAdapter(  908): getWifiDisplayStatusLocked: result=WifiDisplayStatus{featureState=2, scanState=0, activeDisplayState=0, activeDisplay=null, displays=[], sessionInfo=WifiDisplaySessionInfo: Client/Owner: Client GroupId:  Passphrase:  SessionId: 0 IP Address: , connectedState=-1, networkQoS=0}
D/ContactProvider(30485): getAllContactInfoList End
I/syncContacts(30485): thread: 84674, sync time = 124
V/PlaceDetection v1.0.21 (30576): [PlaceDetection::stopService] Service stopped.
D/ActivityManager(  908): startService callerProcessName:com.sec.android.gallery3d, calleePkgName: com.sec.android.gallery3d
D/[CarModeFW](30196): MyPlaceProvider-+++Begin print all data in content provider+++
D/[CarModeFW](30196): MyPlaceProvider-=============
D/[CarModeFW](30196): MyPlaceProvider-=============
W/GAv4    (30501): AnalyticsReceiver is not registered or is disabled. Register the receiver for reliable dispatching on non-Google Play devices. See http://goo.gl/8Rd3yj for instructions.
D/[CarModeFW](30196): MyPlaceProvider-=============
D/[CarModeFW](30196): MyPlaceProvider-=============
D/[CarModeFW](30196): MyPlaceProvider-=============
D/[CarModeFW](30196): MyPlaceProvider-=============
D/[CarModeFW](30196): MyPlaceProvider----End print all data in content provider---
D/[CarModeFW](30196): MyPlaceProvider-==============
D/[CarModeFW](30196): MyPlaceProvider-==============
D/[CarModeFW](30196): MyPlaceProvider-==============
D/[CarModeFW](30196): MyPlaceProvider-==============
D/[CarModeFW](30196): MyPlaceProvider-==============
V/BroadcastQueue(  908): [background] Process cur broadcast BroadcastRecord{33eba02a u0 android.intent.action.PACKAGE_ADDED} DELIVERED for app ProcessRecord{20f769da 1898:android.process.acore/u0a25}
D/[CarModeFW](30196): DestinationAvailableTableHandler-sql: select dest_name from tb_destination_list_available where ((1445340610208 - dest_date ) / 360000 ) <= 24 ORDER BY dest_date DESC LIMIT 100
E/[CarModeFW](30196): DestinationAvailableTableHandler-insert FAIL!
E/DestinationList(30196): loadLocationDestinationList is null
D/[CarModeFW](30196): Framework-Request-com.sec.android.app.automotive.carmode.framework.command.RequestRecommendedLocationList => execute time : 2450
E/ActivityManager(  908): checkUser: useridlist=null, currentuser=0
E/ActivityManager(  908): checkUser: useridlist=null, currentuser=0
E/ActivityManager(  908): checkUser: useridlist=null, currentuser=0
E/ActivityManager(  908): checkUser: useridlist=null, currentuser=0
E/Zygote  (30629): MountEmulatedStorage()
E/Zygote  (30629): v2
I/SELinux (30629): Function: selinux_compare_spd_ram, SPD-policy is existed. and_ver=SEPF_SM-N910F_5.0.1 ver=27
I/SELinux (30629): Function: selinux_compare_spd_ram , priority [2] , priority version is VE=SEPF_SM-N910F_5.1.1_0032
E/Zygote  (30629): accessInfo : 0
E/SELinux (30629): [DEBUG] get_category: variable seinfo: platform sensitivity: NULL, cateogry: NULL
V/PlaceDetection v1.0.21 (30576): [PlaceDetectionManager::removeDetectionListener] PlaceDetectionListener removed.
I/libpersona(30629): KNOX_SDCARD checking this for 1000
I/libpersona(30629): KNOX_SDCARD not a persona
I/ActivityManager(  908): Start proc 30629:com.android.settings/1000 for broadcast-3 com.android.settings/.TactileAssistBroadcastReceiver
D/TimaKeyStoreProvider(30629): TimaSignature is unavailable
D/ActivityThread(30629): Added TimaKeyStore provider
I/ActivityManager(  908): Killing 30008:com.samsung.helphub/1000 (adj 15): emptyCount ##31
V/BroadcastQueue(  908): [background] Process cur broadcast BroadcastRecord{33eba02a u0 android.intent.action.PACKAGE_ADDED} DELIVERED for app ProcessRecord{12010fd 30629:com.android.settings/1000}
W/ResourcesManager(30629): Asset path '/system/framework/sec_platform_library.jar' does not exist or contains no resources.
W/ResourcesManager(30629): Asset path '/system/framework/smatlib.jar' does not exist or contains no resources.
W/ResourcesManager(30629): Asset path '/system/framework/secvisualeffect.jar' does not exist or contains no resources.
W/ResourcesManager(30629): Asset path '/system/framework/sechardware.jar' does not exist or contains no resources.
W/ResourcesManager(30629): Asset path '/system/framework/com.google.android.maps.jar' does not exist or contains no resources.
W/ResourcesManager(30629): Asset path '/system/framework/twframework.jar' does not exist or contains no resources.
W/ResourcesManager(30629): Asset path '/system/framework/com.broadcom.bt.jar' does not exist or contains no resources.
W/GAv4    (30501): CampaignTrackingReceiver is not registered, not exported or is disabled. Installation campaign tracking is not possible. See http://goo.gl/8Rd3yj for instructions.
W/GAv4    (30501): AnalyticsService not registered in the app manifest. Hits might not be delivered reliably. See http://goo.gl/8Rd3yj for instructions.
W/AnalyticsTrackerProxyImpl(30501): Analytics setup for ID UA-21125203-2, app name Drive, version 2.3.357.23.36
D/MySettingsProvider(30629): DatabaseHelper(Context context):DATABASE_VERSION=1
E/SQLiteLog(30629): (283) recovered 9 frames from WAL file /data/data/com.android.settings/databases/mysettings.db-wal
D/MySettingsProvider(30629): onCreate():(mDB == null)? false:true  =true
I/TactileAssist(  908): enable value -1
I/TactileAssist(  908): internal enable value -1
I/TactileAssist(  908): intensity value -1
I/TactileAssist(  908): saveAppList value true
I/TactileAssist(  908): List of disabled apps :
I/TactileAssist(  908): com.test.push
I/TactileAssist(  908): com.andronicus.ledclock
V/BroadcastQueue(  908): [background] Process cur broadcast BroadcastRecord{33eba02a u0 android.intent.action.PACKAGE_ADDED} DELIVERED for app ProcessRecord{12010fd 30629:com.android.settings/1000}
I/ActivityManager(  908): Killing 30038:com.samsung.android.provider.shootingmodeprovider/u0a191 (adj 15): emptyCount ##31
I/CalendarProvider2(30408): Sending notification intent: Intent { act=android.intent.action.PROVIDER_CHANGED dat=content://com.android.calendar }
D/InputReader(  908): Input event(9): value=1 when=296560209472000
D/InputReader(  908): Input event(9): value=1 when=296560209472000
I/ActivityManager(  908): Killing 30053:com.samsung.android.app.FileShareClient/u0a233 (adj 15): emptyCount ##31
I/InputReader(  908): Touch event's action is 0x0 (deviceType=0) [pCnt=1, s=0.37681 ] when=296560209472000
I/InputDispatcher(  908): Delivering touch to (30076): action: 0x0, toolType: 1
D/ViewRootImpl(30076): ViewPostImeInputStage ACTION_DOWN
D/InputReader(  908): lastThreadEndTime = 296559860770359, currentThreadStartTime = 296559860773484, diff = 0
D/InputReader(  908): Input event(9): value=0 when=296560221085000
D/InputReader(  908): Input event(9): value=0 when=296560221085000
I/InputReader(  908): Touch event's action is 0x1 (deviceType=0) [pCnt=1, s=] when=296560221085000
I/InputDispatcher(  908): Delivering touch to (30076): action: 0x1, toolType: 1
I/ActivityManager(  908): Killing 29966:com.google.android.partnersetup/u0a18 (adj 15): emptyCount ##31
V/BroadcastQueue(  908): [backgroundsplit_2] Process cur broadcast BroadcastRecord{3d60de31 u0 android.intent.action.PACKAGE_ADDED} DELIVERED for app ProcessRecord{2b1a99c4 18584:com.google.android.googlequicksearchbox:search/u0a65}
I/System.out(30439): Parsed section Cover Stories, private: false
D/ActivityManager(  908): startService callerProcessName:com.google.android.googlequicksearchbox, calleePkgName: com.google.android.googlequicksearchbox
D/ActivityManager(  908): startService callerProcessName:com.google.android.googlequicksearchbox, calleePkgName: com.google.android.googlequicksearchbox
D/ActivityManager(  908): bindService callerProcessName:android, calleePkgName: com.google.android.gms, action: android.accounts.AccountAuthenticator
V/GLSActivity( 1871): AuthDelegateWrapperCreated with selected intent: Intent { cmp=com.google.android.gms/.auth.DefaultAuthDelegateService }
V/BroadcastQueue(  908): [backgroundsplit_2] Process cur broadcast BroadcastRecord{3d60de31 u0 android.intent.action.PACKAGE_ADDED} DELIVERED for app ProcessRecord{2b1a99c4 18584:com.google.android.googlequicksearchbox:search/u0a65}
I/UpdateIcingCorporaServi(18584): Updating corpora: APPS=com.IHMTEK.LudoMuse, CONTACTS=MAYBE
V/BroadcastQueue(  908): [backgroundsplit_2] Process cur broadcast BroadcastRecord{3d60de31 u0 android.intent.action.PACKAGE_ADDED} DELIVERED for app ProcessRecord{2be3db58 29297:com.facebook.appmanager/u0a110}
D/ActivityManager(  908): startService callerProcessName:com.facebook.appmanager, calleePkgName: com.facebook.appmanager
E/ActivityManager(  908): checkUser: useridlist=null, currentuser=0
E/ActivityManager(  908): checkUser: useridlist=null, currentuser=0
E/ActivityManager(  908): checkUser: useridlist=null, currentuser=0
E/ActivityManager(  908): checkUser: useridlist=null, currentuser=0
E/Zygote  (30669): MountEmulatedStorage()
E/Zygote  (30669): v2
I/libpersona(30669): KNOX_SDCARD checking this for 10014
I/libpersona(30669): KNOX_SDCARD not a persona
I/SELinux (30669): Function: selinux_compare_spd_ram, SPD-policy is existed. and_ver=SEPF_SM-N910F_5.0.1 ver=27
I/SELinux (30669): Function: selinux_compare_spd_ram , priority [2] , priority version is VE=SEPF_SM-N910F_5.1.1_0032
E/Zygote  (30669): accessInfo : 0
E/SELinux (30669): [DEBUG] get_category: variable seinfo: samsung sensitivity: NULL, cateogry: NULL
I/ActivityManager(  908): Start proc 30669:com.sec.android.app.samsungapps/u0a14 for broadcast-4 com.sec.android.app.samsungapps/.MyPackageReplacedReceiver
D/InputReader(  908): Input event(9): value=1 when=296560403183000
D/InputReader(  908): Input event(9): value=1 when=296560403183000
I/InputReader(  908): Touch event's action is 0x0 (deviceType=0) [pCnt=1, s=0.37682 ] when=296560403183000
D/InputReader(  908): lastThreadEndTime = 296560224939525, currentThreadStartTime = 296560224942911, diff = 0
I/InputDispatcher(  908): Delivering touch to (30076): action: 0x0, toolType: 1
D/ViewRootImpl(30076): ViewPostImeInputStage ACTION_DOWN
D/TimaKeyStoreProvider(30669): TimaSignature is unavailable
D/ActivityThread(30669): Added TimaKeyStore provider
V/BroadcastQueue(  908): [backgroundsplit_2] Process cur broadcast BroadcastRecord{3d60de31 u0 android.intent.action.PACKAGE_ADDED} DELIVERED for app ProcessRecord{fec74bb 30669:com.sec.android.app.samsungapps/u0a14}
D/InputReader(  908): Input event(9): value=0 when=296560487809000
D/InputReader(  908): Input event(9): value=0 when=296560487809000
I/InputReader(  908): Touch event's action is 0x1 (deviceType=0) [pCnt=1, s=] when=296560487809000
I/InputDispatcher(  908): Delivering touch to (30076): action: 0x1, toolType: 1
D/BatteryService(  908): !@BatteryListener : batteryPropertiesChanged!
D/BatteryService(  908): level:74, scale:100, status:2, health:2, present:true, voltage: 3946, temperature: 338, technology: Li-ion, AC powered:false, USB powered:true, POGO powered:false, Wireless powered:false, icon:17303759, invalid charger:0
D/BatteryService(  908): online:4, current avg:-836, charge type:1, power sharing:false, high voltage charger:false, capacity:322000, current_now:-1462
D/BatteryService(  908): Sending ACTION_BATTERY_CHANGED.
I/MotionRecognitionService(  908): Plugged
D/MotionRecognitionService(  908):   cableConnection= 1
D/KeyguardUpdateMonitor( 1350): received broadcast android.intent.action.BATTERY_CHANGED
I/PERF    ( 1350): received broadcast android.intent.action.BATTERY_CHANGED
D/KeyguardUpdateMonitor( 1350): handleBatteryUpdate
D/MotionRecognitionService(  908): setPowerConnected | current backoffstate  = 1024 , state =1024
D/MotionRecognitionService(  908): skip setTransmitPower. 
D/CoverUpdateMonitor( 1350): received broadcast android.intent.action.BATTERY_CHANGED
D/BatteryMeterView( 1350): ACTION_BATTERY_CHANGED : level:74 status:2 health:2
D/BatteryMeterView( 1350): ACTION_BATTERY_CHANGED : level:74 status:2 health:2
D/BatteryMeterView( 1350): ACTION_BATTERY_CHANGED : level:74 status:2 health:2
D/ConnectivityService(  908): NetTransition Wakelock (NetworkAgentInfo [WIFI () - 636] cleared because we found a replacement network
I/splitIntent(  908): Queue : backgroundsplit_2 intent android.intent.action.PACKAGE_ADDED is finished at BG and BG split queue. set mSplitStart and mBgSplitQueueOnlyRun false.
I/ActivityManager(  908): Killing 29982:com.osp.app.signin/u0a50 (adj 15): emptyCount ##31
E/ActivityManager(  908): checkUser: useridlist=null, currentuser=0
E/ActivityManager(  908): checkUser: useridlist=null, currentuser=0
E/ActivityManager(  908): checkUser: useridlist=null, currentuser=0
E/ActivityManager(  908): checkUser: useridlist=null, currentuser=0
E/Zygote  (30685): MountEmulatedStorage()
E/Zygote  (30685): v2
I/SELinux (30685): Function: selinux_compare_spd_ram, SPD-policy is existed. and_ver=SEPF_SM-N910F_5.0.1 ver=27
I/SELinux (30685): Function: selinux_compare_spd_ram , priority [2] , priority version is VE=SEPF_SM-N910F_5.1.1_0032
E/Zygote  (30685): accessInfo : 0
E/SELinux (30685): [DEBUG] get_category: variable seinfo: platform sensitivity: NULL, cateogry: NULL
I/libpersona(30685): KNOX_SDCARD checking this for 10075
I/libpersona(30685): KNOX_SDCARD not a persona
I/ActivityManager(  908): Start proc 30685:com.sec.android.widgetapp.activeapplicationwidget/u0a75 for broadcast-3 com.sec.android.widgetapp.activeapplicationwidget/.ProgramMonitorProvider
I/art     (  367): Explicit concurrent mark sweep GC freed 8752(372KB) AllocSpace objects, 0(0B) LOS objects, 72% free, 1529KB/5MB, paused 197us total 11.224ms
D/TimaKeyStoreProvider(30685): TimaSignature is unavailable
I/art     (  367): Explicit concurrent mark sweep GC freed 5(160B) AllocSpace objects, 0(0B) LOS objects, 72% free, 1529KB/5MB, paused 190us total 5.810ms
D/ActivityThread(30685): Added TimaKeyStore provider
I/art     (  367): Explicit concurrent mark sweep GC freed 5(160B) AllocSpace objects, 0(0B) LOS objects, 72% free, 1529KB/5MB, paused 182us total 5.692ms
V/BroadcastQueue(  908): [background] Process cur broadcast BroadcastRecord{1bdb4ba2 u0 com.sec.android.intent.action.HOME_PAUSE} DELIVERED for app ProcessRecord{eb6c033 30685:com.sec.android.widgetapp.activeapplicationwidget/u0a75}
D/ActivityManager(  908): startService callerProcessName:com.google.android.gms, calleePkgName: com.google.android.gms
V/TaskCloserActivity(30685): TaskCloserActivity enter()
V/TaskCloserActivity(30685): TaskCloserActivity onReceive() - com.sec.android.intent.action.HOME_PAUSE
D/accuweather( 2425): [KK AccuPhone]>>> WC:30 [0:0] action : actionCONFIGURATION_CHANGED
D/accuweather( 2425): [KK AccuPhone]>>> UIMEM:104 [0:0] The widget does not exist in idle!!
I/ActivityManager(  908): Killing 30095:com.sec.android.service.health/u0a20 (adj 15): emptyCount ##31
V/BroadcastQueue(  908): [background] Process cur broadcast BroadcastRecord{2657bb1c u0 com.sec.android.widgetapp.ap.hero.accuweather.action.CONFIGURATION_CHANGED} DELIVERED for app ProcessRecord{30683241 2425:com.sec.android.widgetapp.ap.hero.accuweather/u0a74}
I/WebViewFactory(30439): Loading com.google.android.webview version 45.0.2454.95 (code 246109500)
V/BroadcastQueue(  908): [background] Process cur broadcast BroadcastRecord{22056325 u0 com.samsung.android.net.wifi.SHOW_NOTI_MESSAGE} DELIVERED for app ProcessRecord{12010fd 30629:com.android.settings/1000}
V/BroadcastQueue(  908): [background] Process cur broadcast BroadcastRecord{341eacfa u-1 android.net.wifi.RSSI_CHANGED} DELIVERED for app ProcessRecord{4c09cf0 29573:com.facebook.orca/u0a112}
I/cr.library_loader(30439): Time to load native libraries: 6 ms (timestamps 710-716)
I/cr.library_loader(30439): Expected native library version number "", actual native library version number ""
W/ResourcesManager(30501): Asset path '/system/framework/com.android.media.remotedisplay.jar' does not exist or contains no resources.
W/ResourcesManager(30501): Asset path '/system/framework/com.android.location.provider.jar' does not exist or contains no resources.
V/BroadcastQueue(  908): [background] Process cur broadcast BroadcastRecord{3e1a9ec6 u-1 android.net.wifi.STATE_CHANGE} DELIVERED for app ProcessRecord{2faf4bf1 1350:com.android.systemui/u0a23}
V/WebViewChromiumFactoryProvider(30439): Binding Chromium to main looper Looper (main, tid 1) {1e6a6e2c}
I/cr.library_loader(30439): Expected native library version number "", actual native library version number ""
I/chromium(30439): [INFO:library_loader_hooks.cc(121)] Chromium logging enabled: level = 0, default verbosity = 0
V/BroadcastQueue(  908): [background] Process cur broadcast BroadcastRecord{3e1a9ec6 u-1 android.net.wifi.STATE_CHANGE} DELIVERED for app ProcessRecord{12010fd 30629:com.android.settings/1000}
D/NearbySettings(30629): MountReceiver.onReceive - Create HandlerThread
D/NearbySettings(30629): MountReceiver.onReceive - Start HandlerThread
D/NearbySettings(30629): MountReceiver.onReceive - Create mPrefHandler
I/UpdateIcingCorporaServi(18584): UpdateCorporaTask done [took 382 ms] updated apps [took 382 ms] 
D/NearbySettings(30629): MountReceiver.onReceive - ACTION: android.net.wifi.STATE_CHANGE
I/cr.BrowserStartup(30439): Initializing chromium process, singleProcess=true
W/art     (30439): Attempt to remove local handle scope entry from IRT, ignoring
V/NearbySettings(30629): DMSUtil.isNetworkConnected - flag-null, state-null
I/NearbySettings(30629): DMSUtil.isNetworkConnected - WIFI: CONNECTED
I/NearbySettings(30629): DMSUtil.isNetworkConnected - P2P: DISCONNECTED
I/NearbySettings(30629): DMSUtil.isNetworkConnected - WIFI-true, Hotspot-false, P2P-false, Eth-false
I/NearbySettings(30629): MountReceiver.onReceive - Keep current state
D/ConnectivityService(  908): returning getNetworkInfo for network type 1 : [type: WIFI[] - WIFI, state: CONNECTED/CONNECTED, reason: (unspecified), extra: "IHMTEK", roaming: false, failover: false, isAvailable: true, isConnectedToProvisioningNetwork: false]
D/ConnectivityService(  908): returning getNetworkInfo for network type 13 : [type: WIFI_P2P[] - WIFI_P2P, state: DISCONNECTED/DISCONNECTED, reason: (unspecified), extra: (none), roaming: false, failover: false, isAvailable: true, isConnectedToProvisioningNetwork: false]
I/WifiHs20UtilityService( 3070): Starting #1448
I/WifiHs20UtilityService( 3070): Message received 5007
E/SysUtils(30439): ApplicationContext is null in ApplicationStatus
V/BroadcastQueue(  908): [background] Process cur broadcast BroadcastRecord{3e1a9ec6 u-1 android.net.wifi.STATE_CHANGE} DELIVERED for app ProcessRecord{3c2fb2ba 3070:com.samsung.hs20settings/1000}
D/ActivityManager(  908): startService callerProcessName:com.samsung.hs20settings, calleePkgName: com.samsung.hs20settings
V/BroadcastQueue(  908): [background] Process cur broadcast BroadcastRecord{3e1a9ec6 u-1 android.net.wifi.STATE_CHANGE} DELIVERED for app ProcessRecord{2d0d17bf 28878:com.samsung.android.snote/u0a167}
I/SignOutReceiver(28878): NETWORK_STATE_CHANGED_ACTION
D/SecWifiDisplayUtil(30439): Metadata value : none
V/BroadcastQueue(  908): [background] Process cur broadcast BroadcastRecord{3e1a9ec6 u-1 android.net.wifi.STATE_CHANGE} DELIVERED for app ProcessRecord{4c09cf0 29573:com.facebook.orca/u0a112}
V/BroadcastQueue(  908): [background] Process cur broadcast BroadcastRecord{159651b4 u0 com.samsung.android.net.wifi.SHOW_NOTI_MESSAGE} DELIVERED for app ProcessRecord{12010fd 30629:com.android.settings/1000}
I/Adreno  (30439): EGLInit: QTI Build: 06/19/15, 9723ec1, I4ea93f0e25
D/InputReader(  908): Input event(9): value=1 when=296560788807000
D/InputReader(  908): Input event(9): value=1 when=296560788807000
I/InputReader(  908): Touch event's action is 0x0 (deviceType=0) [pCnt=1, s=0.37683 ] when=296560788807000
D/InputReader(  908): lastThreadEndTime = 296560489238379, currentThreadStartTime = 296560489242754, diff = 0
D/ViewRootImpl(30076): ViewPostImeInputStage ACTION_DOWN
I/InputDispatcher(  908): Delivering touch to (30076): action: 0x0, toolType: 1
V/JNIHelp (30501): Registering com/google/android/gms/org/conscrypt/NativeCrypto's 240 native methods...
D/ActivityManager(  908):  getDeferredInfo final delay 2860
V/BroadcastQueue(  908): [background] Process cur broadcast BroadcastRecord{231dd1dd u-1 android.net.wifi.RSSI_CHANGED} DELIVERED for app ProcessRecord{4c09cf0 29573:com.facebook.orca/u0a112}
V/BroadcastQueue(  908): [background] Process cur broadcast BroadcastRecord{17aaaed9 u0 com.google.android.gcm.DISCONNECTED} DELIVERED for app ProcessRecord{38730f46 5039:com.google.android.talk/u0a127}
D/InputReader(  908): Input event(9): value=0 when=296560860903000
D/InputReader(  908): Input event(9): value=0 when=296560860903000
I/InputReader(  908): Touch event's action is 0x1 (deviceType=0) [pCnt=1, s=] when=296560860903000
I/InputDispatcher(  908): Delivering touch to (30076): action: 0x1, toolType: 1
W/cr.media(30439): Requires BLUETOOTH permission
I/ProviderInstaller(30501): Installed default security provider GmsCore_OpenSSL
D/NearbySettings(30629): MountReceiver.onReceive - ACTION: android.net.wifi.STATE_CHANGE
V/NearbySettings(30629): DMSUtil.isNetworkConnected - flag-null, state-null
I/NearbySettings(30629): DMSUtil.isNetworkConnected - WIFI: CONNECTED
V/BroadcastQueue(  908): [background] Process cur broadcast BroadcastRecord{21a02838 u-1 android.net.wifi.STATE_CHANGE} DELIVERED for app ProcessRecord{2faf4bf1 1350:com.android.systemui/u0a23}
V/BroadcastQueue(  908): [background] Process cur broadcast BroadcastRecord{21a02838 u-1 android.net.wifi.STATE_CHANGE} DELIVERED for app ProcessRecord{12010fd 30629:com.android.settings/1000}
D/ConnectivityService(  908): returning getNetworkInfo for network type 1 : [type: WIFI[] - WIFI, state: CONNECTED/CONNECTED, reason: (unspecified), extra: "IHMTEK", roaming: false, failover: false, isAvailable: true, isConnectedToProvisioningNetwork: false]
D/ConnectivityService(  908): returning getNetworkInfo for network type 13 : [type: WIFI_P2P[] - WIFI_P2P, state: DISCONNECTED/DISCONNECTED, reason: (unspecified), extra: (none), roaming: false, failover: false, isAvailable: true, isConnectedToProvisioningNetwork: false]
I/NearbySettings(30629): DMSUtil.isNetworkConnected - P2P: DISCONNECTED
I/NearbySettings(30629): DMSUtil.isNetworkConnected - WIFI-true, Hotspot-false, P2P-false, Eth-false
I/NearbySettings(30629): MountReceiver.onReceive - Keep current state
D/cocos2d-x debug info(30076): void parameter
D/cocos2d-x debug info(30076): calling java method discover peers
D/cocos2d-x debug info(30076): void parameter
V/BroadcastQueue(  908): [background] Process cur broadcast BroadcastRecord{21a02838 u-1 android.net.wifi.STATE_CHANGE} DELIVERED for app ProcessRecord{3c2fb2ba 3070:com.samsung.hs20settings/1000}
D/ActivityManager(  908): startService callerProcessName:com.samsung.hs20settings, calleePkgName: com.samsung.hs20settings
D/LudoMuseDebug(30076): discover peers is called from c++
D/WifiStateMachine(  908): WifiManager.SEC_COMMAND_ID_SET_WIFI_ENABLED_WITH_P2P mSkipScanAssoc : true
D/WifiStateMachine(  908): WifiNative.WIFI_NATIVE_CMD_SET_ESTABLISH_SUP_CONNECTION mSkipScanAssoc : true
D/WifiNative-wlan0(  908): callSECApiBoolean - ID [13]
I/SignOutReceiver(28878): NETWORK_STATE_CHANGED_ACTION
I/wpa_supplicant( 1313): USE_NETWORK : USE_NETWORK OFF
I/WifiHs20UtilityService( 3070): Starting #1449
I/WifiHs20UtilityService( 3070): Message received 5007
D/LudoMuseDebug(30076): success on launching service peersDiscovering
V/BroadcastQueue(  908): [background] Process cur broadcast BroadcastRecord{21a02838 u-1 android.net.wifi.STATE_CHANGE} DELIVERED for app ProcessRecord{2d0d17bf 28878:com.samsung.android.snote/u0a167}
D/WifiP2pService(  908): InactiveState{ what=139265 }
D/WifiP2pService(  908): P2pEnabledState{ what=139265 }
D/WifiService(  908): SEC_COMMAND_ID_SET_WIFI_SCAN_WITH_P2P : WiFi scan with p2p -> Stop Scan, Stop Assoc
D/SecContentProvider(  908): insert(), uri = 2
E/libEGL  (30439): validate_display:255 error 3008 (EGL_BAD_DISPLAY)
D/WifiP2pService(  908): discovery change broadcast true
D/Hs20BroadcastReceiver( 3070): reason: 2
V/BroadcastQueue(  908): [background] Process cur broadcast BroadcastRecord{21a02838 u-1 android.net.wifi.STATE_CHANGE} DELIVERED for app ProcessRecord{4c09cf0 29573:com.facebook.orca/u0a112}
V/BroadcastQueue(  908): [background] Process cur broadcast BroadcastRecord{30c26011 u-1 android.net.wifi.CONFIGURED_NETWORKS_CHANGE} DELIVERED for app ProcessRecord{3c2fb2ba 3070:com.samsung.hs20settings/1000}
D/ActivityManager(  908): startService callerProcessName:com.samsung.hs20settings, calleePkgName: com.samsung.hs20settings
I/WifiHs20UtilityService( 3070): Starting #1450
I/WifiHs20UtilityService( 3070): Message received 5014
E/WifiHs20UtilityService( 3070): received HS20_UTILITY_ACTION_TYPE_HS20_CONFIGURATION_CHANGED
E/WifiHs20UtilityService( 3070): The changed config is NULL
D/NearbySettings(30629): MountReceiver.onReceive - ACTION: android.net.wifi.p2p.CONNECTION_STATE_CHANGE
V/NearbySettings(30629): DMSUtil.isNetworkConnected - flag-null, state-null
I/NearbySettings(30629): DMSUtil.isNetworkConnected - WIFI: CONNECTED
I/NearbySettings(30629): DMSUtil.isNetworkConnected - P2P: DISCONNECTED
I/NearbySettings(30629): DMSUtil.isNetworkConnected - WIFI-true, Hotspot-false, P2P-false, Eth-false
I/NearbySettings(30629): MountReceiver.onReceive - Keep current state
V/BroadcastQueue(  908): [background] Process cur broadcast BroadcastRecord{1a2e4576 u-1 android.net.wifi.p2p.CONNECTION_STATE_CHANGE} DELIVERED for app ProcessRecord{12010fd 30629:com.android.settings/1000}
D/ConnectivityService(  908): returning getNetworkInfo for network type 1 : [type: WIFI[] - WIFI, state: CONNECTED/CONNECTED, reason: (unspecified), extra: "IHMTEK", roaming: false, failover: false, isAvailable: true, isConnectedToProvisioningNetwork: false]
D/ConnectivityService(  908): returning getNetworkInfo for network type 13 : [type: WIFI_P2P[] - WIFI_P2P, state: DISCONNECTED/DISCONNECTED, reason: (unspecified), extra: (none), roaming: false, failover: false, isAvailable: true, isConnectedToProvisioningNetwork: false]
I/ActivityManager(  908): Killing 30125:com.sec.android.widgetapp.tapandpay/u0a196 (adj 15): emptyCount ##31
I/ActivityManager(  908): Killing 29481:com.android.vending/u0a35 (adj 15): emptyCount ##31
D/FileShare-Server(12013): ServerBroadcastReceiver.onReceive - action android.net.wifi.p2p.CONNECTION_STATE_CHANGE // null
V/BroadcastQueue(  908): [background] Process cur broadcast BroadcastRecord{1a2e4576 u-1 android.net.wifi.p2p.CONNECTION_STATE_CHANGE} DELIVERED for app ProcessRecord{1a56b0c9 12013:com.samsung.android.app.FileShareServer/u0a235}
V/BroadcastQueue(  908): [background] Process cur broadcast BroadcastRecord{2e21b777 u-1 android.net.wifi.WIFI_STATE_CHANGED} DELIVERED for app ProcessRecord{3c2fb2ba 3070:com.samsung.hs20settings/1000}
I/WifiHs20UtilityService( 3070): Starting #1451
I/SignOutReceiver(28878): WIFI_STATE_CHANGED_ACTION
D/ActivityManager(  908): startService callerProcessName:com.samsung.hs20settings, calleePkgName: com.samsung.hs20settings
V/BroadcastQueue(  908): [background] Process cur broadcast BroadcastRecord{2e21b777 u-1 android.net.wifi.WIFI_STATE_CHANGED} DELIVERED for app ProcessRecord{2d0d17bf 28878:com.samsung.android.snote/u0a167}
I/WifiHs20UtilityService( 3070): Message received 5011
V/BroadcastQueue(  908): [background] Process cur broadcast BroadcastRecord{f705413 u0 com.samsung.android.net.wifi.SHOW_NOTI_MESSAGE} DELIVERED for app ProcessRecord{12010fd 30629:com.android.settings/1000}
V/BroadcastQueue(  908): [background] Process cur broadcast BroadcastRecord{2623c650 u0 com.samsung.android.net.wifi.SHOW_NOTI_MESSAGE} DELIVERED for app ProcessRecord{12010fd 30629:com.android.settings/1000}
V/BroadcastQueue(  908): [background] Process cur broadcast BroadcastRecord{15880049 u-1 android.net.conn.CONNECTIVITY_CHANGE} DELIVERED for app ProcessRecord{3a09bc20 29023:com.facebook.katana/u0a114}
E/ActivityManager(  908): checkUser: useridlist=null, currentuser=0
E/ActivityManager(  908): checkUser: useridlist=null, currentuser=0
E/ActivityManager(  908): checkUser: useridlist=null, currentuser=0
E/ActivityManager(  908): checkUser: useridlist=null, currentuser=0
E/Zygote  (30722): MountEmulatedStorage()
E/Zygote  (30722): v2
I/SELinux (30722): Function: selinux_compare_spd_ram, SPD-policy is existed. and_ver=SEPF_SM-N910F_5.0.1 ver=27
I/libpersona(30722): KNOX_SDCARD checking this for 10113
I/libpersona(30722): KNOX_SDCARD not a persona
I/ActivityManager(  908): Start proc 30722:com.facebook.pages.app/u0a113 for broadcast-3 com.facebook.pages.app/com.facebook.iorg.vpn.cleanup.NetworkStateMonitor
I/SELinux (30722): Function: selinux_compare_spd_ram , priority [2] , priority version is VE=SEPF_SM-N910F_5.1.1_0032
E/Zygote  (30722): accessInfo : 0
E/SELinux (30722): [DEBUG] get_category: variable seinfo: default sensitivity: NULL, cateogry: NULL
D/TimaKeyStoreProvider(30722): TimaSignature is unavailable
D/ActivityThread(30722): Added TimaKeyStore provider
V/BroadcastQueue(  908): [background] Process cur broadcast BroadcastRecord{15880049 u-1 android.net.conn.CONNECTIVITY_CHANGE} DELIVERED for app ProcessRecord{1c748d4e 30722:com.facebook.pages.app/u0a113}
I/dhcpcd  (30344): wlan0: sending IPv6 Router Solicitation
I/art     (30722): Thread[1,tid=30722,WaitingForJniOnLoad,Thread*=0xb4827800,peer=0x86ba5000,"main"] recursive attempt to load library "/data/app/com.facebook.pages.app-1/lib/arm/libfbjni.so"
W/art     (30722): Attempt to remove local handle scope entry from IRT, ignoring
I/ConfigService( 1871): onDestroy
W/StaticBindingVerifier(30722): Verify
D/InputReader(  908): Input event(9): value=1 when=296561548209000
D/InputReader(  908): Input event(9): value=1 when=296561548209000
I/InputReader(  908): Touch event's action is 0x0 (deviceType=0) [pCnt=1, s=0.37684 ] when=296561548209000
D/InputReader(  908): lastThreadEndTime = 296560862190671, currentThreadStartTime = 296560862193483, diff = 0
I/InputDispatcher(  908): Delivering touch to (30076): action: 0x0, toolType: 1
D/ViewRootImpl(30076): ViewPostImeInputStage ACTION_DOWN
D/PowerManagerService(  908): [api] userActivityFromNative : 10 (event: 2 flags: 0) eventTime = 296561548
D/StatusBar.NetworkController( 1350): refreshViews connected={ wifi } level=4 combinedSignalIconId=0x7f020681/com.android.systemui:drawable/stat_sys_wifi_signal_4 mobileLabel=Appels d'urgence uniquement wifiLabel="IHMTEK" emergencyOnly=true combinedLabel="IHMTEK" mAirplaneMode=false mDataActivity=0 mPhoneSignalIconId=0x7f020618/com.android.systemui:drawable/stat_sys_signal_4_auto_rotate mQSPhoneSignalIconId=0x7f0201b1/com.android.systemui:drawable/ic_qs_signal_4 mDataDirectionIconId=0x0/(null) mDataSignalIconId=0x7f020618/com.android.systemui:drawable/stat_sys_signal_4_auto_rotate mDataTypeIconId=0x0/(null) mQSDataTypeIconId=0x0/(null) mNoSimIconId=0x0/(null) mWifiIconId=0x7f020681/com.android.systemui:drawable/stat_sys_wifi_signal_4 mQSWifiIconId=0x7f020365/com.android.systemui:drawable/qs_tile_wifi_signal_4 mWifiActivityIconId=0x7f020657/com.android.systemui:drawable/stat_sys_signal_out mBluetoothTetherIconId=0x7f02065e/com.android.systemui:drawable/stat_sys_tether_bluetooth
D/STATUSBAR-WifiTile( 1350): onWifiSignalChanged enabled=true enabledDesc:"IHMTEK"
D/StatusBar.NetworkController( 1350): refreshNwBoosterIndicator - setNWBoosterIndicators(false)
D/StatusBar.NetworkController( 1350): refreshNwBoosterIndicator - setNWBoosterIndicators(false)
D/StatusBar.NetworkController( 1350): refreshNwBoosterIndicator - setNWBoosterIndicators(false)
D/StatusBar.NetworkController( 1350): refreshNwBoosterIndicator - setNWBoosterIndicators(false)
D/InputReader(  908): Input event(9): value=0 when=296561632338000
D/InputReader(  908): Input event(9): value=0 when=296561632338000
I/InputReader(  908): Touch event's action is 0x1 (deviceType=0) [pCnt=1, s=] when=296561632338000
I/InputDispatcher(  908): Delivering touch to (30076): action: 0x1, toolType: 1
D/cocos2d-x debug info(30076): parent selected
I/ActivityManager(  908): Killing 30163:com.sec.pcw.device/1000 (adj 15): emptyCount ##31
V/BroadcastQueue(  908): [background] Process cur broadcast BroadcastRecord{15880049 u-1 android.net.conn.CONNECTIVITY_CHANGE} DELIVERED for app ProcessRecord{4c09cf0 29573:com.facebook.orca/u0a112}
V/BroadcastQueue(  908): [background] Process cur broadcast BroadcastRecord{15880049 u-1 android.net.conn.CONNECTIVITY_CHANGE} DELIVERED for app ProcessRecord{2be3db58 29297:com.facebook.appmanager/u0a110}
V/BroadcastQueue(  908): [background] Process cur broadcast BroadcastRecord{15880049 u-1 android.net.conn.CONNECTIVITY_CHANGE} DELIVERED for app ProcessRecord{6c4ee65 908:system/1000}
V/BroadcastQueue(  908): [background] Process cur broadcast BroadcastRecord{15880049 u-1 android.net.conn.CONNECTIVITY_CHANGE} DELIVERED for app ProcessRecord{6c4ee65 908:system/1000}
I/KLMS-2.5.262: ( 4091): KLMSAbstractReciever(): onReceive(): Intent { act=android.net.conn.CONNECTIVITY_CHANGE flg=0x4000010 cmp=com.samsung.klmsagent/.listner.MainReciver (has extras) } | timestamp: Tue Oct 20 13:30:12 GMT+02:00 2015
I/Icing   (14166): Indexing DAC01ECE6176414B1A4A9B888D53E52E578842F6 from com.google.android.googlequicksearchbox
V/BroadcastQueue(  908): [background] Process cur broadcast BroadcastRecord{15880049 u-1 android.net.conn.CONNECTIVITY_CHANGE} DELIVERED for app ProcessRecord{14fdcf81 4091:com.samsung.klmsagent/u0a22}
D/ActivityManager(  908): startService callerProcessName:com.samsung.klmsagent, calleePkgName: com.samsung.klmsagent
I/KLMS-2.5.262: ( 4091): KLMSAbstractReciever(): onReceive().END.
D/Hs20BroadcastReceiver( 3070): reason: 2
I/WifiHs20UtilityService( 3070): Starting #1452
I/WifiHs20UtilityService( 3070): Message received 5014
V/BroadcastQueue(  908): [background] Process cur broadcast BroadcastRecord{2406f77c u-1 android.net.wifi.CONFIGURED_NETWORKS_CHANGE} DELIVERED for app ProcessRecord{3c2fb2ba 3070:com.samsung.hs20settings/1000}
D/ActivityManager(  908): startService callerProcessName:com.samsung.hs20settings, calleePkgName: com.samsung.hs20settings
E/WifiHs20UtilityService( 3070): received HS20_UTILITY_ACTION_TYPE_HS20_CONFIGURATION_CHANGED
E/WifiHs20UtilityService( 3070): The changed config is NULL
I/KLMS-2.5.262: ( 4091): KLMSIntentService(): onCreate()
I/KLMS-2.5.262: ( 4091): KLMSSystemProperties(): getBoolean(): ro.product_ship = true
I/KLMS-2.5.262: ( 4091): KLMSUtility(): isTestMode(): product_ship: true | testApk: false
I/KLMS-2.5.262: ( 4091): KLMSIntentService(): onHandleIntent().START: Intent { act=android.net.conn.CONNECTIVITY_CHANGE flg=0x4000010 cmp=com.samsung.klmsagent/.service.KLMSIntentService (has extras) }
D/KLMS-2.5.262: ( 4091): KLMSIntentService(): NETWORK_STATE_CHANGED
I/KLMS-2.5.262: ( 4091): Systemprocess(): networkChangeListener().START
I/KLMS-2.5.262: ( 4091): KLMSUtility(): isPossibleNetwork() - WIFI : true| MOBILE : false| ETHERNET : false
I/KLMS-2.5.262: ( 4091): NetworkChangeOperations(): uploadRequestLog().START
D/ConnectivityService(  908): returning getNetworkInfo for network type 1 : [type: WIFI[] - WIFI, state: CONNECTED/CONNECTED, reason: (unspecified), extra: "IHMTEK", roaming: false, failover: false, isAvailable: true, isConnectedToProvisioningNetwork: false]
D/ConnectivityService(  908): returning getNetworkInfo for network type 0 : [type: MOBILE[] - MOBILE, state: DISCONNECTED/DISCONNECTED, reason: (unspecified), extra: (none), roaming: false, failover: false, isAvailable: true, isConnectedToProvisioningNetwork: false]
D/ConnectivityService(  908): returning getNetworkInfo for network type 9 : [type: ETHERNET[] - ETHERNET, state: DISCONNECTED/DISCONNECTED, reason: (unspecified), extra: (none), roaming: false, failover: false, isAvailable: true, isConnectedToProvisioningNetwork: false]
D/KLMS-2.5.262: ( 4091): DataSource(): Fetched Data from data base count : 0
V/BroadcastQueue(  908): [background] Process cur broadcast BroadcastRecord{1c475805 u-1 android.net.wifi.CONFIGURED_NETWORKS_CHANGE} DELIVERED for app ProcessRecord{3c2fb2ba 3070:com.samsung.hs20settings/1000}
D/Hs20BroadcastReceiver( 3070): reason: 2
I/KLMS-2.5.262: ( 4091): NetworkChangeOperations(): uploadRequestLog().END 
I/KLMS-2.5.262: ( 4091): Systemprocess(): networkChangeListener().END
I/KLMS-2.5.262: ( 4091): KLMSIntentService(): onDestroy()
D/ActivityManager(  908): startService callerProcessName:com.samsung.hs20settings, calleePkgName: com.samsung.hs20settings
I/WifiHs20UtilityService( 3070): Starting #1453
I/WifiHs20UtilityService( 3070): Message received 5014
E/WifiHs20UtilityService( 3070): received HS20_UTILITY_ACTION_TYPE_HS20_CONFIGURATION_CHANGED
E/WifiHs20UtilityService( 3070): The changed config is NULL
I/WifiHs20UtilityService( 3070): Starting #1454
I/WifiHs20UtilityService( 3070): Message received 5011
V/BroadcastQueue(  908): [background] Process cur broadcast BroadcastRecord{2010305a u-1 android.net.wifi.WIFI_STATE_CHANGED} DELIVERED for app ProcessRecord{3c2fb2ba 3070:com.samsung.hs20settings/1000}
D/ActivityManager(  908): startService callerProcessName:com.samsung.hs20settings, calleePkgName: com.samsung.hs20settings
I/SignOutReceiver(28878): WIFI_STATE_CHANGED_ACTION
V/BroadcastQueue(  908): [background] Process cur broadcast BroadcastRecord{2010305a u-1 android.net.wifi.WIFI_STATE_CHANGED} DELIVERED for app ProcessRecord{2d0d17bf 28878:com.samsung.android.snote/u0a167}
V/BroadcastQueue(  908): [background] Process cur broadcast BroadcastRecord{153c328b u-1 android.net.wifi.SCAN_RESULTS} DELIVERED for app ProcessRecord{2faf4bf1 1350:com.android.systemui/u0a23}
V/BroadcastQueue(  908): [background] Process cur broadcast BroadcastRecord{153c328b u-1 android.net.wifi.SCAN_RESULTS} DELIVERED for app ProcessRecord{4c09cf0 29573:com.facebook.orca/u0a112}
V/BroadcastQueue(  908): [background] Process cur broadcast BroadcastRecord{5b96c67 u-1 android.net.wifi.STATE_CHANGE} DELIVERED for app ProcessRecord{2faf4bf1 1350:com.android.systemui/u0a23}
V/BroadcastQueue(  908): [background] Process cur broadcast BroadcastRecord{5b96c67 u-1 android.net.wifi.STATE_CHANGE} DELIVERED for app ProcessRecord{12010fd 30629:com.android.settings/1000}
D/NearbySettings(30629): MountReceiver.onReceive - ACTION: android.net.wifi.STATE_CHANGE
V/NearbySettings(30629): DMSUtil.isNetworkConnected - flag-null, state-null
I/NearbySettings(30629): DMSUtil.isNetworkConnected - WIFI: CONNECTED
I/NearbySettings(30629): DMSUtil.isNetworkConnected - P2P: DISCONNECTED
I/NearbySettings(30629): DMSUtil.isNetworkConnected - WIFI-true, Hotspot-false, P2P-false, Eth-false
I/NearbySettings(30629): MountReceiver.onReceive - Keep current state
D/ConnectivityService(  908): returning getNetworkInfo for network type 1 : [type: WIFI[] - WIFI, state: CONNECTED/CONNECTED, reason: (unspecified), extra: "IHMTEK", roaming: false, failover: false, isAvailable: true, isConnectedToProvisioningNetwork: false]
D/ConnectivityService(  908): returning getNetworkInfo for network type 13 : [type: WIFI_P2P[] - WIFI_P2P, state: DISCONNECTED/DISCONNECTED, reason: (unspecified), extra: (none), roaming: false, failover: false, isAvailable: true, isConnectedToProvisioningNetwork: false]
V/BroadcastQueue(  908): [background] Process cur broadcast BroadcastRecord{5b96c67 u-1 android.net.wifi.STATE_CHANGE} DELIVERED for app ProcessRecord{3c2fb2ba 3070:com.samsung.hs20settings/1000}
I/WifiHs20UtilityService( 3070): Starting #1455
D/ActivityManager(  908): startService callerProcessName:com.samsung.hs20settings, calleePkgName: com.samsung.hs20settings
V/BroadcastQueue(  908): [background] Process cur broadcast BroadcastRecord{5b96c67 u-1 android.net.wifi.STATE_CHANGE} DELIVERED for app ProcessRecord{2d0d17bf 28878:com.samsung.android.snote/u0a167}
I/SignOutReceiver(28878): NETWORK_STATE_CHANGED_ACTION
I/WifiHs20UtilityService( 3070): Message received 5007
W/pages(:<default>):UserScope(30722): Called user scoped provider with no viewer. ViewerContextManager was created with no ViewerContext. Using EmptyViewerContextManager to return fake logged in instance.
V/BroadcastQueue(  908): [background] Process cur broadcast BroadcastRecord{5b96c67 u-1 android.net.wifi.STATE_CHANGE} DELIVERED for app ProcessRecord{4c09cf0 29573:com.facebook.orca/u0a112}
D/EnterpriseController(  330): netId is 0
D/Netd    (  330): getNetworkForDns: using netid 637 for uid 10015
D/BootupListener( 1608): onReceive : com.sec.android.automotive.drivelink.NAVIGATION_PACKAGE_NAME
D/BootupListener( 1608): ACTION_DRIVELINK
D/SettingsProvider(  908): name = drivelink_navigation
D/SettingsProvider(  908): edmUri: content://com.sec.knox.provider/RestrictionPolicy3
D/SettingsProvider(  908): projectionArgs: isSettingsChangesAllowed
D/SettingsProvider(  908): selectionArgs: false
D/SettingsProvider(  908): selectionArgs: 1001
D/SecContentProvider(  908): query(), uri = 17 selection = isSettingsChangesAllowed
V/BroadcastQueue(  908): [background] Process cur broadcast BroadcastRecord{3b142298 u0 com.sec.android.automotive.drivelink.NAVIGATION_PACKAGE_NAME} DELIVERED for app ProcessRecord{10f17225 1608:com.android.phone/1001}
D/SettingsProvider(  908): ret = -1
D/BootupListener( 1608): NAVI : com.here.app.maps
V/BroadcastQueue(  908): [background] Process cur broadcast BroadcastRecord{23ad3af1 u-1 android.net.wifi.RSSI_CHANGED} DELIVERED for app ProcessRecord{4c09cf0 29573:com.facebook.orca/u0a112}
V/BroadcastQueue(  908): [background] Process cur broadcast BroadcastRecord{1db6d6 u-1 android.net.wifi.STATE_CHANGE} DELIVERED for app ProcessRecord{2faf4bf1 1350:com.android.systemui/u0a23}
D/NearbySettings(30629): MountReceiver.onReceive - ACTION: android.net.wifi.STATE_CHANGE
I/NearbySettings(30629): MountReceiver.onReceive - Keep current state
V/BroadcastQueue(  908): [background] Process cur broadcast BroadcastRecord{1db6d6 u-1 android.net.wifi.STATE_CHANGE} DELIVERED for app ProcessRecord{12010fd 30629:com.android.settings/1000}
V/BroadcastQueue(  908): [background] Process cur broadcast BroadcastRecord{1db6d6 u-1 android.net.wifi.STATE_CHANGE} DELIVERED for app ProcessRecord{3c2fb2ba 3070:com.samsung.hs20settings/1000}
D/ActivityManager(  908): startService callerProcessName:com.samsung.hs20settings, calleePkgName: com.samsung.hs20settings
V/BroadcastQueue(  908): [background] Process cur broadcast BroadcastRecord{1db6d6 u-1 android.net.wifi.STATE_CHANGE} DELIVERED for app ProcessRecord{2d0d17bf 28878:com.samsung.android.snote/u0a167}
W/pages(:<default>):UserScope(30722): Called user scoped provider with no viewer. ViewerContextManager was created with no ViewerContext. Using EmptyViewerContextManager to return fake logged in instance.
I/WifiHs20UtilityService( 3070): Starting #1456
I/WifiHs20UtilityService( 3070): Message received 5007
I/SignOutReceiver(28878): NETWORK_STATE_CHANGED_ACTION
V/BroadcastQueue(  908): [background] Process cur broadcast BroadcastRecord{1db6d6 u-1 android.net.wifi.STATE_CHANGE} DELIVERED for app ProcessRecord{4c09cf0 29573:com.facebook.orca/u0a112}
V/BroadcastQueue(  908): [background] Process cur broadcast BroadcastRecord{dd75729 u-1 android.net.wifi.RSSI_CHANGED} DELIVERED for app ProcessRecord{4c09cf0 29573:com.facebook.orca/u0a112}
V/BroadcastQueue(  908): [background] Process cur broadcast BroadcastRecord{13f4caae u-1 android.net.wifi.STATE_CHANGE} DELIVERED for app ProcessRecord{2faf4bf1 1350:com.android.systemui/u0a23}
D/NearbySettings(30629): MountReceiver.onReceive - ACTION: android.net.wifi.STATE_CHANGE
I/art     (  908): Explicit concurrent mark sweep GC freed 44168(2MB) AllocSpace objects, 2(32KB) LOS objects, 27% free, 41MB/57MB, paused 2.514ms total 168.750ms
V/NearbySettings(30629): DMSUtil.isNetworkConnected - flag-null, state-null
V/BroadcastQueue(  908): [background] Process cur broadcast BroadcastRecord{13f4caae u-1 android.net.wifi.STATE_CHANGE} DELIVERED for app ProcessRecord{12010fd 30629:com.android.settings/1000}
D/ConnectivityService(  908): returning getNetworkInfo for network type 1 : [type: WIFI[] - WIFI, state: CONNECTED/CONNECTED, reason: (unspecified), extra: "IHMTEK", roaming: false, failover: false, isAvailable: true, isConnectedToProvisioningNetwork: false]
I/NearbySettings(30629): DMSUtil.isNetworkConnected - WIFI: CONNECTED
D/InputReader(  908): Input event(9): value=1 when=296562032663000
D/InputReader(  908): Input event(9): value=1 when=296562032663000
I/InputReader(  908): Touch event's action is 0x0 (deviceType=0) [pCnt=1, s=0.37685 ] when=296562032663000
D/InputReader(  908): lastThreadEndTime = 296561633881973, currentThreadStartTime = 296561633885618, diff = 0
