--------- beginning of main
E/LocSvc_libulp(  908): I/int ulp_msg_process_system_update(UlpSystemEvent): systemEvent:5 
E/LocSvc_libulp(  908): I/int ulp_msg_process_start_req(), at ulp state = 1
E/LocSvc_ApiV02(  908): I/<--- void globalRespCb(locClientHandleType, uint32_t, locClientRespIndUnionType, void*) line 125 QMI_LOC_GET_BEST_AVAILABLE_POSITION_REQ_V02
D/Ulp_jni (  908): Location CB invoked
E/LocSvc_libulp(  908): I/int ulp_brain_process_zpp_position_report(loc_sess_status, LocPosTechMask, const UlpLocation*), report ZPP position to providers,report_position = 1
--------- beginning of system
D/BatteryService(  908): !@BatteryListener : batteryPropertiesChanged!
D/BatteryService(  908): level:49, scale:100, status:2, health:2, present:true, voltage: 3870, temperature: 293, technology: Li-ion, AC powered:false, USB powered:true, POGO powered:false, Wireless powered:false, icon:17303759, invalid charger:0
D/BatteryService(  908): online:4, current avg:188, charge type:1, power sharing:false, high voltage charger:false, capacity:322000, current_now:204
D/BatteryService(  908): Sending ACTION_BATTERY_CHANGED.
D/KeyguardUpdateMonitor( 1350): received broadcast android.intent.action.BATTERY_CHANGED
I/PERF    ( 1350): received broadcast android.intent.action.BATTERY_CHANGED
D/KeyguardUpdateMonitor( 1350): handleBatteryUpdate
D/CoverUpdateMonitor( 1350): received broadcast android.intent.action.BATTERY_CHANGED
I/MotionRecognitionService(  908): Plugged
D/MotionRecognitionService(  908):   cableConnection= 1
D/MotionRecognitionService(  908): setPowerConnected | current backoffstate  = 1024 , state =1024
D/MotionRecognitionService(  908): skip setTransmitPower. 
D/BatteryMeterView( 1350): ACTION_BATTERY_CHANGED : level:49 status:2 health:2
D/BatteryMeterView( 1350): ACTION_BATTERY_CHANGED : level:49 status:2 health:2
D/BatteryMeterView( 1350): ACTION_BATTERY_CHANGED : level:49 status:2 health:2
D/SSRM:n  (  908): SIOP:: AP = 330, PST = 348 (W:22), CUR = 188, LCD = 0
D/StatusBar.NetworkController( 1350): refreshViews connected={ wifi } level=4 combinedSignalIconId=0x7f020681/com.android.systemui:drawable/stat_sys_wifi_signal_4 mobileLabel=Appels d'urgence uniquement wifiLabel="IHMTEK" emergencyOnly=true combinedLabel="IHMTEK" mAirplaneMode=false mDataActivity=0 mPhoneSignalIconId=0x7f020618/com.android.systemui:drawable/stat_sys_signal_4_auto_rotate mQSPhoneSignalIconId=0x7f0201b1/com.android.systemui:drawable/ic_qs_signal_4 mDataDirectionIconId=0x0/(null) mDataSignalIconId=0x7f020618/com.android.systemui:drawable/stat_sys_signal_4_auto_rotate mDataTypeIconId=0x0/(null) mQSDataTypeIconId=0x0/(null) mNoSimIconId=0x0/(null) mWifiIconId=0x7f020681/com.android.systemui:drawable/stat_sys_wifi_signal_4 mQSWifiIconId=0x7f020365/com.android.systemui:drawable/qs_tile_wifi_signal_4 mWifiActivityIconId=0x7f02064e/com.android.systemui:drawable/stat_sys_signal_no_inout mBluetoothTetherIconId=0x7f02065e/com.android.systemui:drawable/stat_sys_tether_bluetooth
D/STATUSBAR-WifiTile( 1350): onWifiSignalChanged enabled=true enabledDesc:"IHMTEK"
D/StatusBar.NetworkController( 1350): refreshNwBoosterIndicator - setNWBoosterIndicators(false)
D/StatusBar.NetworkController( 1350): refreshNwBoosterIndicator - setNWBoosterIndicators(false)
D/StatusBar.NetworkController( 1350): refreshNwBoosterIndicator - setNWBoosterIndicators(false)
D/StatusBar.NetworkController( 1350): refreshNwBoosterIndicator - setNWBoosterIndicators(false)
D/InputReader(  908): Input event(9): value=1 when=271818351308000
D/InputReader(  908): Input event(9): value=1 when=271818351308000
I/InputReader(  908): Touch event's action is 0x0 (deviceType=0) [pCnt=1, s=0.36998 ] when=271818351308000
I/InputDispatcher(  908): Delivering touch to (1350): action: 0x4, toolType: 1
I/InputDispatcher(  908): Delivering touch to (908): action: 0x0, toolType: 1
D/ViewRootImpl(  908): ViewPostImeInputStage ACTION_DOWN
D/InputReader(  908): lastThreadEndTime = 271788836093975, currentThreadStartTime = 271788836098194, diff = 0
D/InputReader(  908): Input event(9): value=0 when=271818509185000
D/InputReader(  908): Input event(9): value=0 when=271818509185000
I/InputReader(  908): Touch event's action is 0x1 (deviceType=0) [pCnt=1, s=] when=271818509185000
I/InputDispatcher(  908): Delivering touch to (908): action: 0x1, toolType: 1
D/OpenGLRenderer(  908): endAllStagingAnimators on 0x9acfa200 (RippleDrawable) with handle 0x64579c20
D/MultiWindowConverter(  908): dismissGuide() : Before attaching the guide view, mForceDismissGuide : false
D/StatusBarManagerService(  908): manageDisableList userId=0 what=0x0 pkg=Window{ce4f61d u0 d0 com.sec.android.app.launcher/com.android.launcher2.Launcher}
D/InputDispatcher(  908): Focus left window: 908
D/InputDispatcher(  908): Focus entered window: 1649
D/Launcher( 1649): setSystemUiTransparency.SettingNotFoundException : set as TRUE
D/PointerIcon(  908): setMouseIconStyle1 pointerType: 1001 iconType:101 flag:0 pid:908 uid:1000
D/PointerIcon(  908): setMouseCustomIcon IconType is same.101
D/PointerIcon(  908): setHoveringSpenIconStyle1 pointerType: 10001 iconType:1 flag:0 pid:908 uid:1000
D/PointerIcon(  908): setHoveringSpenCustomIcon IconType is same.1
D/Launcher( 1649): Launcher::setSystemUiTransparency(): getSystemUiVisibility() after setting  = 0
E/ViewRootImpl(  908): sendUserActionEvent() mView == null
E/OpenGLRenderer(  908): SFEffectCache:clear(), mSize = 0
D/InputMethodManagerService(  908): windowGainedFocus mCurrentFocusedUserId - 0 and mSecureKeypadEnabled-false
W/InputMethodManagerService(  908): Got RemoteException sending setActive(false) notification to pid 26480 uid 10441
D/PanelView( 1350): There is/are notification(s) 
D/AudioService(  908): getStreamVolume 3 index 10
D/SamsungIME( 2159): onStartInput: No inputType, No imeOption, isInputViewShown = false, isExtractViewShown = false, isShowInputRequested = false, isConfigChanged = true
I/MicroRecognitionRnrImpl(18584): Starting detection.
I/MicrophoneInputStream(18584): mic_starting com.google.android.apps.gsa.speech.audio.x@235a72b6
V/BroadcastQueue(  908): [background] Process cur broadcast BroadcastRecord{14b6c1c4 u0 update-hint} DELIVERED for app ProcessRecord{2b1a99c4 18584:com.google.android.googlequicksearchbox:search/u0a65}
I/AudioPolicyManager(  339): getInputForAttr() source 1999, samplingRate 16000, format 8, channelMask 1,session 0, flags 0x10
I/AudioPolicyManager(  339): getDeviceForInputSource()input source 1999, device 80000004
V/audio_hw_primary(  339): adev_open_input_stream: enter
E/audio_hw_primary(  339): adev_open_input_stream : jack_config 0
E/audio_hw_primary(  339): adev_open_input_stream input is null, set new input stream
V/audio_hw_primary(  339): adev_open_input_stream: exit
I/AudioFlinger(  339): AudioFlinger's thread 0xaf6c7000 ready to run
V/audio_hw_primary(  339): in_standby: enter
V/audio_hw_primary(  339): in_standby: exit:  status(0)
V/audio_hw_primary(  339): in_standby: enter
V/audio_hw_primary(  339): in_standby: exit:  status(0)
I/AudioPolicyManager(  339): startInput() input 603
I/AudioPolicyManager(  339): getDeviceForInputSource()input source 1999, device 80000004
V/audio_hw_primary(  339): in_set_parameters: enter: kvpairs=input_source=6;keyIsHotword=true;routing=-2147483644
V/audio_hw_primary(  339): [ALWAYS_MIC] KEY_IS_HOTWORD true
I/samsungRecord(  339): [samsungrecord] MicCalonoff 1
V/audio_hw_primary(  339): in_set_parameters: exit: status(11)
I/MicrophoneInputStream(18584): mic_started com.google.android.apps.gsa.speech.audio.x@235a72b6
V/msm8974_platform(  339): platform_update_usecase_from_source: input source :6
V/audio_hw_primary(  339): start_input_stream: enter: usecase(8)
V/voice   (  339): voice_check_and_set_incall_rec_usecase: voice call not active
V/audio_hw_primary(  339): start_input_stream: usecase(8)
D/PreProcess(  339): new SamsungRecord
D/PreProcess(  339): new NS
I/samsungRecord(  339): [samsungrecord] SamsungRecInit 
I/samsungRecord(  339): [samsungrecordMIC]Use HardCoding Values
E/samsungRecord(  339): miccalib file can't created. (/data/snd/miccalib.txt)
I/samsungRecord(  339): 1
D/SamsungRecord_NS(  339): [SamsungRecord_NS] Init SR 16000
D/SamsungRecord_NS(  339): [SamsungRecord_NS] getLevel inputsource 6, ret_level 3
V/audio_hw_primary(  339): select_devices: ENTER
V/audio_hw_primary(  339): select_devices: usecase(Normal)
V/audio_hw_primary(  339): select_devices: usecase(PCM_CAPTURE)
V/msm8974_platform(  339): platform_get_input_snd_device: enter: out_device(0) in_device(0x4)
V/msm8974_platform(  339): get_INPUT_snd_device: check by Input_source(6)
V/msm8974_platform(  339): platform_get_input_snd_device_by_source: enter: out_device(0) in_device(0x4)
V/msm8974_platform(  339): get_INPUT_snd_device: AUDIO_SOURCE_VOICE_RECOGNITION
V/msm8974_platform(  339): platform_get_input_snd_device: exit: in_snd_device(vr-main-mic)
D/audio_hw_primary(  339): select_devices: out_snd_device(0: dummy)
D/audio_hw_primary(  339): select_devices: in_snd_device(155: vr-main-mic)
E/msm8974_platform(  339): platform_send_audio_calibration: sending audio calibration for snd_device(155) acdb_id(53)
D/ACDB-LOADER(  339): ACDB -> send_audio_cal, acdb_id = 53, path =  1
D/ACDB-LOADER(  339): ACDB -> send_adm_topology
D/ACDB-LOADER(  339): ACDB -> ACDB_CMD_GET_AUDPROC_COMMON_TOPOLOGY_ID
D/ACDB-LOADER(  339): ACDB -> send_asm_topology
D/ACDB-LOADER(  339): ACDB -> ACDB_CMD_GET_AUDPROC_STREAM_TOPOLOGY_ID
D/ACDB-LOADER(  339): ACDB -> send_audtable
D/ACDB-LOADER(  339): ACDB -> ACDB_CMD_GET_AUDPROC_COMMON_TABLE
D/        (  339): ACDBFILE_MGR:Read the devices count as zero, please check the acdb file
D/ACDB-LOADER(  339): ACDB -> AUDIO_SET_AUDPROC_CAL
D/ACDB-LOADER(  339): ACDB -> send_audvoltable
D/ACDB-LOADER(  339): ACDB -> ACDB_CMD_GET_AUDPROC_GAIN_DEP_STEP_TABLE
D/        (  339): ACDBFILE_MGR:Read the devices count as zero, please check the acdb file
D/        (  339): Failed to fetch the lookup information of the device 00000035 
E/ACDB-LOADER(  339): Error: ACDB AudProc vol returned = -19
D/ACDB-LOADER(  339): ACDB -> AUDIO_SET_AUDPROC_VOL_CAL
D/ACDB-LOADER(  339): ACDB -> AUDIO_SET_AFE_CAL
V/audio_hw_primary(  339): enable_snd_device: snd_device(155: vr-main-mic, vr-main-mic)
D/audio_route(  339): Setting mixer control: AIF2_CAP Mixer SLIM TX2, value: 1
D/audio_route(  339): Setting mixer control: SLIM TX2 MUX, value: 8
D/audio_route(  339): Setting mixer control: DEC2 MUX, value: 1
D/audio_route(  339): Setting mixer control: DEC2 Volume, value: 97
V/audio_hw_primary(  339): enable_audio_route: enter: usecase(8)
V/audio_hw_primary(  339): enable_audio_route: apply mixer and update path: audio-record
D/audio_route(  339): Setting mixer control: MultiMedia1 Mixer SLIM_0_TX, value: 1
V/audio_hw_primary(  339): enable_audio_route: exit
V/audio_hw_primary(  339): [MAXIM] dsm_spkr_prot_processing() audio_device : 0xb1c931c0 is not support spk protection
V/audio_hw_primary(  339): start_input_stream: Opening PCM device card_id(0) device_id(0), channels 1
V/audio_hw_primary(  339): start_input_stream: exit
I/SurfaceFlinger(  308): id=2203 Removed MudoMuse (8/9)
I/SurfaceFlinger(  308): id=2203 Removed MudoMuse (-2/9)
I/HotwordWorkerImpl(18584): onReady
V/BroadcastQueue(  908): [background] Process cur broadcast BroadcastRecord{227268ad u0 update-hint} DELIVERED for app ProcessRecord{2b1a99c4 18584:com.google.android.googlequicksearchbox:search/u0a65}
E/Watchdog(  908): !@Sync 9058 [10-19 15:38:30.236]
D/InputReader(  908): Input event(10): value=1 when=271818958833000
V/Vibrator(  908): Called vibrateImmVibe(int, MagnitudeType) API - PUID: 1000, PackageName: android
V/Vibrator(  908): vibrateImmVibe - PUID: 1000, PackageName: android, type: 14, mag: 6000
V/VibratorService(  908): hasVibrator - useVibetonz: true
D/VibratorService(  908): Turning vibrator off - ImmVibe.
V/VibratorService(  908): vibrateImmVibe - package: android, type: 14, magnitude: 6000
D/lights  (  908): button : 1 +
W/ContextImpl(  908): Calling a method in the system process without a qualified user: android.app.ContextImpl.sendBroadcast:1764 com.android.internal.policy.impl.multiwindow.MultiPhoneWindowManager.stopDragDropService:1493 com.android.internal.policy.impl.PhoneWindowManager.interceptKeyBeforeDispatching:4361 com.android.server.wm.InputMonitor.interceptKeyBeforeDispatching:582 com.android.server.input.InputManagerService.interceptKeyBeforeDispatching:2440 
D/lights  (  908): button : 1 -
D/InputReader(  908): Input event(10): value=0 when=271819033136000
D/PowerManagerService(  908): [api] [s] userActivity : event: 0 flags: 0 (uid: 1000 pid: 908) eventTime = 271819037
D/Recents_AlternateRecentsComponent( 1350): onToggleRecents is getting called
D/PanelView( 1350): There is/are notification(s) 
D/PhoneStatusBar( 1350): animateCollapse(): mExpandedVisible=false flags=2
D/StatusBar-Window( 1350): fnf=true sanc=false, kni=false, sbf=false
D/CoverUI ( 1350): applyFocusableFlag() : Remove SAMSUNG_FLAG_SVIEW_COVER
D/CoverUI ( 1350): applyHeight h = 100, oc = false, ex = false, fa = false, ac = false, sc = false
I/Sally Service(22703): removeWindow window
D/AirplaneModeTile( 1350): onReceive : android.intent.action.CLOSE_SYSTEM_DIALOGS
D/Recents_AlternateRecentsComponent( 1576): startRecentsActivity() : isTopTaskHome=true, displayId=0
D/Recents_AlternateRecentsComponent( 1576): startRecentsActivity() : useThumbnailTransition=false, displayId=0
D/HotspotTile( 1350): onReceive : android.intent.action.CLOSE_SYSTEM_DIALOGS
D/LocationTile( 1350): onReceive : android.intent.action.CLOSE_SYSTEM_DIALOGS
E/ActivityManager(  908): checkUser: useridlist=null, currentuser=0
E/ActivityManager(  908): checkUser: useridlist=null, currentuser=0
E/ActivityManager(  908): checkUser: useridlist=null, currentuser=0
E/ActivityManager(  908): checkUser: useridlist=null, currentuser=0
D/Recents_AlternateRecentsComponent( 1576): getHomeTransitionActivityOptions is getting called
D/Recents_AlternateRecentsComponent( 1576): startAlternateRecentsActivity with arg is getting called. displayId=0
E/Zygote  (28699): MountEmulatedStorage()
E/Zygote  (28699): v2
I/libpersona(28699): KNOX_SDCARD checking this for 1000
I/libpersona(28699): KNOX_SDCARD not a persona
I/SELinux (28699): Function: selinux_compare_spd_ram, SPD-policy is existed. and_ver=SEPF_SM-N910F_5.0.1 ver=27
I/SELinux (28699): Function: selinux_compare_spd_ram , priority [2] , priority version is VE=SEPF_SM-N910F_5.1.1_0032
E/Zygote  (28699): accessInfo : 0
E/SELinux (28699): [DEBUG] get_category: variable seinfo: platform sensitivity: NULL, cateogry: NULL
I/ActivityManager(  908): do not start freezing screen for locked container getKeyguardshowstate = false
I/ActivityManager(  908): Start proc 28699:com.android.settings/1000 for broadcast-3 com.android.settings/.accessibility.directaccess.DirectAccessReceiver
W/ResourcesManager(  908): Asset path '/system/framework/secvisualeffect.jar' does not exist or contains no resources.
D/CustomFrequencyManagerService(  908): acquireDVFSLockLocked : type : DVFS_MIN_LIMIT  frequency : 1958400  uid : 1000  pid : 908  pkgName : ACTIVITY_RESUME_BOOSTER@9
D/Launcher.HomeView( 1649): onPause
W/ActivityManager(  908): mDVFSHelper.acquire()
D/TimaKeyStoreProvider(28699): TimaSignature is unavailable
D/ActivityThread(28699): Added TimaKeyStore provider
V/WindowOrientationListener(  908): setCurrentAppOrientation :-1
V/WindowOrientationListener(  908): setCurrentAppOrientation enable auto rotation
V/WindowOrientationListener(  908): mSContextAutoRotationListener.getProposedRotation, mbResultFaceDectection: false
D/Launcher( 1649): Launcher::setSystemUiTransparency(): getSystemUiVisibility() after setting  = 0
V/WindowOrientationListener(  908): mSContextAutoRotationListener.getProposedRotation, Rotation: -1
V/WindowOrientationListener(  908): mSContextAutoRotationListener.getProposedRotation, mbResultFaceDectection: false
V/WindowOrientationListener(  908): mSContextAutoRotationListener.getProposedRotation, Rotation: -1
D/ActivityManager(  908):  Launching com.android.systemui, updated priority
V/WindowManager(  908): rotationForOrientationLw(orient=-1, last=0); user=0  sensorRotation=-1 mLidState=-1 mDockMode=0 mHdmiPlugged=false mMobileKeyboardEnabled=false
D/PowerManagerService(  908): setKeyboardVisibility: false
D/PanelView( 1350): mClearAll.setVisibility - mIsFullyOpened : false isShade : true mHasNotification : true mIsUpwardFling : false mQsFullyExpanded : false isShadeLocked : false mClearAllVisible : true
V/ApplicationPolicy(  908): isApplicationStateBlocked userId 0 pkgname com.sec.android.app.launcher
V/ApplicationPolicy(  908): isApplicationStateBlocked userId 0 pkgname com.android.systemui
D/InputDispatcher(  908): Focused application set to: xxxx
D/InputDispatcher(  908): Focus left window: 1649
D/PointerIcon(  908): setMouseIconStyle1 pointerType: 1001 iconType:101 flag:0 pid:908 uid:1000
D/PointerIcon(  908): setMouseCustomIcon IconType is same.101
D/PointerIcon(  908): setHoveringSpenIconStyle1 pointerType: 10001 iconType:1 flag:0 pid:908 uid:1000
D/PointerIcon(  908): setHoveringSpenCustomIcon IconType is same.1
D/MultiWindowConverter(  908): dismissGuide() : Before attaching the guide view, mForceDismissGuide : false
D/ScreenPinningRequestDialog( 1576): mIntentBroadcastReceiver - ACTION_CLOSE_SYSTEM_DIALOGS || STATUSBAR_ANIMATING
V/BroadcastQueue(  908): [background] Process cur broadcast BroadcastRecord{1f3b1773 u-1 com.samsung.settings.action.directaccess.CLOSE_DIALOG} DELIVERED for app ProcessRecord{23403630 28699:com.android.settings/1000}
D/Recents_RecentsActivity( 1576): onStart is getting called 
W/ResourceType( 1576): No package identifier when getting value for resource number 0x00000000
W/PackageManager( 1576): Failure retrieving resources for com.IHMTEK.LudoMuse: Resource ID #0x0
D/Recents_RecentsActivity( 1576): updateRecentsTasks is getting called
W/SearchService(18584): Abort, client detached.
V/SystemServicesProxy( 1576): Loaded bitmap for task 164 isPrivate? false PrivateSetting:false
D/Launcher.HomeView( 1649): onStop
I/HotwordDetector(18584): Closing mic
I/MicrophoneInputStream(18584): mic_close com.google.android.apps.gsa.speech.audio.x@235a72b6
W/ResourcesManager(28699): Asset path '/system/framework/sec_platform_library.jar' does not exist or contains no resources.
W/ResourcesManager(28699): Asset path '/system/framework/smatlib.jar' does not exist or contains no resources.
W/ResourcesManager(28699): Asset path '/system/framework/secvisualeffect.jar' does not exist or contains no resources.
W/ResourcesManager(28699): Asset path '/system/framework/sechardware.jar' does not exist or contains no resources.
D/Recents_RecentsTaskLoader( 1576): getAndUpdateThumbnail getTaskThumbnail
W/ResourcesManager(28699): Asset path '/system/framework/com.google.android.maps.jar' does not exist or contains no resources.
W/ResourcesManager(28699): Asset path '/system/framework/twframework.jar' does not exist or contains no resources.
W/ResourcesManager(28699): Asset path '/system/framework/com.broadcom.bt.jar' does not exist or contains no resources.
D/AudioService(  908): getStreamVolume 3 index 10
D/Launcher( 1649): onTrimMemory. Level: 20
I/AudioPolicyManager(  339): stopInput() input 603
D/SecContentProvider2(  908): query(), uri = 13 selection = isTaskManagerAllowed
I/MicroRecognitionRnrImpl(18584): Stopping hotword detection.
V/ActivityThread( 1649): updateVisibility : ActivityRecord{235776f7 token=android.os.BinderProxy@7dcccc9 {com.sec.android.app.launcher/com.android.launcher2.Launcher}} show : false
I/MicroRecognitionRnrImpl(18584): Detection finished
V/audio_hw_primary(  339): in_standby: enter
D/ScoverManager( 1576): registerListener
D/CoverManagerWhiteLists(  908): isAllowedToUse : SIGNATURE_MATCH
D/CoverManagerWhiteLists(  908): isAllowedToUse : SIGNATURE_MATCH
D/CoverManager.StateNotifier(  908): registerListenerCallback : binder = android.os.BinderProxy@37aa3de1, pid : 1576, uid : 10023, type : 1
D/ActivityManager(  908): post active user change for 0 fullscreen true record.isFloatingActivity() false
D/KnoxTimeoutHandler(  908): postActiveUserChange for user 0
I/KnoxTimeoutHandler(  908): postActiveUserChange, showWhenLocked: false
D/KnoxTimeoutHandler(  908): handleActiveUserChange for user 0
D/Recents_RecentsActivity( 1576): onResume is getting called 
E/EnterpriseSharedDevicePolicy(  908): isSharedDeviceEnabled
I/EnterpriseSharedDevicePolicy(  908): isSharedDeviceEnabled in Service
I/EnterpriseSharedDevicePolicy(  908): Get Result: -1
I/EnterpriseSharedDevicePolicy(  908): status: false
I/KnoxTimeoutHandler(  908): Shared devices show user statefalse
D/ScoverManager( 1576): unregisterListener
D/CoverManagerWhiteLists(  908): isAllowedToUse : SIGNATURE_MATCH
D/CoverManagerWhiteLists(  908): isAllowedToUse : SIGNATURE_MATCH
D/CoverManager.StateNotifier(  908): unregisterCallback : binder = android.os.BinderProxy@37aa3de1, pid : 1576, uid : 10023
D/ScoverManager( 1576): registerListener
D/CoverManagerWhiteLists(  908): isAllowedToUse : SIGNATURE_MATCH
D/CoverManagerWhiteLists(  908): isAllowedToUse : SIGNATURE_MATCH
D/CoverManager.StateNotifier(  908): registerListenerCallback : binder = android.os.BinderProxy@3c4ad1c7, pid : 1576, uid : 10023, type : 1
D/PersonaManagerService(  908): getPersonasForUser(): returning null!
D/Recents_RecentsActivity( 1576): onPause is getting called 
D/Recents_RecentsActivity( 1576): onNewIntent is getting called mDisplayId=0
D/Recents_RecentsActivity( 1576): onResume is getting called 
D/Recents_TaskStackView( 1576): synchronizeStackViewsWithModel is called mStackViewsDirtytrue
D/Recents_TaskView( 1576): setTaskProgress is called mTaskProgress=0.0
D/Recents_TaskView( 1576): onFinishInflate
D/Recents_TaskView( 1576): onTaskBound is getting called
I/SurfaceFlinger(  308): id=2209 createSurf (1440x2560),1 flag=4, SecentsActi
D/InputDispatcher(  908): Focus entered window: 1576
D/Recents_RecentsTaskLoader( 1576): loadTaskData is getting called
D/Recents_TaskView( 1576): onTaskDataLoaded is getting called
D/Recents_TaskView( 1576): setTaskProgress is called mTaskProgress=0.5
D/MultiWindowConverter(  908): dismissGuide() : Before attaching the guide view, mForceDismissGuide : false
D/StatusBarManagerService(  908): manageDisableList userId=0 what=0x0 pkg=Window{16a41139 u0 d0 com.android.systemui/com.android.systemui.recents.RecentsActivity}
V/audio_hw_primary(  339): stop_input_stream: enter: usecase(8: audio-record)
V/audio_hw_primary(  339): disable_audio_route: enter: usecase(8)
V/audio_hw_primary(  339): disable_audio_route: reset and update mixer path: audio-record
D/audio_route(  339): Setting mixer control: MultiMedia1 Mixer SLIM_0_TX, value: 0
V/audio_hw_primary(  339): disable_audio_route: exit
V/audio_hw_primary(  339): disable_snd_device: snd_device(155: vr-main-mic)
D/SRIB_DCS( 1576): log_dcs ThreadedRenderer::initialize entered! 
D/audio_route(  339): Setting mixer control: DEC2 Volume, value: 84
D/audio_route(  339): Setting mixer control: DEC2 MUX, value: 0
D/audio_route(  339): Setting mixer control: SLIM TX2 MUX, value: 0
D/audio_route(  339): Setting mixer control: AIF2_CAP Mixer SLIM TX2, value: 0
D/PointerIcon(  908): setMouseIconStyle1 pointerType: 1001 iconType:101 flag:0 pid:908 uid:1000
D/PointerIcon(  908): setMouseCustomIcon IconType is same.101
D/PointerIcon(  908): setHoveringSpenIconStyle1 pointerType: 10001 iconType:1 flag:0 pid:908 uid:1000
V/audio_hw_primary(  339): stop_input_stream: exit: status(0)
V/audio_hw_primary(  339): in_standby: exit:  status(0)
D/PointerIcon(  908): setHoveringSpenCustomIcon IconType is same.1
V/audio_hw_primary(  339): adev_close_input_stream
V/audio_hw_primary(  339): in_standby: enter
V/audio_hw_primary(  339): in_standby: exit:  status(0)
E/audio_hw_primary(  339): adev_close_input_stream, set jack_in to null
D/Recents_TaskView( 1576): prepareEnterRecentsAnimation is called
D/Recents_TaskStackView( 1576): synchronizeStackViewsWithModel is called mStackViewsDirtyfalse
D/InputMethodManagerService(  908): windowGainedFocus mCurrentFocusedUserId - 0 and mSecureKeypadEnabled-false
D/MySettingsProvider(28699): DatabaseHelper(Context context):DATABASE_VERSION=1
E/SQLiteLog(28699): (283) recovered 9 frames from WAL file /data/data/com.android.settings/databases/mysettings.db-wal
I/ActivityManager(  908): Displayed Component not be shown by security: +143ms
D/MySettingsProvider(28699): onCreate():(mDB == null)? false:true  =true
W/ContextImpl(  908): Calling a method in the system process without a qualified user: android.app.ContextImpl.sendBroadcast:1764 com.android.internal.policy.impl.PhoneWindowManager.notifyToSSRM:7208 com.android.internal.policy.impl.PhoneWindowManager.access$1300:246 com.android.internal.policy.impl.PhoneWindowManager$PolicyHandler.handleMessage:1032 android.os.Handler.dispatchMessage:102 
D/SSRM:a  (  908): DeviceInfo:: 000000100000
D/SSRM:a  (  908): SettingsAirViewInfo:: 000000000
D/SamsungIME( 2159): onStartInput: No inputType, No imeOption, isInputViewShown = false, isExtractViewShown = false, isShowInputRequested = false, isConfigChanged = true
I/Timeline( 1576): Timeline: Activity_idle id: android.os.BinderProxy@3f89bc7c time:271819286
D/Recents_AlternateRecentsComponent( 1576): onAnimationStarted is getting called
D/PanelView( 1350): There is/are notification(s) 
D/Recents_TaskStackView( 1576): startEnterRecentsAnimation is getting called
D/Recents_TaskView( 1576): startEnterRecentsAnimation is called
D/CustomFrequencyManagerService(  908): releaseDVFSLockLocked : Getting Lock type frm List : DVFS_MIN_LIMIT  frequency : 1958400  uid : 1000  pid : 908  tag : ACTIVITY_RESUME_BOOSTER@9
I/Timeline(  908): Timeline: Activity_windows_visible id: ActivityRecord{60da8de u0 com.android.systemui/.recents.RecentsActivity t29} time:271819301
W/ActivityManager(  908): mDVFSHelper.release()
D/CustomFrequencyManagerService(  908): acquireDVFSLockLocked : type : DVFS_MIN_LIMIT  frequency : 1958400  uid : 1000  pid : 908  pkgName : ACTIVITY_RESUME_BOOSTER@15
E/ActivityManager(  908): checkUser: useridlist=null, currentuser=0
E/ActivityManager(  908): checkUser: useridlist=null, currentuser=0
E/ActivityManager(  908): checkUser: useridlist=null, currentuser=0
E/ActivityManager(  908): checkUser: useridlist=null, currentuser=0
D/Recents_AlternateRecentsComponent( 1576): showRecentHelpPopup
E/Zygote  (28717): MountEmulatedStorage()
E/Zygote  (28717): v2
I/SELinux (28717): Function: selinux_compare_spd_ram, SPD-policy is existed. and_ver=SEPF_SM-N910F_5.0.1 ver=27
I/SELinux (28717): Function: selinux_compare_spd_ram , priority [2] , priority version is VE=SEPF_SM-N910F_5.1.1_0032
D/Recents_AlternateRecentsComponent( 1576): InformDialog isChecked
E/Zygote  (28717): accessInfo : 0
E/SELinux (28717): [DEBUG] get_category: variable seinfo: platform sensitivity: NULL, cateogry: NULL
D/Recents_TaskStackView( 1576): synchronizeStackViewsWithModel is called mStackViewsDirtyfalse
I/libpersona(28717): KNOX_SDCARD checking this for 10075
I/libpersona(28717): KNOX_SDCARD not a persona
I/ActivityManager(  908): Start proc 28717:com.sec.android.widgetapp.activeapplicationwidget/u0a75 for broadcast-3 com.sec.android.widgetapp.activeapplicationwidget/.ProgramMonitorProvider
I/ActivityManager(  908): Killing 27919:com.sec.android.cloudagent/u0a2 (adj 15): emptyCount ##31
D/Recents_TaskStackView( 1576): synchronizeStackViewsWithModel is called mStackViewsDirtyfalse
D/TimaKeyStoreProvider(28717): TimaSignature is unavailable
D/ActivityThread(28717): Added TimaKeyStore provider
D/Recents_TaskStackView( 1576): synchronizeStackViewsWithModel is called mStackViewsDirtyfalse
V/BroadcastQueue(  908): [background] Process cur broadcast BroadcastRecord{11a58b60 u0 com.sec.android.intent.action.HOME_PAUSE} DELIVERED for app ProcessRecord{2033c819 28717:com.sec.android.widgetapp.activeapplicationwidget/u0a75}
D/Recents_TaskStackView( 1576): synchronizeStackViewsWithModel is called mStackViewsDirtyfalse
V/TaskCloserActivity(28717): TaskCloserActivity enter()
V/TaskCloserActivity(28717): TaskCloserActivity onReceive() - com.sec.android.intent.action.HOME_PAUSE
I/ActivityManager(  908): Killing 27809:com.sec.android.app.samsungapps/u0a14 (adj 15): emptyCount ##31
D/Recents_TaskStackView( 1576): synchronizeStackViewsWithModel is called mStackViewsDirtyfalse
V/BroadcastQueue(  908): [background] Process cur broadcast BroadcastRecord{195a00de u0 update-hint} DELIVERED for app ProcessRecord{2b1a99c4 18584:com.google.android.googlequicksearchbox:search/u0a65}
D/Recents_TaskStackView( 1576): synchronizeStackViewsWithModel is called mStackViewsDirtyfalse
D/Recents_TaskStackView( 1576): synchronizeStackViewsWithModel is called mStackViewsDirtyfalse
I/SurfaceFlinger(  308): id=2204 Removed Mauncher (7/9)
I/SurfaceFlinger(  308): id=2204 Removed Mauncher (-2/9)
D/Recents_TaskStackView( 1576): synchronizeStackViewsWithModel is called mStackViewsDirtyfalse
D/Recents_TaskStackView( 1576): synchronizeStackViewsWithModel is called mStackViewsDirtyfalse
D/Recents_TaskStackView( 1576): synchronizeStackViewsWithModel is called mStackViewsDirtyfalse
D/Recents_TaskStackView( 1576): synchronizeStackViewsWithModel is called mStackViewsDirtyfalse
D/Recents_TaskStackView( 1576): synchronizeStackViewsWithModel is called mStackViewsDirtyfalse
D/Recents_TaskStackView( 1576): synchronizeStackViewsWithModel is called mStackViewsDirtyfalse
D/Recents_TaskStackView( 1576): synchronizeStackViewsWithModel is called mStackViewsDirtyfalse
D/Recents_TaskStackView( 1576): synchronizeStackViewsWithModel is called mStackViewsDirtyfalse
D/CustomFrequencyManagerService(  908): releaseDVFSLockLocked : Getting Lock type frm List : DVFS_MIN_LIMIT  frequency : 1958400  uid : 1000  pid : 908  tag : ACTIVITY_RESUME_BOOSTER@15
D/InputReader(  908): Input event(9): value=1 when=271819851405000
D/InputReader(  908): Input event(9): value=1 when=271819851405000
I/InputReader(  908): Touch event's action is 0x0 (deviceType=0) [pCnt=1, s=0.36999 ] when=271819851405000
D/InputReader(  908): lastThreadEndTime = 271819036046411, currentThreadStartTime = 271819036051984, diff = 0
I/InputDispatcher(  908): Delivering touch to (1576): action: 0x0, toolType: 1
I/InputDispatcher(  908): Delivering touch to (1498): action: 0x0, toolType: 1
D/ViewRootImpl( 1576): ViewPostImeInputStage ACTION_DOWN
D/Recents_TaskStackView( 1576): synchronizeStackViewsWithModel is called mStackViewsDirtyfalse
D/InputReader(  908): Input event(9): value=0 when=271820004539000
D/InputReader(  908): Input event(9): value=0 when=271820004539000
I/InputReader(  908): Touch event's action is 0x1 (deviceType=0) [pCnt=1, s=] when=271820004539000
I/InputDispatcher(  908): Delivering touch to (1576): action: 0x1, toolType: 1
I/InputDispatcher(  908): Delivering touch to (1498): action: 0x1, toolType: 1
V/ApplicationPolicy(  908): isApplicationStateBlocked userId 0 pkgname com.IHMTEK.LudoMuse
D/Recents_TaskStackView( 1576): onTaskViewDismissed TaskView=com.android.systemui.recents.views.TaskView{3d3c9e6c VFE...CL ........ 69,64-1371,1366}
D/Recents_TaskStackView( 1576): onStackTaskRemoved Task=Task (no group): com.IHMTEK.LudoMuse [com.android.systemui.recents.model.Task@1d4908d4]
D/Recents_RecentsTaskLoader( 1576): unloadTaskData is getting called
D/Recents_TaskView( 1576): onTaskDataUnloaded is getting called
D/Recents_RecentsTaskLoader( 1576): deleteTaskData is getting called
I/ActivityManager(  908): do not start freezing screen for locked container getKeyguardshowstate = false
D/Recents_RecentsActivity( 1576): onAllTaskViewsDismissed is getting called 
D/Recents_RecentsActivity( 1576): FinishRecentsRunnable is getting called
D/TaskPersister(  908): removeObsoleteFile: deleting file=164_task.xml
D/TaskPersister(  908): removeObsoleteFile: deleting file=164_task_thumbnail.png
W/ResourcesManager(  908): Asset path '/system/framework/twframework.jar' does not exist or contains no resources.
W/ResourcesManager(  908): Asset path '/system/framework/sws.jar' does not exist or contains no resources.
D/CustomFrequencyManagerService(  908): acquireDVFSLockLocked : type : DVFS_MIN_LIMIT  frequency : 1958400  uid : 1000  pid : 908  pkgName : ACTIVITY_RESUME_BOOSTER@9
W/ActivityManager(  908): mDVFSHelper.acquire()
I/ActivityManager(  908): Skip updateThumbnail for r=ActivityRecord{60da8de u0 com.android.systemui/.recents.RecentsActivity t29}
V/ApplicationPolicy(  908): isApplicationStateBlocked userId 0 pkgname com.android.systemui
V/ApplicationPolicy(  908): isApplicationStateBlocked userId 0 pkgname com.sec.android.app.launcher
D/InputDispatcher(  908): Focused application set to: xxxx
D/InputDispatcher(  908): Focus left window: 1576
D/PointerIcon(  908): setMouseIconStyle1 pointerType: 1001 iconType:101 flag:0 pid:908 uid:1000
D/PointerIcon(  908): setMouseCustomIcon IconType is same.101
D/MultiWindowConverter(  908): dismissGuide() : Before attaching the guide view, mForceDismissGuide : false
I/ActivityManager(  908): moveTaskToBack: TaskRecord{1ae9ec38 #29 A=com.android.systemui U=0 sz=1}
D/Recents_TaskStackView( 1576): synchronizeStackViewsWithModel is called mStackViewsDirtytrue
D/PointerIcon(  908): setHoveringSpenIconStyle1 pointerType: 10001 iconType:1 flag:0 pid:908 uid:1000
D/PointerIcon(  908): setHoveringSpenCustomIcon IconType is same.1
D/ScoverManager( 1576): unregisterListener
D/CoverManagerWhiteLists(  908): isAllowedToUse : SIGNATURE_MATCH
D/CoverManagerWhiteLists(  908): isAllowedToUse : SIGNATURE_MATCH
D/CoverManager.StateNotifier(  908): unregisterCallback : binder = android.os.BinderProxy@3c4ad1c7, pid : 1576, uid : 10023
D/Recents_RecentsActivity( 1576): onPause is getting called 
V/WindowOrientationListener(  908): setCurrentAppOrientation :1
V/WindowOrientationListener(  908): setCurrentAppOrientation disable auto rotation
V/WindowOrientationListener(  908): mSContextAutoRotationListener.getProposedRotation, mbResultFaceDectection: false
V/WindowOrientationListener(  908): mSContextAutoRotationListener.getProposedRotation, Rotation: -1
V/WindowOrientationListener(  908): mSContextAutoRotationListener.getProposedRotation, mbResultFaceDectection: false
V/WindowOrientationListener(  908): mSContextAutoRotationListener.getProposedRotation, Rotation: -1
V/WindowManager(  908): rotationForOrientationLw(orient=1, last=0); user=0  sensorRotation=-1 mLidState=-1 mDockMode=0 mHdmiPlugged=false mMobileKeyboardEnabled=false
D/PowerManagerService(  908): setKeyboardVisibility: false
W/ContextImpl(  908): Calling a method in the system process without a qualified user: android.app.ContextImpl.sendBroadcast:1764 com.android.internal.policy.impl.PhoneWindowManager.notifyToSSRM:7208 com.android.internal.policy.impl.PhoneWindowManager.access$1300:246 com.android.internal.policy.impl.PhoneWindowManager$PolicyHandler.handleMessage:1032 android.os.Handler.dispatchMessage:102 
D/Launcher( 1649): onRestart, Launcher: 940543884
D/Launcher( 1649): onStart, Launcher: 940543884
D/Launcher( 1649): setSystemUiTransparency.SettingNotFoundException : set as TRUE
D/Launcher( 1649): Launcher::setSystemUiTransparency(): getSystemUiVisibility() after setting  = 0
D/Launcher.HomeView( 1649): onStart
D/Launcher( 1649): onResume, Launcher: 940543884
D/SettingsProvider(  908): name = kids_home_mode
D/SettingsProvider(  908): edmUri: content://com.sec.knox.provider/RestrictionPolicy3
D/SettingsProvider(  908): projectionArgs: isSettingsChangesAllowed
D/SettingsProvider(  908): selectionArgs: false
D/SettingsProvider(  908): selectionArgs: 10009
D/SecContentProvider(  908): query(), uri = 17 selection = isSettingsChangesAllowed
D/SettingsProvider(  908): ret = -1
D/WallpaperManagerService(  908): getWallpaperData : 0
D/SSRM:a  (  908): DeviceInfo:: 000000100000
D/SSRM:a  (  908): SettingsAirViewInfo:: 000000000
D/SamsungWindowManager(  908): updateSettings(). settings changed. doubleTapOnHomeBehavior : 1. mDoubleTapOnHomeBehavior : 1. mDoubleTapHomeUser 0
D/Launcher.HomeView( 1649): onResume
W/BackupManagerService(  908): dataChanged but no participant pkg='com.android.providers.settings' uid=10009
D/MultiWindowPolicy(  908): bMultiWindow=1 ,bKidsMode=0 ,bCarMode=0
D/MenuAppsGridFragment( 1649): onResume
I/MultiWindowTrayService(22703): mHomeResumeReceiver : onReceive
I/Sally Service(22703): removeWindow window
I/SecKeyguardClockSingleView( 1350): Ignore. Because it is same clock text
D/ActivityManager(  908): handle home activity for 0
I/WallpaperManagerService(  908): switchPersonaWallpaper is called for personaId-0
D/KnoxTimeoutHandler(  908): post home show event for user 0
D/Mms/UIEventReceiver(27633): ui event
D/ActivityManager(  908): post active user change for 0 fullscreen true record.isFloatingActivity() false
D/KnoxTimeoutHandler(  908): postActiveUserChange for user 0
I/KnoxTimeoutHandler(  908): postActiveUserChange, showWhenLocked: false
D/WallpaperManagerService(  908):  force update = false; persona id = 0; current user =0; current persona = 0
D/KnoxTimeoutHandler(  908): handleHomeShow for 0 and current 0
V/BroadcastQueue(  908): [background] Process cur broadcast BroadcastRecord{26c7fd8c u0 com.sec.android.intent.action.HOME_RESUME} DELIVERED for app ProcessRecord{1afef56d 27633:com.android.mms/u0a56}
D/KnoxTimeoutHandler(  908): handleActiveUserChange for user 0
E/EnterpriseSharedDevicePolicy(  908): isSharedDeviceEnabled
I/EnterpriseSharedDevicePolicy(  908): isSharedDeviceEnabled in Service
I/EnterpriseSharedDevicePolicy(  908): Get Result: -1
I/EnterpriseSharedDevicePolicy(  908): status: false
I/SurfaceFlinger(  308): id=2210 createSurf (1440x2560),1 flag=4, Mauncher
I/KnoxTimeoutHandler(  908): Shared devices show user statefalse
D/GalleryCacheReady(27042): Receive : home resume
D/PersonaManagerService(  908): getPersonasForUser(): returning null!
V/BroadcastQueue(  908): [background] Process cur broadcast BroadcastRecord{26c7fd8c u0 com.sec.android.intent.action.HOME_RESUME} DELIVERED for app ProcessRecord{2ac64cad 27042:com.sec.android.gallery3d/u0a54}
D/MultiWindowConverter(  908): dismissGuide() : Before attaching the guide view, mForceDismissGuide : false
D/StatusBarManagerService(  908): manageDisableList userId=0 what=0x0 pkg=Window{ce4f61d u0 d0 com.sec.android.app.launcher/com.android.launcher2.Launcher}
D/InputDispatcher(  908): Focus entered window: 1649
D/PanelView( 1350): There is/are notification(s) 
D/PanelView( 1350): kidsfalse mQsExpansionEnabled:true
D/SRIB_DCS( 1649): log_dcs ThreadedRenderer::initialize entered! 
D/PointerIcon(  908): setMouseIconStyle1 pointerType: 1001 iconType:101 flag:0 pid:908 uid:1000
D/PointerIcon(  908): setMouseCustomIcon IconType is same.101
D/PointerIcon(  908): setHoveringSpenIconStyle1 pointerType: 10001 iconType:1 flag:0 pid:908 uid:1000
D/PointerIcon(  908): setHoveringSpenCustomIcon IconType is same.1
D/StatusBar( 1350): LSSN:1
D/StatusBar( 1350): SLN:S
D/StatusBarManagerService(  908): setIcon slot=volume index=23 icon=StatusBarIcon(pkg=com.android.systemuiuser=0 id=0x7f02053e level=0 visible=true num=0 )
V/BroadcastQueue(  908): [background] Process cur broadcast BroadcastRecord{26c7fd8c u0 com.sec.android.intent.action.HOME_RESUME} DELIVERED for app ProcessRecord{23403630 28699:com.android.settings/1000}
D/AdaptiveEventContainerSmall( 1350): onChange()
D/AdaptiveEventContainerSmall( 1350): init() : isSettingDBAdaptiveEventEnabled=true, isEmergencyModeEnabled=false, isKidsMode=false
W/BroadcastQueue(  908): Permission Denial: broadcasting Intent { act=com.sec.android.intent.action.HOME_RESUME flg=0x10 } from com.sec.android.app.launcher (pid=1649, uid=10009) is not exported from uid 1000 due to receiver com.android.settings/.accessibilitywidget.AccessibilityEasyWidgetProviderAssistiveLight
D/daemonapp( 1449): [MSC_Daemon]>>> WCP:1142 [0:0] Provider query : content://apaccuweatherprovider/settings
V/BroadcastQueue(  908): [background] Process cur broadcast BroadcastRecord{26c7fd8c u0 com.sec.android.intent.action.HOME_RESUME} DELIVERED for app ProcessRecord{b95dc9e 27225:com.android.contacts/u0a25}
D/Launcher( 1649): setSystemUiTransparency.SettingNotFoundException : set as TRUE
D/Launcher( 1649): Launcher::setSystemUiTransparency(): getSystemUiVisibility() after setting  = 0
D/InputMethodManagerService(  908): windowGainedFocus mCurrentFocusedUserId - 0 and mSecureKeypadEnabled-false
V/BroadcastQueue(  908): [background] Process cur broadcast BroadcastRecord{26c7fd8c u0 com.sec.android.intent.action.HOME_RESUME} DELIVERED for app ProcessRecord{1951080 1576:com.android.systemui.recentsactivity/u0a23}
D/Recents_RecreateReceiver( 1576): onReceive by home
D/SamsungIME( 2159): onStartInput: No inputType, No imeOption, isInputViewShown = false, isExtractViewShown = false, isShowInputRequested = false, isConfigChanged = true
D/daemonapp( 1449): [MSC_Daemon]>>> WCP:1142 [0:0] Provider query : content://apaccuweatherprovider/settings
V/BroadcastQueue(  908): [background] Process cur broadcast BroadcastRecord{26c7fd8c u0 com.sec.android.intent.action.HOME_RESUME} DELIVERED for app ProcessRecord{10f17225 1608:com.android.phone/1001}
E/ActivityManager(  908): checkUser: useridlist=null, currentuser=0
E/ActivityManager(  908): checkUser: useridlist=null, currentuser=0
E/ActivityManager(  908): checkUser: useridlist=null, currentuser=0
E/ActivityManager(  908): checkUser: useridlist=null, currentuser=0
D/AudioService(  908): getStreamVolume 3 index 10
E/Zygote  (28735): MountEmulatedStorage()
E/Zygote  (28735): v2
I/SELinux (28735): Function: selinux_compare_spd_ram, SPD-policy is existed. and_ver=SEPF_SM-N910F_5.0.1 ver=27
I/SELinux (28735): Function: selinux_compare_spd_ram , priority [2] , priority version is VE=SEPF_SM-N910F_5.1.1_0032
E/Zygote  (28735): accessInfo : 0
I/libpersona(28735): KNOX_SDCARD checking this for 10105
I/libpersona(28735): KNOX_SDCARD not a persona
I/ActivityManager(  908): Start proc 28735:com.sec.android.widgetapp.dualclockdigital/u0a105 for broadcast-3 com.sec.android.widgetapp.dualclockdigital/.DigitalDualClockWidgetProvider
E/SELinux (28735): [DEBUG] get_category: variable seinfo: shared sensitivity: NULL, cateogry: NULL
D/AdaptiveEventContainerSmall( 1350): getWeatherEnabled()=true
D/daemonapp( 1449): [MSC_Daemon]>>> WCP:1142 [0:0] Provider query : content://apaccuweatherprovider/settings
D/AdaptiveEventContainerSmall( 1350): mWeatherContainer.setVisibility(false), cityId:current
D/AdaptiveEventContainerSmall( 1350): C updatePedoContainer()
D/PhoneStatusBar( 1350): updateIcon slot=volume index=23 viewIndex=5 old=StatusBarIcon(pkg=com.android.systemuiuser=0 id=0x7f02053e level=0 visible=true num=0 ) icon=StatusBarIcon(pkg=com.android.systemuiuser=0 id=0x7f02053e level=0 visible=true num=0 )
D/PanelView( 1350): There is/are notification(s) 
D/PanelView( 1350): mClearAll.setVisibility - mIsFullyOpened : false isShade : true mHasNotification : true mIsUpwardFling : false mQsFullyExpanded : false isShadeLocked : false mClearAllVisible : true
D/AdaptiveEventContainerSmall( 1350): handlePedoUpdate()
D/AdaptiveEventContainerSmall( 1350): pedoEvent == null
D/TimaKeyStoreProvider(28735): TimaSignature is unavailable
D/ActivityThread(28735): Added TimaKeyStore provider
D/StatusBar.NetworkController( 1350): refreshViews connected={ wifi } level=4 combinedSignalIconId=0x7f020681/com.android.systemui:drawable/stat_sys_wifi_signal_4 mobileLabel=Appels d'urgence uniquement wifiLabel="IHMTEK" emergencyOnly=true combinedLabel="IHMTEK" mAirplaneMode=false mDataActivity=0 mPhoneSignalIconId=0x7f020618/com.android.systemui:drawable/stat_sys_signal_4_auto_rotate mQSPhoneSignalIconId=0x7f0201b1/com.android.systemui:drawable/ic_qs_signal_4 mDataDirectionIconId=0x0/(null) mDataSignalIconId=0x7f020618/com.android.systemui:drawable/stat_sys_signal_4_auto_rotate mDataTypeIconId=0x0/(null) mQSDataTypeIconId=0x0/(null) mNoSimIconId=0x0/(null) mWifiIconId=0x7f020681/com.android.systemui:drawable/stat_sys_wifi_signal_4 mQSWifiIconId=0x7f020365/com.android.systemui:drawable/qs_tile_wifi_signal_4 mWifiActivityIconId=0x7f020649/com.android.systemui:drawable/stat_sys_signal_in mBluetoothTetherIconId=0x7f02065e/com.android.systemui:drawable/stat_sys_tether_bluetooth
D/STATUSBAR-WifiTile( 1350): onWifiSignalChanged enabled=true enabledDesc:"IHMTEK"
D/StatusBar.NetworkController( 1350): refreshNwBoosterIndicator - setNWBoosterIndicators(false)
D/StatusBar.NetworkController( 1350): refreshNwBoosterIndicator - setNWBoosterIndicators(false)
D/StatusBar.NetworkController( 1350): refreshNwBoosterIndicator - setNWBoosterIndicators(false)
D/StatusBar.NetworkController( 1350): refreshNwBoosterIndicator - setNWBoosterIndicators(false)
I/MicroRecognitionRnrImpl(18584): Starting detection.
I/MicrophoneInputStream(18584): mic_starting com.google.android.apps.gsa.speech.audio.x@11c2f566
V/BroadcastQueue(  908): [background] Process cur broadcast BroadcastRecord{26c7fd8c u0 com.sec.android.intent.action.HOME_RESUME} DELIVERED for app ProcessRecord{3ad6151 28735:com.sec.android.widgetapp.dualclockdigital/u0a105}
I/AudioPolicyManager(  339): getInputForAttr() source 1999, samplingRate 16000, format 8, channelMask 1,session 0, flags 0x10
I/AudioPolicyManager(  339): getDeviceForInputSource()input source 1999, device 80000004
V/audio_hw_primary(  339): adev_open_input_stream: enter
E/audio_hw_primary(  339): adev_open_input_stream : jack_config 0
E/audio_hw_primary(  339): adev_open_input_stream input is null, set new input stream
V/audio_hw_primary(  339): adev_open_input_stream: exit
I/AudioFlinger(  339): AudioFlinger's thread 0xaf6c7000 ready to run
V/audio_hw_primary(  339): in_standby: enter
V/audio_hw_primary(  339): in_standby: exit:  status(0)
V/audio_hw_primary(  339): in_standby: enter
V/audio_hw_primary(  339): in_standby: exit:  status(0)
I/AudioPolicyManager(  339): startInput() input 605
I/AudioPolicyManager(  339): getDeviceForInputSource()input source 1999, device 80000004
V/audio_hw_primary(  339): in_set_parameters: enter: kvpairs=input_source=6;keyIsHotword=true;routing=-2147483644
V/audio_hw_primary(  339): [ALWAYS_MIC] KEY_IS_HOTWORD true
I/samsungRecord(  339): [samsungrecord] MicCalonoff 1
V/audio_hw_primary(  339): in_set_parameters: exit: status(11)
I/MicrophoneInputStream(18584): mic_started com.google.android.apps.gsa.speech.audio.x@11c2f566
W/ResourcesManager(28735): Asset path '/system/framework/twframework.jar' does not exist or contains no resources.
W/ResourcesManager(28735): Asset path '/system/framework/sec_feature.jar' does not exist or contains no resources.
V/msm8974_platform(  339): platform_update_usecase_from_source: input source :6
V/audio_hw_primary(  339): start_input_stream: enter: usecase(8)
V/voice   (  339): voice_check_and_set_incall_rec_usecase: voice call not active
V/audio_hw_primary(  339): start_input_stream: usecase(8)
D/PreProcess(  339): new SamsungRecord
D/PreProcess(  339): new NS
I/samsungRecord(  339): [samsungrecord] SamsungRecInit 
I/samsungRecord(  339): [samsungrecordMIC]Use HardCoding Values
E/samsungRecord(  339): miccalib file can't created. (/data/snd/miccalib.txt)
I/samsungRecord(  339): 1
D/SamsungRecord_NS(  339): [SamsungRecord_NS] Init SR 16000
D/SamsungRecord_NS(  339): [SamsungRecord_NS] getLevel inputsource 6, ret_level 3
V/audio_hw_primary(  339): select_devices: ENTER
V/audio_hw_primary(  339): select_devices: usecase(Normal)
V/audio_hw_primary(  339): select_devices: usecase(PCM_CAPTURE)
V/msm8974_platform(  339): platform_get_input_snd_device: enter: out_device(0) in_device(0x4)
V/msm8974_platform(  339): get_INPUT_snd_device: check by Input_source(6)
V/msm8974_platform(  339): platform_get_input_snd_device_by_source: enter: out_device(0) in_device(0x4)
V/msm8974_platform(  339): get_INPUT_snd_device: AUDIO_SOURCE_VOICE_RECOGNITION
V/msm8974_platform(  339): platform_get_input_snd_device: exit: in_snd_device(vr-main-mic)
D/audio_hw_primary(  339): select_devices: out_snd_device(0: dummy)
D/audio_hw_primary(  339): select_devices: in_snd_device(155: vr-main-mic)
E/msm8974_platform(  339): platform_send_audio_calibration: sending audio calibration for snd_device(155) acdb_id(53)
D/ACDB-LOADER(  339): ACDB -> send_audio_cal, acdb_id = 53, path =  1
D/ACDB-LOADER(  339): ACDB -> send_adm_topology
D/ACDB-LOADER(  339): ACDB -> ACDB_CMD_GET_AUDPROC_COMMON_TOPOLOGY_ID
D/ACDB-LOADER(  339): ACDB -> send_asm_topology
D/ACDB-LOADER(  339): ACDB -> ACDB_CMD_GET_AUDPROC_STREAM_TOPOLOGY_ID
D/ACDB-LOADER(  339): ACDB -> send_audtable
D/ACDB-LOADER(  339): ACDB -> ACDB_CMD_GET_AUDPROC_COMMON_TABLE
D/        (  339): ACDBFILE_MGR:Read the devices count as zero, please check the acdb file
D/ACDB-LOADER(  339): ACDB -> AUDIO_SET_AUDPROC_CAL
D/ACDB-LOADER(  339): ACDB -> send_audvoltable
D/ACDB-LOADER(  339): ACDB -> ACDB_CMD_GET_AUDPROC_GAIN_DEP_STEP_TABLE
D/        (  339): ACDBFILE_MGR:Read the devices count as zero, please check the acdb file
D/        (  339): Failed to fetch the lookup information of the device 00000035 
E/ACDB-LOADER(  339): Error: ACDB AudProc vol returned = -19
D/ACDB-LOADER(  339): ACDB -> AUDIO_SET_AUDPROC_VOL_CAL
D/ACDB-LOADER(  339): ACDB -> AUDIO_SET_AFE_CAL
V/audio_hw_primary(  339): enable_snd_device: snd_device(155: vr-main-mic, vr-main-mic)
D/audio_route(  339): Setting mixer control: AIF2_CAP Mixer SLIM TX2, value: 1
