D/StatusBar.NetworkController( 1350): refreshViews connected={ wifi } level=4 combinedSignalIconId=0x7f020681/com.android.systemui:drawable/stat_sys_wifi_signal_4 mobileLabel=Appels d'urgence uniquement wifiLabel="IHMTEK" emergencyOnly=true combinedLabel="IHMTEK" mAirplaneMode=false mDataActivity=0 mPhoneSignalIconId=0x7f020618/com.android.systemui:drawable/stat_sys_signal_4_auto_rotate mQSPhoneSignalIconId=0x7f0201b1/com.android.systemui:drawable/ic_qs_signal_4 mDataDirectionIconId=0x0/(null) mDataSignalIconId=0x7f020618/com.android.systemui:drawable/stat_sys_signal_4_auto_rotate mDataTypeIconId=0x0/(null) mQSDataTypeIconId=0x0/(null) mNoSimIconId=0x0/(null) mWifiIconId=0x7f020681/com.android.systemui:drawable/stat_sys_wifi_signal_4 mQSWifiIconId=0x7f020365/com.android.systemui:drawable/qs_tile_wifi_signal_4 mWifiActivityIconId=0x7f020649/com.android.systemui:drawable/stat_sys_signal_in mBluetoothTetherIconId=0x7f02065e/com.android.systemui:drawable/stat_sys_tether_bluetooth
D/STATUSBAR-WifiTile( 1350): onWifiSignalChanged enabled=true enabledDesc:"IHMTEK"
D/StatusBar.NetworkController( 1350): refreshNwBoosterIndicator - setNWBoosterIndicators(false)
D/StatusBar.NetworkController( 1350): refreshNwBoosterIndicator - setNWBoosterIndicators(false)
D/StatusBar.NetworkController( 1350): refreshNwBoosterIndicator - setNWBoosterIndicators(false)
D/StatusBar.NetworkController( 1350): refreshNwBoosterIndicator - setNWBoosterIndicators(false)
D/ActivityManager(  908):  getDeferredInfo final delay 800
D/StatusBar.NetworkController( 1350): onSignalStrengthsChanged signalStrength=SignalStrength: 19 99 -120 -160 -120 -1 -1 99 2147483647 2147483647 2147483647 -1 2147483647 0x4 gsm|lte level=4
D/StatusBar.NetworkController( 1350): updateTelephonySignalStrength: hasService=true ss=SignalStrength: 19 99 -120 -160 -120 -1 -1 99 2147483647 2147483647 2147483647 -1 2147483647 0x4 gsm|lte
D/StatusBar.NetworkController( 1350): updateTelephonySignalStrength: iconLevel=4
D/StatusBar.NetworkController( 1350): updateTelephonySignalStrength, No signal level. mPhoneSignalIconId = com.android.systemui:drawable/stat_sys_signal_4_auto_rotate mDataSignalIconId = com.android.systemui:drawable/stat_sys_signal_4_auto_rotate mQSPhoneSignalIconId = com.android.systemui:drawable/ic_qs_signal_4 mContentDescriptionPhoneSignal = Signal téléphonique fort
D/ActivityManager(  908):  getDeferredInfo final delay 800
D/StatusBar.NetworkController( 1350): refreshViews connected={ wifi } level=4 combinedSignalIconId=0x7f020681/com.android.systemui:drawable/stat_sys_wifi_signal_4 mobileLabel=Appels d'urgence uniquement wifiLabel="IHMTEK" emergencyOnly=true combinedLabel="IHMTEK" mAirplaneMode=false mDataActivity=0 mPhoneSignalIconId=0x7f020618/com.android.systemui:drawable/stat_sys_signal_4_auto_rotate mQSPhoneSignalIconId=0x7f0201b1/com.android.systemui:drawable/ic_qs_signal_4 mDataDirectionIconId=0x0/(null) mDataSignalIconId=0x7f020618/com.android.systemui:drawable/stat_sys_signal_4_auto_rotate mDataTypeIconId=0x0/(null) mQSDataTypeIconId=0x0/(null) mNoSimIconId=0x0/(null) mWifiIconId=0x7f020681/com.android.systemui:drawable/stat_sys_wifi_signal_4 mQSWifiIconId=0x7f020365/com.android.systemui:drawable/qs_tile_wifi_signal_4 mWifiActivityIconId=0x7f02064e/com.android.systemui:drawable/stat_sys_signal_no_inout mBluetoothTetherIconId=0x7f02065e/com.android.systemui:drawable/stat_sys_tether_bluetooth
D/STATUSBAR-WifiTile( 1350): onWifiSignalChanged enabled=true enabledDesc:"IHMTEK"
D/StatusBar.NetworkController( 1350): refreshNwBoosterIndicator - setNWBoosterIndicators(false)
D/StatusBar.NetworkController( 1350): refreshNwBoosterIndicator - setNWBoosterIndicators(false)
D/StatusBar.NetworkController( 1350): refreshNwBoosterIndicator - setNWBoosterIndicators(false)
D/StatusBar.NetworkController( 1350): refreshNwBoosterIndicator - setNWBoosterIndicators(false)
I/dhcpcd  (30344): wlan0: sending IPv6 Router Solicitation
I/dhcpcd  (30344): wlan0: no IPv6 Routers available
D/ActivityManager(  908):  getDeferredInfo final delay 360
D/StatusBar.NetworkController( 1350): refreshViews connected={ wifi } level=4 combinedSignalIconId=0x7f020681/com.android.systemui:drawable/stat_sys_wifi_signal_4 mobileLabel=Appels d'urgence uniquement wifiLabel="IHMTEK" emergencyOnly=true combinedLabel="IHMTEK" mAirplaneMode=false mDataActivity=0 mPhoneSignalIconId=0x7f020618/com.android.systemui:drawable/stat_sys_signal_4_auto_rotate mQSPhoneSignalIconId=0x7f0201b1/com.android.systemui:drawable/ic_qs_signal_4 mDataDirectionIconId=0x0/(null) mDataSignalIconId=0x7f020618/com.android.systemui:drawable/stat_sys_signal_4_auto_rotate mDataTypeIconId=0x0/(null) mQSDataTypeIconId=0x0/(null) mNoSimIconId=0x0/(null) mWifiIconId=0x7f020681/com.android.systemui:drawable/stat_sys_wifi_signal_4 mQSWifiIconId=0x7f020365/com.android.systemui:drawable/qs_tile_wifi_signal_4 mWifiActivityIconId=0x7f02064b/com.android.systemui:drawable/stat_sys_signal_inout mBluetoothTetherIconId=0x7f02065e/com.android.systemui:drawable/stat_sys_tether_bluetooth
D/STATUSBAR-WifiTile( 1350): onWifiSignalChanged enabled=true enabledDesc:"IHMTEK"
D/StatusBar.NetworkController( 1350): refreshNwBoosterIndicator - setNWBoosterIndicators(false)
D/StatusBar.NetworkController( 1350): refreshNwBoosterIndicator - setNWBoosterIndicators(false)
D/StatusBar.NetworkController( 1350): refreshNwBoosterIndicator - setNWBoosterIndicators(false)
D/StatusBar.NetworkController( 1350): refreshNwBoosterIndicator - setNWBoosterIndicators(false)
D/ActivityManager(  908):  getDeferredInfo final delay 360
D/PackageManager(  908): [MSG] MCS_UNBIND
I/ActivityManager(  908): Killing 30215:com.sec.spp.push:RemoteNotiProcess/u0a44 (adj 15): emptyCount ##31
V/AlarmManager(  908): waitForAlarm result :4
E/ActivityManager(  908): checkUser: useridlist=null, currentuser=0
E/ActivityManager(  908): checkUser: useridlist=null, currentuser=0
E/ActivityManager(  908): checkUser: useridlist=null, currentuser=0
E/ActivityManager(  908): checkUser: useridlist=null, currentuser=0
E/Zygote  (30848): MountEmulatedStorage()
E/Zygote  (30848): v2
I/SELinux (30848): Function: selinux_compare_spd_ram, SPD-policy is existed. and_ver=SEPF_SM-N910F_5.0.1 ver=27
I/SELinux (30848): Function: selinux_compare_spd_ram , priority [2] , priority version is VE=SEPF_SM-N910F_5.1.1_0032
E/Zygote  (30848): accessInfo : 0
I/libpersona(30848): KNOX_SDCARD checking this for 10035
I/libpersona(30848): KNOX_SDCARD not a persona
I/ActivityManager(  908): Start proc 30848:com.android.vending/u0a35 for service com.android.vending/com.google.android.finsky.services.ContentSyncService
E/SELinux (30848): [DEBUG] get_category: variable seinfo: untrusted sensitivity: NULL, cateogry: NULL
D/TimaKeyStoreProvider(30848): TimaSignature is unavailable
D/ActivityThread(30848): Added TimaKeyStore provider
D/Finsky  (30848): [1] FinskyApp.onCreate: Initializing network with DFE https://android.clients.google.com/fdfe/
D/ConnectivityService(  908): returning getNetworkInfo for network type 0 : [type: MOBILE[] - MOBILE, state: DISCONNECTED/DISCONNECTED, reason: (unspecified), extra: (none), roaming: false, failover: false, isAvailable: true, isConnectedToProvisioningNetwork: false]
D/ConnectivityService(  908): returning getNetworkInfo for network type 1 : [type: WIFI[] - WIFI, state: CONNECTED/CONNECTED, reason: (unspecified), extra: "IHMTEK", roaming: false, failover: false, isAvailable: true, isConnectedToProvisioningNetwork: false]
D/ConnectivityService(  908): returning getNetworkInfo for network type 2 : [type: MOBILE_MMS[] - MOBILE_MMS, state: DISCONNECTED/DISCONNECTED, reason: (unspecified), extra: (none), roaming: false, failover: false, isAvailable: true, isConnectedToProvisioningNetwork: false]
D/ConnectivityService(  908): returning getNetworkInfo for network type 3 : [type: MOBILE_SUPL[] - MOBILE_SUPL, state: DISCONNECTED/DISCONNECTED, reason: (unspecified), extra: (none), roaming: false, failover: false, isAvailable: true, isConnectedToProvisioningNetwork: false]
D/ConnectivityService(  908): returning getNetworkInfo for network type 4 : [type: MOBILE_DUN[] - MOBILE_DUN, state: DISCONNECTED/DISCONNECTED, reason: (unspecified), extra: (none), roaming: false, failover: false, isAvailable: true, isConnectedToProvisioningNetwork: false]
D/ConnectivityService(  908): returning getNetworkInfo for network type 5 : [type: MOBILE_HIPRI[] - MOBILE_HIPRI, state: DISCONNECTED/DISCONNECTED, reason: (unspecified), extra: (none), roaming: false, failover: false, isAvailable: true, isConnectedToProvisioningNetwork: false]
D/ConnectivityService(  908): returning getNetworkInfo for network type 7 : [type: BLUETOOTH[] - BLUETOOTH, state: DISCONNECTED/DISCONNECTED, reason: (unspecified), extra: (none), roaming: false, failover: false, isAvailable: true, isConnectedToProvisioningNetwork: false]
D/ConnectivityService(  908): returning getNetworkInfo for network type 9 : [type: ETHERNET[] - ETHERNET, state: DISCONNECTED/DISCONNECTED, reason: (unspecified), extra: (none), roaming: false, failover: false, isAvailable: true, isConnectedToProvisioningNetwork: false]
D/ConnectivityService(  908): returning getNetworkInfo for network type 10 : [type: MOBILE_FOTA[] - MOBILE_FOTA, state: DISCONNECTED/DISCONNECTED, reason: (unspecified), extra: (none), roaming: false, failover: false, isAvailable: true, isConnectedToProvisioningNetwork: false]
D/ConnectivityService(  908): returning getNetworkInfo for network type 11 : [type: MOBILE_IMS[] - MOBILE_IMS, state: DISCONNECTED/DISCONNECTED, reason: (unspecified), extra: (none), roaming: false, failover: false, isAvailable: true, isConnectedToProvisioningNetwork: false]
D/ConnectivityService(  908): returning getNetworkInfo for network type 12 : [type: MOBILE_CBS[] - MOBILE_CBS, state: DISCONNECTED/DISCONNECTED, reason: (unspecified), extra: (none), roaming: false, failover: false, isAvailable: true, isConnectedToProvisioningNetwork: false]
D/ConnectivityService(  908): returning getNetworkInfo for network type 13 : [type: WIFI_P2P[] - WIFI_P2P, state: DISCONNECTED/DISCONNECTED, reason: (unspecified), extra: (none), roaming: false, failover: false, isAvailable: true, isConnectedToProvisioningNetwork: false]
D/ConnectivityService(  908): returning getNetworkInfo for network type 14 : [type: MOBILE_IA[] - MOBILE_IA, state: DISCONNECTED/DISCONNECTED, reason: (unspecified), extra: (none), roaming: false, failover: false, isAvailable: true, isConnectedToProvisioningNetwork: false]
D/ConnectivityService(  908): returning getNetworkInfo for network type 15 : [type: MOBILE_EMERGENCY[] - MOBILE_EMERGENCY, state: DISCONNECTED/DISCONNECTED, reason: (unspecified), extra: (none), roaming: false, failover: false, isAvailable: true, isConnectedToProvisioningNetwork: false]
D/ConnectivityService(  908): returning getNetworkInfo for network type 17 : [type: 17[] - 17, state: DISCONNECTED/DISCONNECTED, reason: (unspecified), extra: (none), roaming: false, failover: false, isAvailable: true, isConnectedToProvisioningNetwork: false]
D/ConnectivityService(  908): returning getNetworkInfo for network type 0 : [type: MOBILE[] - MOBILE, state: DISCONNECTED/DISCONNECTED, reason: (unspecified), extra: (none), roaming: false, failover: false, isAvailable: true, isConnectedToProvisioningNetwork: false]
D/ConnectivityService(  908): returning getNetworkInfo for network type 1 : [type: WIFI[] - WIFI, state: CONNECTED/CONNECTED, reason: (unspecified), extra: "IHMTEK", roaming: false, failover: false, isAvailable: true, isConnectedToProvisioningNetwork: false]
D/ConnectivityService(  908): returning getNetworkInfo for network type 2 : [type: MOBILE_MMS[] - MOBILE_MMS, state: DISCONNECTED/DISCONNECTED, reason: (unspecified), extra: (none), roaming: false, failover: false, isAvailable: true, isConnectedToProvisioningNetwork: false]
D/ConnectivityService(  908): returning getNetworkInfo for network type 3 : [type: MOBILE_SUPL[] - MOBILE_SUPL, state: DISCONNECTED/DISCONNECTED, reason: (unspecified), extra: (none), roaming: false, failover: false, isAvailable: true, isConnectedToProvisioningNetwork: false]
D/ConnectivityService(  908): returning getNetworkInfo for network type 4 : [type: MOBILE_DUN[] - MOBILE_DUN, state: DISCONNECTED/DISCONNECTED, reason: (unspecified), extra: (none), roaming: false, failover: false, isAvailable: true, isConnectedToProvisioningNetwork: false]
D/ConnectivityService(  908): returning getNetworkInfo for network type 5 : [type: MOBILE_HIPRI[] - MOBILE_HIPRI, state: DISCONNECTED/DISCONNECTED, reason: (unspecified), extra: (none), roaming: false, failover: false, isAvailable: true, isConnectedToProvisioningNetwork: false]
D/ConnectivityService(  908): returning getNetworkInfo for network type 7 : [type: BLUETOOTH[] - BLUETOOTH, state: DISCONNECTED/DISCONNECTED, reason: (unspecified), extra: (none), roaming: false, failover: false, isAvailable: true, isConnectedToProvisioningNetwork: false]
D/ConnectivityService(  908): returning getNetworkInfo for network type 9 : [type: ETHERNET[] - ETHERNET, state: DISCONNECTED/DISCONNECTED, reason: (unspecified), extra: (none), roaming: false, failover: false, isAvailable: true, isConnectedToProvisioningNetwork: false]
D/ConnectivityService(  908): returning getNetworkInfo for network type 10 : [type: MOBILE_FOTA[] - MOBILE_FOTA, state: DISCONNECTED/DISCONNECTED, reason: (unspecified), extra: (none), roaming: false, failover: false, isAvailable: true, isConnectedToProvisioningNetwork: false]
D/ConnectivityService(  908): returning getNetworkInfo for network type 11 : [type: MOBILE_IMS[] - MOBILE_IMS, state: DISCONNECTED/DISCONNECTED, reason: (unspecified), extra: (none), roaming: false, failover: false, isAvailable: true, isConnectedToProvisioningNetwork: false]
D/ConnectivityService(  908): returning getNetworkInfo for network type 12 : [type: MOBILE_CBS[] - MOBILE_CBS, state: DISCONNECTED/DISCONNECTED, reason: (unspecified), extra: (none), roaming: false, failover: false, isAvailable: true, isConnectedToProvisioningNetwork: false]
D/ConnectivityService(  908): returning getNetworkInfo for network type 13 : [type: WIFI_P2P[] - WIFI_P2P, state: DISCONNECTED/DISCONNECTED, reason: (unspecified), extra: (none), roaming: false, failover: false, isAvailable: true, isConnectedToProvisioningNetwork: false]
D/ConnectivityService(  908): returning getNetworkInfo for network type 14 : [type: MOBILE_IA[] - MOBILE_IA, state: DISCONNECTED/DISCONNECTED, reason: (unspecified), extra: (none), roaming: false, failover: false, isAvailable: true, isConnectedToProvisioningNetwork: false]
D/ConnectivityService(  908): returning getNetworkInfo for network type 15 : [type: MOBILE_EMERGENCY[] - MOBILE_EMERGENCY, state: DISCONNECTED/DISCONNECTED, reason: (unspecified), extra: (none), roaming: false, failover: false, isAvailable: true, isConnectedToProvisioningNetwork: false]
D/ConnectivityService(  908): returning getNetworkInfo for network type 17 : [type: 17[] - 17, state: DISCONNECTED/DISCONNECTED, reason: (unspecified), extra: (none), roaming: false, failover: false, isAvailable: true, isConnectedToProvisioningNetwork: false]
D/Finsky  (30848): [1] DailyHygiene.goMakeHygieneIfDirty: No need to run daily hygiene.
W/Settings(30848): Setting download_manager_max_bytes_over_mobile has moved from android.provider.Settings.Secure to android.provider.Settings.Global.
W/Settings(30848): Setting download_manager_recommended_max_bytes_over_mobile has moved from android.provider.Settings.Secure to android.provider.Settings.Global.
D/Finsky  (30848): [1] 2.run: Loaded library for account: [gaUfk9lQDDU4dRbz62SmwaDxH8Y]
D/Finsky  (30848): [1] 2.run: Finished loading 1 libraries.
D/Finsky  (30848): [1] GmsCoreHelper.cleanupNlp: result=false type=4
D/Ads     (30848): Skipping gmscore version check
D/ActivityManager(  908): startService callerProcessName:com.android.vending, calleePkgName: com.android.vending
D/Finsky  (30848): [1] RestoreTracker.stopServiceIfDone: Restore complete with 0 success and 0 failed.
D/ActivityManager(  908):  getDeferredInfo final delay 660
D/Finsky  (30848): [84750] AppStatesReplicator.handleContentSyncResponse: Completed 0 account content syncs with 0 successful.
D/Finsky  (30848): [1] 5.onFinished: Installation state replication succeeded.
I/ActivityManager(  908): Killing 30238:com.sec.android.app.shealth/u0a41 (adj 15): emptyCount ##31
D/StatusBar.NetworkController( 1350): refreshViews connected={ wifi } level=4 combinedSignalIconId=0x7f020681/com.android.systemui:drawable/stat_sys_wifi_signal_4 mobileLabel=Appels d'urgence uniquement wifiLabel="IHMTEK" emergencyOnly=true combinedLabel="IHMTEK" mAirplaneMode=false mDataActivity=0 mPhoneSignalIconId=0x7f020618/com.android.systemui:drawable/stat_sys_signal_4_auto_rotate mQSPhoneSignalIconId=0x7f0201b1/com.android.systemui:drawable/ic_qs_signal_4 mDataDirectionIconId=0x0/(null) mDataSignalIconId=0x7f020618/com.android.systemui:drawable/stat_sys_signal_4_auto_rotate mDataTypeIconId=0x0/(null) mQSDataTypeIconId=0x0/(null) mNoSimIconId=0x0/(null) mWifiIconId=0x7f020681/com.android.systemui:drawable/stat_sys_wifi_signal_4 mQSWifiIconId=0x7f020365/com.android.systemui:drawable/qs_tile_wifi_signal_4 mWifiActivityIconId=0x7f02064e/com.android.systemui:drawable/stat_sys_signal_no_inout mBluetoothTetherIconId=0x7f02065e/com.android.systemui:drawable/stat_sys_tether_bluetooth
D/STATUSBAR-WifiTile( 1350): onWifiSignalChanged enabled=true enabledDesc:"IHMTEK"
D/StatusBar.NetworkController( 1350): refreshNwBoosterIndicator - setNWBoosterIndicators(false)
D/StatusBar.NetworkController( 1350): refreshNwBoosterIndicator - setNWBoosterIndicators(false)
D/StatusBar.NetworkController( 1350): refreshNwBoosterIndicator - setNWBoosterIndicators(false)
D/StatusBar.NetworkController( 1350): refreshNwBoosterIndicator - setNWBoosterIndicators(false)
D/BatteryService(  908): !@BatteryListener : batteryPropertiesChanged!
D/BatteryService(  908): level:74, scale:100, status:2, health:2, present:true, voltage: 3974, temperature: 338, technology: Li-ion, AC powered:false, USB powered:true, POGO powered:false, Wireless powered:false, icon:17303759, invalid charger:0
D/BatteryService(  908): online:4, current avg:-811, charge type:1, power sharing:false, high voltage charger:false, capacity:322000, current_now:-946
D/BatteryService(  908): Sending ACTION_BATTERY_CHANGED.
D/KeyguardUpdateMonitor( 1350): received broadcast android.intent.action.BATTERY_CHANGED
I/PERF    ( 1350): received broadcast android.intent.action.BATTERY_CHANGED
D/KeyguardUpdateMonitor( 1350): handleBatteryUpdate
I/MotionRecognitionService(  908): Plugged
D/MotionRecognitionService(  908):   cableConnection= 1
D/MotionRecognitionService(  908): setPowerConnected | current backoffstate  = 1024 , state =1024
D/MotionRecognitionService(  908): skip setTransmitPower. 
D/CoverUpdateMonitor( 1350): received broadcast android.intent.action.BATTERY_CHANGED
D/BatteryMeterView( 1350): ACTION_BATTERY_CHANGED : level:74 status:2 health:2
D/BatteryMeterView( 1350): ACTION_BATTERY_CHANGED : level:74 status:2 health:2
D/BatteryMeterView( 1350): ACTION_BATTERY_CHANGED : level:74 status:2 health:2
D/ActivityManager(  908):  getDeferredInfo final delay 880
I/wpa_supplicant( 1313): P2P-DEVICE-FOUND A2.29.17 p2p_dev_addr=A2.29.17 pri_dev_type=10-0050F204-5  ' 7''' config_methods=0x188 dev_capab=0x25 group_capab=0x0 freq=2412
D/WifiP2pService(  908): InactiveState{ what=147477 }
D/WifiP2pService(  908): P2pEnabledState{ what=147477 }
D/WifiDisplayController(  908): Received WIFI_P2P_PEERS_CHANGED_ACTION.
D/LudoMuseDebug(30076): android.net.wifi.p2p.PEERS_CHANGED
D/WifiP2pService(  908): InactiveState{ what=139283 }
D/WifiP2pService(  908): P2pEnabledState{ what=139283 }
D/WifiP2pService(  908): DefaultState{ what=139283 }
D/WifiDisplayController(  908): Received list of peers.
D/WifiDisplayController(  908):   Device: IHMTEK Samsung 7'', deviceAddress: a2:b4:a5:66:29:17, primary type: 10-0050F204-5, secondary type: null, wps: 392, grpcapab: 0, devcapab: 37, status: 3, wfdInfo: null, groupownerAddress: null, GOdeviceName: null, interfaceAddress: , SConnectInfo : null
D/WifiP2pService(  908): InactiveState{ what=139283 }
D/WifiP2pService(  908): P2pEnabledState{ what=139283 }
D/WifiP2pService(  908): DefaultState{ what=139283 }
D/LudoMuseDebug(30076): there is 1 peers available
D/LudoMuseDebug(30076): facade has got peers !
D/LudoMuseDebug(30076): Jni cpp facade has got peers !
D/LudoMuseDebug(30076): Devices are: IHMTEK Samsung 7''
D/cocos2d-x debug info(30076): cpp method onGettingPeers is called from Java
D/LudoMuseDebug(30076): facade has got peers ! - end
D/cocos2d-x debug info(30076): makemenuitem
D/cocos2d-x debug info(30076): create rendererRecreatedListener for GLProgramState
D/cocos2d-x debug info(30076): create rendererRecreatedListener for GLProgramState
D/ActivityManager(  908): bindService callerProcessName:com.facebook.pages.app, calleePkgName: com.facebook.pages.app, action: null
D/ActivityManager(  908): startService callerProcessName:com.facebook.pages.app, calleePkgName: com.facebook.pages.app
D/StatusBar.NetworkController( 1350): refreshViews connected={ wifi } level=4 combinedSignalIconId=0x7f020681/com.android.systemui:drawable/stat_sys_wifi_signal_4 mobileLabel=Appels d'urgence uniquement wifiLabel="IHMTEK" emergencyOnly=true combinedLabel="IHMTEK" mAirplaneMode=false mDataActivity=0 mPhoneSignalIconId=0x7f020618/com.android.systemui:drawable/stat_sys_signal_4_auto_rotate mQSPhoneSignalIconId=0x7f0201b1/com.android.systemui:drawable/ic_qs_signal_4 mDataDirectionIconId=0x0/(null) mDataSignalIconId=0x7f020618/com.android.systemui:drawable/stat_sys_signal_4_auto_rotate mDataTypeIconId=0x0/(null) mQSDataTypeIconId=0x0/(null) mNoSimIconId=0x0/(null) mWifiIconId=0x7f020681/com.android.systemui:drawable/stat_sys_wifi_signal_4 mQSWifiIconId=0x7f020365/com.android.systemui:drawable/qs_tile_wifi_signal_4 mWifiActivityIconId=0x7f020649/com.android.systemui:drawable/stat_sys_signal_in mBluetoothTetherIconId=0x7f02065e/com.android.systemui:drawable/stat_sys_tether_bluetooth
D/STATUSBAR-WifiTile( 1350): onWifiSignalChanged enabled=true enabledDesc:"IHMTEK"
D/StatusBar.NetworkController( 1350): refreshNwBoosterIndicator - setNWBoosterIndicators(false)
D/StatusBar.NetworkController( 1350): refreshNwBoosterIndicator - setNWBoosterIndicators(false)
D/StatusBar.NetworkController( 1350): refreshNwBoosterIndicator - setNWBoosterIndicators(false)
D/StatusBar.NetworkController( 1350): refreshNwBoosterIndicator - setNWBoosterIndicators(false)
W/pages(:<default>):QuickExperimentControllerImpl(30722): Exposure of experiment com.facebook.analytics.qe.MarauderLatencyExperiment@3cb96519 occurred when no user was logged in
D/ActivityManager(  908): bindService callerProcessName:com.facebook.pages.app, calleePkgName: com.facebook.pages.app, action: null
D/ActivityManager(  908):  getDeferredInfo final delay 1180
D/StatusBar.NetworkController( 1350): onSignalStrengthsChanged signalStrength=SignalStrength: 19 99 -120 -160 -120 -1 -1 99 2147483647 2147483647 2147483647 -1 2147483647 0x4 gsm|lte level=4
D/StatusBar.NetworkController( 1350): updateTelephonySignalStrength: hasService=true ss=SignalStrength: 19 99 -120 -160 -120 -1 -1 99 2147483647 2147483647 2147483647 -1 2147483647 0x4 gsm|lte
D/StatusBar.NetworkController( 1350): updateTelephonySignalStrength: iconLevel=4
D/StatusBar.NetworkController( 1350): updateTelephonySignalStrength, No signal level. mPhoneSignalIconId = com.android.systemui:drawable/stat_sys_signal_4_auto_rotate mDataSignalIconId = com.android.systemui:drawable/stat_sys_signal_4_auto_rotate mQSPhoneSignalIconId = com.android.systemui:drawable/ic_qs_signal_4 mContentDescriptionPhoneSignal = Signal téléphonique fort
D/StatusBar.NetworkController( 1350): refreshViews connected={ wifi } level=4 combinedSignalIconId=0x7f020681/com.android.systemui:drawable/stat_sys_wifi_signal_4 mobileLabel=Appels d'urgence uniquement wifiLabel="IHMTEK" emergencyOnly=true combinedLabel="IHMTEK" mAirplaneMode=false mDataActivity=0 mPhoneSignalIconId=0x7f020618/com.android.systemui:drawable/stat_sys_signal_4_auto_rotate mQSPhoneSignalIconId=0x7f0201b1/com.android.systemui:drawable/ic_qs_signal_4 mDataDirectionIconId=0x0/(null) mDataSignalIconId=0x7f020618/com.android.systemui:drawable/stat_sys_signal_4_auto_rotate mDataTypeIconId=0x0/(null) mQSDataTypeIconId=0x0/(null) mNoSimIconId=0x0/(null) mWifiIconId=0x7f020681/com.android.systemui:drawable/stat_sys_wifi_signal_4 mQSWifiIconId=0x7f020365/com.android.systemui:drawable/qs_tile_wifi_signal_4 mWifiActivityIconId=0x7f02064e/com.android.systemui:drawable/stat_sys_signal_no_inout mBluetoothTetherIconId=0x7f02065e/com.android.systemui:drawable/stat_sys_tether_bluetooth
D/STATUSBAR-WifiTile( 1350): onWifiSignalChanged enabled=true enabledDesc:"IHMTEK"
D/StatusBar.NetworkController( 1350): refreshNwBoosterIndicator - setNWBoosterIndicators(false)
D/StatusBar.NetworkController( 1350): refreshNwBoosterIndicator - setNWBoosterIndicators(false)
D/StatusBar.NetworkController( 1350): refreshNwBoosterIndicator - setNWBoosterIndicators(false)
D/StatusBar.NetworkController( 1350): refreshNwBoosterIndicator - setNWBoosterIndicators(false)
D/ActivityManager(  908):  getDeferredInfo final delay 440
E/LocSvc_libulp(  908): I/int ulp_msg_process_system_update(UlpSystemEvent): systemEvent:5 
E/LocSvc_libulp(  908): I/int ulp_msg_process_start_req(), at ulp state = 1
D/ActivityManager(  908):  getDeferredInfo final delay 440
E/LocSvc_ApiV02(  908): I/<--- void globalRespCb(locClientHandleType, uint32_t, locClientRespIndUnionType, void*) line 125 QMI_LOC_GET_BEST_AVAILABLE_POSITION_REQ_V02
D/Ulp_jni (  908): Location CB invoked
E/LocSvc_libulp(  908): I/int ulp_brain_process_zpp_position_report(loc_sess_status, LocPosTechMask, const UlpLocation*), report ZPP position to providers,report_position = 1
D/ActivityManager(  908):  getDeferredInfo final delay 440
D/ActivityManager(  908):  getDeferredInfo final delay 360
D/SSRM:n  (  908): SIOP:: AP = 470, PST = 407 (W:10), CUR = -811, LCD = 0
D/ActivityManager(  908):  getDeferredInfo final delay 360
I/HarmonyEASService(  908): Updating for all 1
D/ActivityManager(  908):  getDeferredInfo final delay 360
D/InputReader(  908): Input event(9): value=1 when=296575502476000
D/InputReader(  908): Input event(9): value=1 when=296575502476000
I/InputReader(  908): Touch event's action is 0x0 (deviceType=0) [pCnt=1, s=0.37686 ] when=296575502476000
I/InputDispatcher(  908): Delivering touch to (30076): action: 0x0, toolType: 1
D/ViewRootImpl(30076): ViewPostImeInputStage ACTION_DOWN
D/InputReader(  908): lastThreadEndTime = 296562118104837, currentThreadStartTime = 296562118107910, diff = 0
D/ActivityManager(  908):  getDeferredInfo final delay 0
E/ActivityManager(  908): checkUser: useridlist=null, currentuser=0
E/ActivityManager(  908): checkUser: useridlist=null, currentuser=0
E/ActivityManager(  908): checkUser: useridlist=null, currentuser=0
E/ActivityManager(  908): checkUser: useridlist=null, currentuser=0
E/Zygote  (30889): MountEmulatedStorage()
E/Zygote  (30889): v2
I/libpersona(30889): KNOX_SDCARD checking this for 10192
I/SELinux (30889): Function: selinux_compare_spd_ram, SPD-policy is existed. and_ver=SEPF_SM-N910F_5.0.1 ver=27
I/SELinux (30889): Function: selinux_compare_spd_ram , priority [2] , priority version is VE=SEPF_SM-N910F_5.1.1_0032
E/Zygote  (30889): accessInfo : 0
E/SELinux (30889): [DEBUG] get_category: variable seinfo: untrusted sensitivity: NULL, cateogry: NULL
I/libpersona(30889): KNOX_SDCARD not a persona
I/ActivityManager(  908): Start proc 30889:tv.peel.smartremote/u0a192 for broadcast-5 tv.peel.smartremote/com.peel.receiver.LocalNotificationReceiver
D/TimaKeyStoreProvider(30889): TimaSignature is unavailable
D/ActivityThread(30889): Added TimaKeyStore provider
D/InputReader(  908): Input event(9): value=0 when=296575585411000
D/InputReader(  908): Input event(9): value=0 when=296575585411000
I/InputReader(  908): Touch event's action is 0x1 (deviceType=0) [pCnt=1, s=] when=296575585411000
I/InputDispatcher(  908): Delivering touch to (30076): action: 0x1, toolType: 1
V/BroadcastQueue(  908): [deferred] Process cur broadcast BroadcastRecord{3e1a9ec6 u-1 android.net.wifi.STATE_CHANGE} DELIVERED for app ProcessRecord{ac303e7 30889:tv.peel.smartremote/u0a192}
D/cocos2d-x debug info(30076): connect to  IHMTEK Samsung 7''
D/LudoMuseDebug(30076): peer is: IHMTEK Samsung 7''
I/Fabric  (30889): Initializing Crashlytics 2.3.2.56
E/Fabric  (30889): Error performing auto configuration.
E/Fabric  (30889): java.util.concurrent.ExecutionException: java.lang.IllegalStateException: Invalid format of fabric file,.fabric/
E/Fabric  (30889): 	at java.util.concurrent.FutureTask.report(FutureTask.java:93)
E/Fabric  (30889): 	at java.util.concurrent.FutureTask.get(FutureTask.java:163)
E/Fabric  (30889): 	at a.a.a.a.t.c(Onboarding.java:105)
E/Fabric  (30889): 	at a.a.a.a.t.d(Onboarding.java:45)
E/Fabric  (30889): 	at a.a.a.a.o.e(InitializationTask.java:28)
E/Fabric  (30889): 	at a.a.a.a.a.c.c.call(AsyncTask.java:311)
E/Fabric  (30889): 	at java.util.concurrent.FutureTask.run(FutureTask.java:237)
E/Fabric  (30889): 	at java.util.concurrent.Executors$RunnableAdapter.call(Executors.java:422)
E/Fabric  (30889): 	at java.util.concurrent.FutureTask.run(FutureTask.java:237)
E/Fabric  (30889): 	at java.util.concurrent.ThreadPoolExecutor.runWorker(ThreadPoolExecutor.java:1112)
E/Fabric  (30889): 	at java.util.concurrent.ThreadPoolExecutor$Worker.run(ThreadPoolExecutor.java:587)
E/Fabric  (30889): 	at java.lang.Thread.run(Thread.java:818)
E/Fabric  (30889): Caused by: java.lang.IllegalStateException: Invalid format of fabric file,.fabric/
E/Fabric  (30889): 	at a.a.a.a.k.a(FabricKitsFinder.java:91)
E/Fabric  (30889): 	at a.a.a.a.k.a(FabricKitsFinder.java:58)
E/Fabric  (30889): 	at a.a.a.a.k.call(FabricKitsFinder.java:35)
E/Fabric  (30889): 	... 4 more
D/SecWifiDisplayUtil(30889): Metadata value : none
I/WebViewFactory(30889): Loading com.google.android.webview version 45.0.2454.95 (code 246109500)
I/cr.library_loader(30889): Time to load native libraries: 3 ms (timestamps 5858-5861)
I/cr.library_loader(30889): Expected native library version number "", actual native library version number ""
V/WebViewChromiumFactoryProvider(30889): Binding Chromium to main looper Looper (main, tid 1) {26f852dd}
I/cr.library_loader(30889): Expected native library version number "", actual native library version number ""
I/chromium(30889): [INFO:library_loader_hooks.cc(121)] Chromium logging enabled: level = 0, default verbosity = 0
I/cr.BrowserStartup(30889): Initializing chromium process, singleProcess=true
W/art     (30889): Attempt to remove local handle scope entry from IRT, ignoring
E/SysUtils(30889): ApplicationContext is null in ApplicationStatus
I/Adreno  (30889): EGLInit: QTI Build: 06/19/15, 9723ec1, I4ea93f0e25
E/libEGL  (30889): validate_display:255 error 3008 (EGL_BAD_DISPLAY)
I/art     (30889): Rejecting re-init on previously-failed class java.lang.Class<com.android.webview.chromium.FloatingSelectActionModeCallback>
I/art     (30889): Rejecting re-init on previously-failed class java.lang.Class<com.android.webview.chromium.FloatingSelectActionModeCallback>
I/art     (30889): Rejecting re-init on previously-failed class java.lang.Class<com.android.webview.chromium.WebViewContentsClientAdapter$WebResourceErrorImpl>
I/art     (30889): Rejecting re-init on previously-failed class java.lang.Class<com.android.webview.chromium.WebViewContentsClientAdapter$WebResourceErrorImpl>
W/art     (30889): Attempt to remove local handle scope entry from IRT, ignoring
W/AwContents(30889): onDetachedFromWindow called when already detached. Ignoring
W/art     (30889): Attempt to remove local handle scope entry from IRT, ignoring
W/AwContents(30889): onDetachedFromWindow called when already detached. Ignoring
W/chromium(30889): [WARNING:data_reduction_proxy_config.cc(630)] SPDY proxy OFF at startup
D/ActivityManager(  908):  getDeferredInfo final delay 0
V/BroadcastQueue(  908): [deferred] Process cur broadcast BroadcastRecord{58f804f u-1 android.net.wifi.STATE_CHANGE} DELIVERED for app ProcessRecord{ac303e7 30889:tv.peel.smartremote/u0a192}
D/ActivityManager(  908):  getDeferredInfo final delay 0
E/ActivityManager(  908): checkUser: useridlist=null, currentuser=0
E/ActivityManager(  908): checkUser: useridlist=null, currentuser=0
E/ActivityManager(  908): checkUser: useridlist=null, currentuser=0
E/ActivityManager(  908): checkUser: useridlist=null, currentuser=0
E/Zygote  (30949): MountEmulatedStorage()
E/Zygote  (30949): v2
I/libpersona(30949): KNOX_SDCARD checking this for 10233
I/ActivityManager(  908): Start proc 30949:com.samsung.android.app.FileShareClient/u0a233 for broadcast-5 com.samsung.android.app.FileShareClient/.ClientBroadcastReceiver
I/SELinux (30949): Function: selinux_compare_spd_ram, SPD-policy is existed. and_ver=SEPF_SM-N910F_5.0.1 ver=27
I/SELinux (30949): Function: selinux_compare_spd_ram , priority [2] , priority version is VE=SEPF_SM-N910F_5.1.1_0032
I/libpersona(30949): KNOX_SDCARD not a persona
E/Zygote  (30949): accessInfo : 0
E/SELinux (30949): [DEBUG] get_category: variable seinfo: platform sensitivity: NULL, cateogry: NULL
D/TimaKeyStoreProvider(30949): TimaSignature is unavailable
D/ActivityThread(30949): Added TimaKeyStore provider
V/BroadcastQueue(  908): [deferred] Process cur broadcast BroadcastRecord{1a2e4576 u-1 android.net.wifi.p2p.CONNECTION_STATE_CHANGE} DELIVERED for app ProcessRecord{2d4081c7 30949:com.samsung.android.app.FileShareClient/u0a233}
W/ResourcesManager(30949): Asset path '/system/framework/allshare.jar' does not exist or contains no resources.
D/FileShare-Client(30949): ClientBroadcastReceiver.onReceive - action android.net.wifi.p2p.CONNECTION_STATE_CHANGE // null
D/FileShare-Client(30949): ClientBroadcastReceiver.onReceive - disconnected
D/FileShare-Client(30949): Outbound.stopDelayTimer - 
D/ActivityManager(  908):  getDeferredInfo final delay 0
E/ActivityManager(  908): checkUser: useridlist=null, currentuser=0
E/ActivityManager(  908): checkUser: useridlist=null, currentuser=0
E/ActivityManager(  908): checkUser: useridlist=null, currentuser=0
E/ActivityManager(  908): checkUser: useridlist=null, currentuser=0
E/Zygote  (30964): MountEmulatedStorage()
E/Zygote  (30964): v2
I/libpersona(30964): KNOX_SDCARD checking this for 1000
I/SELinux (30964): Function: selinux_compare_spd_ram, SPD-policy is existed. and_ver=SEPF_SM-N910F_5.0.1 ver=27
I/SELinux (30964): Function: selinux_compare_spd_ram , priority [2] , priority version is VE=SEPF_SM-N910F_5.1.1_0032
I/libpersona(30964): KNOX_SDCARD not a persona
E/Zygote  (30964): accessInfo : 0
E/SELinux (30964): [DEBUG] get_category: variable seinfo: platform sensitivity: NULL, cateogry: NULL
I/ActivityManager(  908): Start proc 30964:com.samsung.android.securitylogagent/1000 for broadcast-5 com.samsung.android.securitylogagent/.receivers.NetworkReceiver
I/ActivityManager(  908): Killing 30104:com.samsung.android.sdk.samsunglink/u0a47 (adj 15): emptyCount ##31
D/TimaKeyStoreProvider(30964): TimaSignature is unavailable
D/ActivityThread(30964): Added TimaKeyStore provider
V/BroadcastQueue(  908): [deferred] Process cur broadcast BroadcastRecord{2010305a u-1 android.net.wifi.WIFI_STATE_CHANGED} DELIVERED for app ProcessRecord{12ec13f4 30964:com.samsung.android.securitylogagent/1000}
D/ActivityManager(  908):  getDeferredInfo final delay 0
V/BroadcastQueue(  908): [deferred] Process cur broadcast BroadcastRecord{2010305a u-1 android.net.wifi.WIFI_STATE_CHANGED} DELIVERED for app ProcessRecord{2a952a47 30762:com.sec.android.widgetapp.locationwidget/u0a24}
D/ActivityManager(  908):  getDeferredInfo final delay 0
E/ActivityManager(  908): checkUser: useridlist=null, currentuser=0
E/ActivityManager(  908): checkUser: useridlist=null, currentuser=0
E/ActivityManager(  908): checkUser: useridlist=null, currentuser=0
E/ActivityManager(  908): checkUser: useridlist=null, currentuser=0
E/Zygote  (30980): MountEmulatedStorage()
E/Zygote  (30980): v2
I/SELinux (30980): Function: selinux_compare_spd_ram, SPD-policy is existed. and_ver=SEPF_SM-N910F_5.0.1 ver=27
I/SELinux (30980): Function: selinux_compare_spd_ram , priority [2] , priority version is VE=SEPF_SM-N910F_5.1.1_0032
E/Zygote  (30980): accessInfo : 0
E/SELinux (30980): [DEBUG] get_category: variable seinfo: platform sensitivity: NULL, cateogry: NULL
I/libpersona(30980): KNOX_SDCARD checking this for 10129
I/libpersona(30980): KNOX_SDCARD not a persona
I/ActivityManager(  908): Start proc 30980:com.samsung.android.keyguardwallpaperupdator/u0a129 for broadcast-5 com.samsung.android.keyguardwallpaperupdator/.manager.WallpaperBroadcastReceiver
I/ActivityManager(  908): Killing 30260:com.sec.android.app.myfiles/u0a57 (adj 15): emptyCount ##31
D/TimaKeyStoreProvider(30980): TimaSignature is unavailable
D/ActivityThread(30980): Added TimaKeyStore provider
V/BroadcastQueue(  908): [deferred] Process cur broadcast BroadcastRecord{2010305a u-1 android.net.wifi.WIFI_STATE_CHANGED} DELIVERED for app ProcessRecord{1f51071d 30980:com.samsung.android.keyguardwallpaperupdator/u0a129}
D/InputReader(  908): Input event(9): value=1 when=296576666963000
D/InputReader(  908): Input event(9): value=1 when=296576666963000
I/InputReader(  908): Touch event's action is 0x0 (deviceType=0) [pCnt=1, s=0.37687 ] when=296576666963000
D/InputReader(  908): lastThreadEndTime = 296575587362071, currentThreadStartTime = 296575587365874, diff = 0
I/InputDispatcher(  908): Delivering touch to (30076): action: 0x0, toolType: 1
D/ViewRootImpl(30076): ViewPostImeInputStage ACTION_DOWN
D/KeyguardWallpaperUpdator(30980): cancelUpdateWallpaper
D/KeyguardWallpaperUpdator(30980): cancelUpdateCategory
D/KeyguardWallpaperUpdator(30980): stopCheckCategoryVersion
D/ActivityManager(  908):  getDeferredInfo final delay 0
V/BroadcastQueue(  908): [deferred] Process cur broadcast BroadcastRecord{2010305a u-1 android.net.wifi.WIFI_STATE_CHANGED} DELIVERED for app ProcessRecord{ac303e7 30889:tv.peel.smartremote/u0a192}
I/ClientConfig(30889): Set OkHttp cache (max size: 52MB) to /data/data/tv.peel.smartremote/cache/peel-cache
D/ActivityManager(  908):  getDeferredInfo final delay 0
E/ActivityManager(  908): checkUser: useridlist=null, currentuser=0
E/ActivityManager(  908): checkUser: useridlist=null, currentuser=0
E/ActivityManager(  908): checkUser: useridlist=null, currentuser=0
E/ActivityManager(  908): checkUser: useridlist=null, currentuser=0
E/Zygote  (30996): MountEmulatedStorage()
E/Zygote  (30996): v2
I/SELinux (30996): Function: selinux_compare_spd_ram, SPD-policy is existed. and_ver=SEPF_SM-N910F_5.0.1 ver=27
I/SELinux (30996): Function: selinux_compare_spd_ram , priority [2] , priority version is VE=SEPF_SM-N910F_5.1.1_0032
E/Zygote  (30996): accessInfo : 0
E/SELinux (30996): [DEBUG] get_category: variable seinfo: platform sensitivity: NULL, cateogry: NULL
I/libpersona(30996): KNOX_SDCARD checking this for 1000
I/libpersona(30996): KNOX_SDCARD not a persona
I/ActivityManager(  908): Start proc 30996:com.sec.pcw.device/1000 for broadcast-5 com.sec.pcw.device/.receiver.SYSTEMReceiver
I/ActivityManager(  908): Killing 30281:com.samsung.android.app.galaxyfinder/u0a40 (adj 15): emptyCount ##31
D/TimaKeyStoreProvider(30996): TimaSignature is unavailable
D/ActivityThread(30996): Added TimaKeyStore provider
V/BroadcastQueue(  908): [deferred] Process cur broadcast BroadcastRecord{1e46e3ba u-1 android.net.conn.CONNECTIVITY_CHANGE} DELIVERED for app ProcessRecord{24b97363 30996:com.sec.pcw.device/1000}
D/InputReader(  908): Input event(9): value=0 when=296576751523000
D/InputReader(  908): Input event(9): value=0 when=296576751523000
I/InputReader(  908): Touch event's action is 0x1 (deviceType=0) [pCnt=1, s=] when=296576751523000
I/InputDispatcher(  908): Delivering touch to (30076): action: 0x1, toolType: 1
D/LudoMuseDebug(30076): Device is not connected. Launching required service
D/LudoMuseDebug(30076): launching request for connection...
D/SecContentProvider(  908): query(), uri = 18 selection = isWifiDirectAllowed
D/LudoMuseDebug(30076): [LUDOCLIENT][13:30:27]Message.size() = 0
D/WifiP2pService(  908): InactiveState{ what=139271 }
D/WifiP2pService(  908): InactiveState sending connect
D/LudoMuseDebug(30076): [LUDOCLIENT][13:30:27] MailBox = 1/0
I/wpa_supplicant( 1313): P2P-FIND-STOPPED 
I/PCWCLIENTTRACE_LOG(30996): DEFAULT_LOGON : true
D/SecContentProvider(  908): insert(), uri = 2
I/wpa_supplicant( 1313): P2P: Provision Discovery Request with A2.29.17 (config methods 0x80)
I/PCWCLIENTTRACE_LOG(30996): DEFAULT_LOGLEVEL : 3
D/LudoMuseDebug(30076): sucess on connection request. Broadcast receiver must receive a connection message
I/PCWCLIENTTRACE_DMDBOpenHelper(30996): new DMDBOpenHelper instance
D/WifiP2pService(  908): target ssid is null join:false
D/WifiDisplayController(  908): Received WIFI_P2P_PEERS_CHANGED_ACTION.
D/WifiP2pService(  908): GroupCreatingState
D/WifiP2pService(  908): ProvisionDiscoveryState
D/LudoMuseDebug(30076): android.net.wifi.p2p.PEERS_CHANGED
D/WifiStateMachine(  908): WifiManager.SEC_COMMAND_ID_SET_WIFI_ENABLED_WITH_P2P mSkipScanAssoc : true
D/WifiStateMachine(  908): WifiNative.WIFI_NATIVE_CMD_SET_ESTABLISH_SUP_CONNECTION mSkipScanAssoc : true
D/WifiNative-wlan0(  908): callSECApiBoolean - ID [13]
D/WifiService(  908): SEC_COMMAND_ID_SET_WIFI_SCAN_WITH_P2P : WiFi scan with p2p -> Stop Scan, Stop Assoc
I/PCWCLIENTTRACE_PushUtil(30996): SPPPushClient is installed : true
I/PCWCLIENTTRACE_PushUtil(30996): sales region : global
I/PCWCLIENTTRACE_PushUtil(30996): getPushTypeList : [SPP, GCM]
I/PCWCLIENTTRACE_SYSTEMReceiver(30996): [onReceive] - android.net.conn.CONNECTIVITY_CHANGE
I/wpa_supplicant( 1313): USE_NETWORK : USE_NETWORK OFF
I/wpa_supplicant( 1313): P2P: Provision Discovery Request TX callback: success=1
I/wpa_supplicant( 1313): P2P: Set prekey state (NONE -> SEND)
I/wpa_supplicant( 1313): P2P: Received Provision Discovery Response from A2.29.17 with config methods 0x80
I/wpa_supplicant( 1313): P2P: Set prekey state (SEND -> SUPPORT)
I/wpa_supplicant( 1313): P2P-PROV-DISC-PBC-RESP a2:b4:a5:66:29:17 static_ip=0xa31a8c0
D/ActivityManager(  908):  getDeferredInfo final delay 0
E/ActivityManager(  908): checkUser: useridlist=null, currentuser=0
E/ActivityManager(  908): checkUser: useridlist=null, currentuser=0
E/ActivityManager(  908): checkUser: useridlist=null, currentuser=0
E/ActivityManager(  908): checkUser: useridlist=null, currentuser=0
D/WifiP2pService(  908): ProvisionDiscoveryState{ what=147493 }
D/WifiP2pService(  908): GroupCreatingState{ what=147493 }
D/WifiP2pService(  908): P2pEnabledState{ what=147493 }
D/WifiP2pService(  908): discovery change broadcast false
E/Zygote  (31012): MountEmulatedStorage()
E/Zygote  (31012): v2
I/SELinux (31012): Function: selinux_compare_spd_ram, SPD-policy is existed. and_ver=SEPF_SM-N910F_5.0.1 ver=27
I/SELinux (31012): Function: selinux_compare_spd_ram , priority [2] , priority version is VE=SEPF_SM-N910F_5.1.1_0032
E/Zygote  (31012): accessInfo : 0
E/SELinux (31012): [DEBUG] get_category: variable seinfo: default sensitivity: NULL, cateogry: NULL
I/libpersona(31012): KNOX_SDCARD checking this for 10050
I/libpersona(31012): KNOX_SDCARD not a persona
D/TimaKeyStoreProvider(31012): TimaSignature is unavailable
D/ActivityThread(31012): Added TimaKeyStore provider
I/ActivityManager(  908): Start proc 31012:com.osp.app.signin/u0a50 for broadcast-5 com.osp.app.signin/.OspReceiver
I/ActivityManager(  908): Killing 30316:com.policydm/1000 (adj 15): emptyCount ##31
I/art     (  367): Explicit concurrent mark sweep GC freed 8723(371KB) AllocSpace objects, 0(0B) LOS objects, 72% free, 1529KB/5MB, paused 450us total 15.653ms
D/SecContentProvider(  908): insert(), uri = 2
V/BroadcastQueue(  908): [deferred] Process cur broadcast BroadcastRecord{1e46e3ba u-1 android.net.conn.CONNECTIVITY_CHANGE} DELIVERED for app ProcessRecord{5b07b60 31012:com.osp.app.signin/u0a50}
D/WifiP2pService(  908): set groupOwnerIntent : 7
I/wpa_supplicant( 1313): P2P: Setup freqs: freq=0 num_MCC=2 shared_freqs=1 num_unused=1
I/wpa_supplicant( 1313): P2P: Try to prefer a frequency (2462 MHz) we are already using
I/art     (  367): Explicit concurrent mark sweep GC freed 5(160B) AllocSpace objects, 0(0B) LOS objects, 72% free, 1529KB/5MB, paused 299us total 12.470ms
D/Netd    (  330): Iface p2p-wlan0-0 link down
I/wpa_supplicant( 1313): P2P: Request to start group negotiation - peer=A2.29.17  GO Intent=7  Intended Interface Address=4A.B8.8C wps_method=3 p