D/StatusBar.NetworkController( 1350): refreshViews connected={ wifi } level=4 combinedSignalIconId=0x7f020681/com.android.systemui:drawable/stat_sys_wifi_signal_4 mobileLabel=Appels d'urgence uniquement wifiLabel="IHMTEK" emergencyOnly=true combinedLabel="IHMTEK" mAirplaneMode=false mDataActivity=0 mPhoneSignalIconId=0x7f020618/com.android.systemui:drawable/stat_sys_signal_4_auto_rotate mQSPhoneSignalIconId=0x7f0201b1/com.android.systemui:drawable/ic_qs_signal_4 mDataDirectionIconId=0x0/(null) mDataSignalIconId=0x7f020618/com.android.systemui:drawable/stat_sys_signal_4_auto_rotate mDataTypeIconId=0x0/(null) mQSDataTypeIconId=0x0/(null) mNoSimIconId=0x0/(null) mWifiIconId=0x7f020681/com.android.systemui:drawable/stat_sys_wifi_signal_4 mQSWifiIconId=0x7f020365/com.android.systemui:drawable/qs_tile_wifi_signal_4 mWifiActivityIconId=0x7f02064e/com.android.systemui:drawable/stat_sys_signal_no_inout mBluetoothTetherIconId=0x7f02065e/com.android.systemui:drawable/stat_sys_tether_bluetooth
D/STATUSBAR-WifiTile( 1350): onWifiSignalChanged enabled=true enabledDesc:"IHMTEK"
D/StatusBar.NetworkController( 1350): refreshNwBoosterIndicator - setNWBoosterIndicators(false)
D/StatusBar.NetworkController( 1350): refreshNwBoosterIndicator - setNWBoosterIndicators(false)
D/StatusBar.NetworkController( 1350): refreshNwBoosterIndicator - setNWBoosterIndicators(false)
D/StatusBar.NetworkController( 1350): refreshNwBoosterIndicator - setNWBoosterIndicators(false)
D/StatusBar.NetworkController( 1350): refreshViews connected={ wifi } level=4 combinedSignalIconId=0x7f020681/com.android.systemui:drawable/stat_sys_wifi_signal_4 mobileLabel=Appels d'urgence uniquement wifiLabel="IHMTEK" emergencyOnly=true combinedLabel="IHMTEK" mAirplaneMode=false mDataActivity=0 mPhoneSignalIconId=0x7f020618/com.android.systemui:drawable/stat_sys_signal_4_auto_rotate mQSPhoneSignalIconId=0x7f0201b1/com.android.systemui:drawable/ic_qs_signal_4 mDataDirectionIconId=0x0/(null) mDataSignalIconId=0x7f020618/com.android.systemui:drawable/stat_sys_signal_4_auto_rotate mDataTypeIconId=0x0/(null) mQSDataTypeIconId=0x0/(null) mNoSimIconId=0x0/(null) mWifiIconId=0x7f020681/com.android.systemui:drawable/stat_sys_wifi_signal_4 mQSWifiIconId=0x7f020365/com.android.systemui:drawable/qs_tile_wifi_signal_4 mWifiActivityIconId=0x7f020649/com.android.systemui:drawable/stat_sys_signal_in mBluetoothTetherIconId=0x7f02065e/com.android.systemui:drawable/stat_sys_tether_bluetooth
D/STATUSBAR-WifiTile( 1350): onWifiSignalChanged enabled=true enabledDesc:"IHMTEK"
D/StatusBar.NetworkController( 1350): refreshNwBoosterIndicator - setNWBoosterIndicators(false)
D/StatusBar.NetworkController( 1350): refreshNwBoosterIndicator - setNWBoosterIndicators(false)
D/StatusBar.NetworkController( 1350): refreshNwBoosterIndicator - setNWBoosterIndicators(false)
D/StatusBar.NetworkController( 1350): refreshNwBoosterIndicator - setNWBoosterIndicators(false)
D/StatusBar.NetworkController( 1350): refreshViews connected={ wifi } level=4 combinedSignalIconId=0x7f020681/com.android.systemui:drawable/stat_sys_wifi_signal_4 mobileLabel=Appels d'urgence uniquement wifiLabel="IHMTEK" emergencyOnly=true combinedLabel="IHMTEK" mAirplaneMode=false mDataActivity=0 mPhoneSignalIconId=0x7f020618/com.android.systemui:drawable/stat_sys_signal_4_auto_rotate mQSPhoneSignalIconId=0x7f0201b1/com.android.systemui:drawable/ic_qs_signal_4 mDataDirectionIconId=0x0/(null) mDataSignalIconId=0x7f020618/com.android.systemui:drawable/stat_sys_signal_4_auto_rotate mDataTypeIconId=0x0/(null) mQSDataTypeIconId=0x0/(null) mNoSimIconId=0x0/(null) mWifiIconId=0x7f020681/com.android.systemui:drawable/stat_sys_wifi_signal_4 mQSWifiIconId=0x7f020365/com.android.systemui:drawable/qs_tile_wifi_signal_4 mWifiActivityIconId=0x7f02064e/com.android.systemui:drawable/stat_sys_signal_no_inout mBluetoothTetherIconId=0x7f02065e/com.android.systemui:drawable/stat_sys_tether_bluetooth
D/STATUSBAR-WifiTile( 1350): onWifiSignalChanged enabled=true enabledDesc:"IHMTEK"
D/StatusBar.NetworkController( 1350): refreshNwBoosterIndicator - setNWBoosterIndicators(false)
D/StatusBar.NetworkController( 1350): refreshNwBoosterIndicator - setNWBoosterIndicators(false)
D/StatusBar.NetworkController( 1350): refreshNwBoosterIndicator - setNWBoosterIndicators(false)
D/StatusBar.NetworkController( 1350): refreshNwBoosterIndicator - setNWBoosterIndicators(false)
D/StatusBar.NetworkController( 1350): refreshViews connected={ wifi } level=4 combinedSignalIconId=0x7f020681/com.android.systemui:drawable/stat_sys_wifi_signal_4 mobileLabel=Appels d'urgence uniquement wifiLabel="IHMTEK" emergencyOnly=true combinedLabel="IHMTEK" mAirplaneMode=false mDataActivity=0 mPhoneSignalIconId=0x7f020618/com.android.systemui:drawable/stat_sys_signal_4_auto_rotate mQSPhoneSignalIconId=0x7f0201b1/com.android.systemui:drawable/ic_qs_signal_4 mDataDirectionIconId=0x0/(null) mDataSignalIconId=0x7f020618/com.android.systemui:drawable/stat_sys_signal_4_auto_rotate mDataTypeIconId=0x0/(null) mQSDataTypeIconId=0x0/(null) mNoSimIconId=0x0/(null) mWifiIconId=0x7f020681/com.android.systemui:drawable/stat_sys_wifi_signal_4 mQSWifiIconId=0x7f020365/com.android.systemui:drawable/qs_tile_wifi_signal_4 mWifiActivityIconId=0x7f020649/com.android.systemui:drawable/stat_sys_signal_in mBluetoothTetherIconId=0x7f02065e/com.android.systemui:drawable/stat_sys_tether_bluetooth
D/STATUSBAR-WifiTile( 1350): onWifiSignalChanged enabled=true enabledDesc:"IHMTEK"
D/StatusBar.NetworkController( 1350): refreshNwBoosterIndicator - setNWBoosterIndicators(false)
D/StatusBar.NetworkController( 1350): refreshNwBoosterIndicator - setNWBoosterIndicators(false)
D/StatusBar.NetworkController( 1350): refreshNwBoosterIndicator - setNWBoosterIndicators(false)
D/StatusBar.NetworkController( 1350): refreshNwBoosterIndicator - setNWBoosterIndicators(false)
D/StatusBar.NetworkController( 1350): refreshViews connected={ wifi } level=4 combinedSignalIconId=0x7f020681/com.android.systemui:drawable/stat_sys_wifi_signal_4 mobileLabel=Appels d'urgence uniquement wifiLabel="IHMTEK" emergencyOnly=true combinedLabel="IHMTEK" mAirplaneMode=false mDataActivity=0 mPhoneSignalIconId=0x7f020618/com.android.systemui:drawable/stat_sys_signal_4_auto_rotate mQSPhoneSignalIconId=0x7f0201b1/com.android.systemui:drawable/ic_qs_signal_4 mDataDirectionIconId=0x0/(null) mDataSignalIconId=0x7f020618/com.android.systemui:drawable/stat_sys_signal_4_auto_rotate mDataTypeIconId=0x0/(null) mQSDataTypeIconId=0x0/(null) mNoSimIconId=0x0/(null) mWifiIconId=0x7f020681/com.android.systemui:drawable/stat_sys_wifi_signal_4 mQSWifiIconId=0x7f020365/com.android.systemui:drawable/qs_tile_wifi_signal_4 mWifiActivityIconId=0x7f02064e/com.android.systemui:drawable/stat_sys_signal_no_inout mBluetoothTetherIconId=0x7f02065e/com.android.systemui:drawable/stat_sys_tether_bluetooth
D/STATUSBAR-WifiTile( 1350): onWifiSignalChanged enabled=true enabledDesc:"IHMTEK"
D/StatusBar.NetworkController( 1350): refreshNwBoosterIndicator - setNWBoosterIndicators(false)
D/StatusBar.NetworkController( 1350): refreshNwBoosterIndicator - setNWBoosterIndicators(false)
D/StatusBar.NetworkController( 1350): refreshNwBoosterIndicator - setNWBoosterIndicators(false)
D/StatusBar.NetworkController( 1350): refreshNwBoosterIndicator - setNWBoosterIndicators(false)
D/StatusBar.NetworkController( 1350): refreshViews connected={ wifi } level=4 combinedSignalIconId=0x7f020681/com.android.systemui:drawable/stat_sys_wifi_signal_4 mobileLabel=Appels d'urgence uniquement wifiLabel="IHMTEK" emergencyOnly=true combinedLabel="IHMTEK" mAirplaneMode=false mDataActivity=0 mPhoneSignalIconId=0x7f020618/com.android.systemui:drawable/stat_sys_signal_4_auto_rotate mQSPhoneSignalIconId=0x7f0201b1/com.android.systemui:drawable/ic_qs_signal_4 mDataDirectionIconId=0x0/(null) mDataSignalIconId=0x7f020618/com.android.systemui:drawable/stat_sys_signal_4_auto_rotate mDataTypeIconId=0x0/(null) mQSDataTypeIconId=0x0/(null) mNoSimIconId=0x0/(null) mWifiIconId=0x7f020681/com.android.systemui:drawable/stat_sys_wifi_signal_4 mQSWifiIconId=0x7f020365/com.android.systemui:drawable/qs_tile_wifi_signal_4 mWifiActivityIconId=0x7f020649/com.android.systemui:drawable/stat_sys_signal_in mBluetoothTetherIconId=0x7f02065e/com.android.systemui:drawable/stat_sys_tether_bluetooth
D/STATUSBAR-WifiTile( 1350): onWifiSignalChanged enabled=true enabledDesc:"IHMTEK"
D/StatusBar.NetworkController( 1350): refreshNwBoosterIndicator - setNWBoosterIndicators(false)
D/StatusBar.NetworkController( 1350): refreshNwBoosterIndicator - setNWBoosterIndicators(false)
D/StatusBar.NetworkController( 1350): refreshNwBoosterIndicator - setNWBoosterIndicators(false)
D/StatusBar.NetworkController( 1350): refreshNwBoosterIndicator - setNWBoosterIndicators(false)
D/StatusBar.NetworkController( 1350): refreshViews connected={ wifi } level=4 combinedSignalIconId=0x7f020681/com.android.systemui:drawable/stat_sys_wifi_signal_4 mobileLabel=Appels d'urgence uniquement wifiLabel="IHMTEK" emergencyOnly=true combinedLabel="IHMTEK" mAirplaneMode=false mDataActivity=0 mPhoneSignalIconId=0x7f020618/com.android.systemui:drawable/stat_sys_signal_4_auto_rotate mQSPhoneSignalIconId=0x7f0201b1/com.android.systemui:drawable/ic_qs_signal_4 mDataDirectionIconId=0x0/(null) mDataSignalIconId=0x7f020618/com.android.systemui:drawable/stat_sys_signal_4_auto_rotate mDataTypeIconId=0x0/(null) mQSDataTypeIconId=0x0/(null) mNoSimIconId=0x0/(null) mWifiIconId=0x7f020681/com.android.systemui:drawable/stat_sys_wifi_signal_4 mQSWifiIconId=0x7f020365/com.android.systemui:drawable/qs_tile_wifi_signal_4 mWifiActivityIconId=0x7f02064e/com.android.systemui:drawable/stat_sys_signal_no_inout mBluetoothTetherIconId=0x7f02065e/com.android.systemui:drawable/stat_sys_tether_bluetooth
D/STATUSBAR-WifiTile( 1350): onWifiSignalChanged enabled=true enabledDesc:"IHMTEK"
D/StatusBar.NetworkController( 1350): refreshNwBoosterIndicator - setNWBoosterIndicators(false)
D/StatusBar.NetworkController( 1350): refreshNwBoosterIndicator - setNWBoosterIndicators(false)
D/StatusBar.NetworkController( 1350): refreshNwBoosterIndicator - setNWBoosterIndicators(false)
D/StatusBar.NetworkController( 1350): refreshNwBoosterIndicator - setNWBoosterIndicators(false)
E/LocSvc_libulp(  908): I/int ulp_msg_process_system_update(UlpSystemEvent): systemEvent:5 
D/SSRM:n  (  908): SIOP:: AP = 330, PST = 339 (W:20), CUR = 125, LCD = 0
D/KeyguardUpdateMonitor( 1350): received broadcast android.intent.action.BATTERY_CHANGED
I/PERF    ( 1350): received broadcast android.intent.action.BATTERY_CHANGED
D/BatteryService(  908): !@BatteryListener : batteryPropertiesChanged!
D/BatteryService(  908): level:49, scale:100, status:2, health:2, present:true, voltage: 3868, temperature: 293, technology: Li-ion, AC powered:false, USB powered:true, POGO powered:false, Wireless powered:false, icon:17303759, invalid charger:0
D/BatteryService(  908): online:4, current avg:142, charge type:1, power sharing:false, high voltage charger:false, capacity:322000, current_now:165
D/BatteryService(  908): Sending ACTION_BATTERY_CHANGED.
D/KeyguardUpdateMonitor( 1350): handleBatteryUpdate
I/MotionRecognitionService(  908): Plugged
D/MotionRecognitionService(  908):   cableConnection= 1
D/MotionRecognitionService(  908): setPowerConnected | current backoffstate  = 1024 , state =1024
D/MotionRecognitionService(  908): skip setTransmitPower. 
D/CoverUpdateMonitor( 1350): received broadcast android.intent.action.BATTERY_CHANGED
D/BatteryMeterView( 1350): ACTION_BATTERY_CHANGED : level:49 status:2 health:2
D/BatteryMeterView( 1350): ACTION_BATTERY_CHANGED : level:49 status:2 health:2
D/BatteryMeterView( 1350): ACTION_BATTERY_CHANGED : level:49 status:2 health:2
V/AlarmManager(  908): waitForAlarm result :8
D/KeyguardUpdateMonitor( 1350): received broadcast android.intent.action.TIME_TICK
I/PERF    ( 1350): received broadcast android.intent.action.TIME_TICK
D/KeyguardUpdateMonitor( 1350): handleTimeUpdate
D/SecKeyguardClockView( 1350): onTimeChanged() : mShouldShowDualClock - false, isDualClockSet() -false
D/SecKeyguardClockView( 1350): HomeTimezone(): 1
D/SecKeyguardStatusUtils( 1350): regionalDateFormat = 22/11/3333 isRTLlanguage = false returnDateFormat = E d MMMM
D/CoverUpdateMonitor( 1350): received broadcast android.intent.action.TIME_TICK
D/DateView( 1350): regionalDateFormat = 22/11/3333 isRTLlanguage = false returnDateFormat = E d MMMM
D/DateView( 1350): regionalDateFormat = 22/11/3333 isRTLlanguage = false returnDateFormat = E d MMMM
D/DateView( 1350): regionalDateFormat = 22/11/3333 isRTLlanguage = false returnDateFormat = E d MMMM
D/DateView( 1350): regionalDateFormat = 22/11/3333 isRTLlanguage = false returnDateFormat = E d MMMM
D/DateView( 1350): regionalDateFormat = 22/11/3333 isRTLlanguage = false returnDateFormat = E d MMMM
D/DateView( 1350): regionalDateFormat = 22/11/3333 isRTLlanguage = false returnDateFormat = E d MMMM
D/KeyguardEffectViewController( 1350): onReceive action : android.intent.action.TIME_TICK
D/accuweather( 2425): [KK AccuPhone]>>> WCS:144 [0:0] action : androidintentactionTIME_TICK
D/accuweather( 2425): [KK AccuPhone]>>> UIM:113 [0:0] getInstance
D/accuweather( 2425): [KK AccuPhone]>>> UIM:283 [0:0] direct update clock
D/accuweather( 2425): [KK AccuPhone]>>> UIM:152 [0:0] make widget 4x1 view!!! 
D/accuweather( 2425): [KK AccuPhone]>>> UIM:154 [0:0] make widget 4x2 view!!! 
D/accuweather( 2425): [KK AccuPhone]>>> RU:73 [0:0] get ww = 339, wh = 160span x = 4, span y = 2
D/accuweather( 2425): [KK AccuPhone]>>> UIM:1461 [0:0] mc sy = 2
D/accuweather( 2425): [KK AccuPhone]>>> RU:73 [0:0] get ww = 339, wh = 160span x = 4, span y = 2
D/accuweather( 2425): [KK AccuPhone]>>> UIM:179 [0:0] get widget 4x2 view!!! wid = 1
E/accuweather( 2425): [KK AccuPhone]>>> UIM:1501 [0:0] bTM 15 39
D/SecKeyguardStatusUtils( 1350): regionalDateFormat = 22/11/3333 isRTLlanguage = false returnDateFormat = E d MMMM
D/OpenGLRenderer( 1649): SFEffectCache::callback: name, removed size, mSize = 1191, 552976, 24132996
E/libEGL  ( 1649): ------------------------------------------------
E/libEGL  ( 1649): HWUI Context(-1371038208) Damaged Report-Texture
E/libEGL  ( 1649): HWUI   Textures(258):
E/libEGL  ( 1649): HWUI     Unit 0) Handle(31)
E/libEGL  ( 1649): HWUI     Unit 1) Handle(32)
E/libEGL  ( 1649): HWUI     Unit 2) Handle(36)
E/libEGL  ( 1649): HWUI     Unit 3) Handle(55)
E/libEGL  ( 1649): HWUI     Unit 4) Handle(56)
E/libEGL  ( 1649): HWUI     Unit 5) Handle(60)
E/libEGL  ( 1649): HWUI     Unit 6) Handle(79)
E/libEGL  ( 1649): HWUI     Unit 7) Handle(97)
E/libEGL  ( 1649): HWUI     Unit 8) Handle(99)
E/libEGL  ( 1649): HWUI     Unit 9) Handle(100)
E/libEGL  ( 1649): HWUI     Unit 10) Handle(101)
E/libEGL  ( 1649): HWUI     Unit 11) Handle(116)
E/libEGL  ( 1649): HWUI     Unit 12) Handle(118)
E/libEGL  ( 1649): HWUI     Unit 13) Handle(119)
E/libEGL  ( 1649): HWUI     Unit 14) Handle(120)
E/libEGL  ( 1649): HWUI     Unit 15) Handle(123)
E/libEGL  ( 1649): HWUI     Unit 16) Handle(125)
E/libEGL  ( 1649): HWUI     Unit 17) Handle(143)
E/libEGL  ( 1649): HWUI     Unit 18) Handle(145)
E/libEGL  ( 1649): HWUI     Unit 19) Handle(148)
E/libEGL  ( 1649): HWUI     Unit 20) Handle(150)
E/libEGL  ( 1649): HWUI     Unit 21) Handle(205)
E/libEGL  ( 1649): HWUI     Unit 22) Handle(311)
E/libEGL  ( 1649): HWUI     Unit 23) Handle(313)
E/libEGL  ( 1649): HWUI     Unit 24) Handle(346)
E/libEGL  ( 1649): HWUI     Unit 25) Handle(347)
E/libEGL  ( 1649): HWUI     Unit 26) Handle(348)
E/libEGL  ( 1649): HWUI     Unit 27) Handle(349)
E/libEGL  ( 1649): HWUI     Unit 28) Handle(350)
E/libEGL  ( 1649): HWUI     Unit 29) Handle(351)
E/libEGL  ( 1649): HWUI     Unit 30) Handle(352)
E/libEGL  ( 1649): HWUI     Unit 31) Handle(353)
E/libEGL  ( 1649): HWUI     Unit 32) Handle(354)
E/libEGL  ( 1649): HWUI     Unit 33) Handle(355)
E/libEGL  ( 1649): HWUI     Unit 34) Handle(356)
E/libEGL  ( 1649): HWUI     Unit 35) Handle(392)
E/libEGL  ( 1649): HWUI     Unit 36) Handle(505)
E/libEGL  ( 1649): HWUI     Unit 37) Handle(507)
E/libEGL  ( 1649): HWUI     Unit 38) Handle(531)
E/libEGL  ( 1649): HWUI     Unit 39) Handle(533)
E/libEGL  ( 1649): HWUI     Unit 40) Handle(536)
E/libEGL  ( 1649): HWUI     Unit 41) Handle(538)
E/libEGL  ( 1649): HWUI     Unit 42) Handle(539)
E/libEGL  ( 1649): HWUI     Unit 43) Handle(540)
E/libEGL  ( 1649): HWUI     Unit 44) Handle(541)
E/libEGL  ( 1649): HWUI     Unit 45) Handle(542)
E/libEGL  ( 1649): HWUI     Unit 46) Handle(544)
E/libEGL  ( 1649): HWUI     Unit 47) Handle(546)
E/libEGL  ( 1649): HWUI     Unit 48) Handle(548)
E/libEGL  ( 1649): HWUI     Unit 49) Handle(549)
E/libEGL  ( 1649): HWUI     Unit 50) Handle(550)
E/libEGL  ( 1649): HWUI     Unit 51) Handle(552)
E/libEGL  ( 1649): HWUI     Unit 52) Handle(553)
E/libEGL  ( 1649): HWUI     Unit 53) Handle(554)
E/libEGL  ( 1649): HWUI     Unit 54) Handle(557)
E/libEGL  ( 1649): HWUI     Unit 55) Handle(559)
E/libEGL  ( 1649): HWUI     Unit 56) Handle(560)
E/libEGL  ( 1649): HWUI     Unit 57) Handle(561)
E/libEGL  ( 1649): HWUI     Unit 58) Handle(562)
E/libEGL  ( 1649): HWUI     Unit 59) Handle(563)
E/libEGL  ( 1649): HWUI     Unit 60) Handle(564)
E/libEGL  ( 1649): HWUI     Unit 61) Handle(565)
E/libEGL  ( 1649): HWUI     Unit 62) Handle(566)
E/libEGL  ( 1649): HWUI     Unit 63) Handle(567)
E/libEGL  ( 1649): HWUI     Unit 64) Handle(568)
E/libEGL  ( 1649): HWUI     Unit 65) Handle(569)
E/libEGL  ( 1649): HWUI     Unit 66) Handle(573)
E/libEGL  ( 1649): HWUI     Unit 67) Handle(574)
E/libEGL  ( 1649): HWUI     Unit 68) Handle(575)
E/libEGL  ( 1649): HWUI     Unit 69) Handle(578)
E/libEGL  ( 1649): HWUI     Unit 70) Handle(580)
E/libEGL  ( 1649): HWUI     Unit 71) Handle(613)
E/libEGL  ( 1649): HWUI     Unit 72) Handle(617)
E/libEGL  ( 1649): HWUI     Unit 73) Handle(624)
E/libEGL  ( 1649): HWUI     Unit 74) Handle(626)
E/libEGL  ( 1649): HWUI     Unit 75) Handle(627)
E/libEGL  ( 1649): HWUI     Unit 76) Handle(630)
E/libEGL  ( 1649): HWUI     Unit 77) Handle(631)
E/libEGL  ( 1649): HWUI     Unit 78) Handle(633)
E/libEGL  ( 1649): HWUI     Unit 79) Handle(637)
E/libEGL  ( 1649): HWUI     Unit 80) Handle(638)
E/libEGL  ( 1649): HWUI     Unit 81) Handle(695)
E/libEGL  ( 1649): HWUI     Unit 82) Handle(698)
E/libEGL  ( 1649): HWUI     Unit 83) Handle(701)
E/libEGL  ( 1649): HWUI     Unit 84) Handle(705)
E/libEGL  ( 1649): HWUI     Unit 85) Handle(709)
E/libEGL  ( 1649): HWUI     Unit 86) Handle(710)
E/libEGL  ( 1649): HWUI     Unit 87) Handle(713)
E/libEGL  ( 1649): HWUI     Unit 88) Handle(714)
E/libEGL  ( 1649): HWUI     Unit 89) Handle(715)
E/libEGL  ( 1649): HWUI     Unit 90) Handle(716)
E/libEGL  ( 1649): HWUI     Unit 91) Handle(717)
E/libEGL  ( 1649): HWUI     Unit 92) Handle(718)
E/libEGL  ( 1649): HWUI     Unit 93) Handle(719)
E/libEGL  ( 1649): HWUI     Unit 94) Handle(720)
E/libEGL  ( 1649): HWUI     Unit 95) Handle(721)
E/libEGL  ( 1649): HWUI     Unit 96) Handle(722)
E/libEGL  ( 1649): HWUI     Unit 97) Handle(723)
E/libEGL  ( 1649): HWUI     Unit 98) Handle(724)
E/libEGL  ( 1649): HWUI     Unit 99) Handle(725)
E/libEGL  ( 1649): HWUI     Unit 100) Handle(726)
E/libEGL  ( 1649): HWUI     Unit 101) Handle(788)
E/libEGL  ( 1649): HWUI     Unit 102) Handle(792)
E/libEGL  ( 1649): HWUI     Unit 103) Handle(795)
E/libEGL  ( 1649): HWUI     Unit 104) Handle(797)
E/libEGL  ( 1649): HWUI     Unit 105) Handle(800)
E/libEGL  ( 1649): HWUI     Unit 106) Handle(804)
E/libEGL  ( 1649): HWUI     Unit 107) Handle(806)
E/libEGL  ( 1649): HWUI     Unit 108) Handle(810)
E/libEGL  ( 1649): HWUI     Unit 109) Handle(811)
E/libEGL  ( 1649): HWUI     Unit 110) Handle(812)
E/libEGL  ( 1649): HWUI     Unit 111) Handle(813)
E/libEGL  ( 1649): HWUI     Unit 112) Handle(814)
E/libEGL  ( 1649): HWUI     Unit 113) Handle(815)
E/libEGL  ( 1649): HWUI     Unit 114) Handle(817)
E/libEGL  ( 1649): HWUI     Unit 115) Handle(818)
E/libEGL  ( 1649): HWUI     Unit 116) Handle(819)
E/libEGL  ( 1649): HWUI     Unit 117) Handle(822)
E/libEGL  ( 1649): HWUI     Unit 118) Handle(823)
E/libEGL  ( 1649): HWUI     Unit 119) Handle(824)
E/libEGL  ( 1649): HWUI     Unit 120) Handle(825)
E/libEGL  ( 1649): HWUI     Unit 121) Handle(826)
E/libEGL  ( 1649): HWUI     Unit 122) Handle(827)
E/libEGL  ( 1649): HWUI     Unit 123) Handle(829)
E/libEGL  ( 1649): HWUI     Unit 124) Handle(830)
E/libEGL  ( 1649): HWUI     Unit 125) Handle(831)
E/libEGL  ( 1649): HWUI     Unit 126) Handle(832)
E/libEGL  ( 1649): HWUI     Unit 127) Handle(833)
E/libEGL  ( 1649): HWUI     Unit 128) Handle(834)
E/libEGL  ( 1649): HWUI     Unit 129) Handle(835)
E/libEGL  ( 1649): HWUI     Unit 130) Handle(836)
E/libEGL  ( 1649): HWUI     Unit 131) Handle(837)
E/libEGL  ( 1649): HWUI     Unit 132) Handle(840)
E/libEGL  ( 1649): HWUI     Unit 133) Handle(841)
E/libEGL  ( 1649): HWUI     Unit 134) Handle(842)
E/libEGL  ( 1649): HWUI     Unit 135) Handle(843)
E/libEGL  ( 1649): HWUI     Unit 136) Handle(844)
E/libEGL  ( 1649): HWUI     Unit 137) Handle(846)
E/libEGL  ( 1649): HWUI     Unit 138) Handle(847)
E/libEGL  ( 1649): HWUI     Unit 139) Handle(850)
E/libEGL  ( 1649): HWUI     Unit 140) Handle(852)
E/libEGL  ( 1649): HWUI     Unit 141) Handle(853)
E/libEGL  ( 1649): HWUI     Unit 142) Handle(857)
E/libEGL  ( 1649): HWUI     Unit 143) Handle(859)
E/libEGL  ( 1649): HWUI     Unit 144) Handle(862)
E/libEGL  ( 1649): HWUI     Unit 145) Handle(874)
E/libEGL  ( 1649): HWUI     Unit 146) Handle(881)
E/libEGL  ( 1649): HWUI     Unit 147) Handle(885)
E/libEGL  ( 1649): HWUI     Unit 148) Handle(886)
E/libEGL  ( 1649): HWUI     Unit 149) Handle(887)
E/libEGL  ( 1649): HWUI     Unit 150) Handle(891)
E/libEGL  ( 1649): HWUI     Unit 151) Handle(892)
E/libEGL  ( 1649): HWUI     Unit 152) Handle(893)
E/libEGL  ( 1649): HWUI     Unit 153) Handle(894)
E/libEGL  ( 1649): HWUI     Unit 154) Handle(895)
E/libEGL  ( 1649): HWUI     Unit 155) Handle(896)
E/libEGL  ( 1649): HWUI     Unit 156) Handle(897)
E/libEGL  ( 1649): HWUI     Unit 157) Handle(898)
E/libEGL  ( 1649): HWUI     Unit 158) Handle(899)
E/libEGL  ( 1649): HWUI     Unit 159) Handle(900)
E/libEGL  ( 1649): HWUI     Unit 160) Handle(901)
E/libEGL  ( 1649): HWUI     Unit 161) Handle(902)
E/libEGL  ( 1649): HWUI     Unit 162) Handle(903)
E/libEGL  ( 1649): HWUI     Unit 163) Handle(915)
E/libEGL  ( 1649): HWUI     Unit 164) Handle(940)
E/libEGL  ( 1649): HWUI     Unit 165) Handle(943)
E/libEGL  ( 1649): HWUI     Unit 166) Handle(944)
E/libEGL  ( 1649): HWUI     Unit 167) Handle(946)
E/libEGL  ( 1649): HWUI     Unit 168) Handle(949)
E/libEGL  ( 1649): HWUI     Unit 169) Handle(950)
E/libEGL  ( 1649): HWUI     Unit 170) Handle(954)
E/libEGL  ( 1649): HWUI     Unit 171) Handle(955)
E/libEGL  ( 1649): HWUI     Unit 172) Handle(956)
E/libEGL  ( 1649): HWUI     Unit 173) Handle(957)
E/libEGL  ( 1649): HWUI     Unit 174) Handle(958)
E/libEGL  ( 1649): HWUI     Unit 175) Handle(959)
E/libEGL  ( 1649): HWUI     Unit 176) Handle(960)
E/libEGL  ( 1649): HWUI     Unit 177) Handle(961)
E/libEGL  ( 1649): HWUI     Unit 178) Handle(962)
E/libEGL  ( 1649): HWUI     Unit 179) Handle(963)
E/libEGL  ( 1649): HWUI     Unit 180) Handle(964)
E/libEGL  ( 1649): HWUI     Unit 181) Handle(967)
E/libEGL  ( 1649): HWUI     Unit 182) Handle(970)
E/libEGL  ( 1649): HWUI     Unit 183) Handle(974)
E/libEGL  ( 1649): HWUI     Unit 184) Handle(1018)
E/libEGL  ( 1649): HWUI     Unit 185) Handle(1020)
E/libEGL  ( 1649): HWUI     Unit 186) Handle(1021)
E/libEGL  ( 1649): HWUI     Unit 187) Handle(1022)
E/libEGL  ( 1649): HWUI     Unit 188) Handle(1023)
E/libEGL  ( 1649): HWUI     Unit 189) Handle(1024)
E/libEGL  ( 1649): HWUI     Unit 190) Handle(1025)
E/libEGL  ( 1649): HWUI     Unit 191) Handle(1026)
E/libEGL  ( 1649): HWUI     Unit 192) Handle(1027)
E/libEGL  ( 1649): HWUI     Unit 193) Handle(1028)
E/libEGL  ( 1649): HWUI     Unit 194) Handle(1029)
E/libEGL  ( 1649): HWUI     Unit 195) Handle(1030)
E/libEGL  ( 1649): HWUI     Unit 196) Handle(1031)
E/libEGL  ( 1649): HWUI     Unit 197) Handle(1035)
E/libEGL  ( 1649): HWUI     Unit 198) Handle(1036)
E/libEGL  ( 1649): HWUI     Unit 199) Handle(1039)
E/libEGL  ( 1649): HWUI     Unit 200) Handle(1094)
E/libEGL  ( 1649): HWUI     Unit 201) Handle(1095)
E/libEGL  ( 1649): HWUI     Unit 202) Handle(1154)
E/libEGL  ( 1649): HWUI     Unit 203) Handle(1156)
E/libEGL  ( 1649): HWUI     Unit 204) Handle(1159)
E/libEGL  ( 1649): HWUI     Unit 205) Handle(1161)
E/libEGL  ( 1649): HWUI     Unit 206) Handle(1179)
E/libEGL  ( 1649): HWUI     Unit 207) Handle(1181)
E/libEGL  ( 1649): HWUI     Unit 208) Handle(1184)
E/libEGL  ( 1649): HWUI     Unit 209) Handle(1185)
E/libEGL  ( 1649): HWUI     Unit 210) Handle(1186)
E/libEGL  ( 1649): HWUI     Unit 211) Handle(1187)
E/libEGL  ( 1649): HWUI     Unit 212) Handle(1188)
E/libEGL  ( 1649): HWUI     Unit 213) Handle(1189)
E/libEGL  ( 1649): HWUI     Unit 214) DAMAGED Handle(1191)
E/libEGL  ( 1649): HWUI     Unit 215) Handle(1192)
E/libEGL  ( 1649): HWUI     Unit 216) Handle(1195)
E/libEGL  ( 1649): HWUI     Unit 217) Handle(1197)
E/libEGL  ( 1649): HWUI     Unit 218) Handle(1200)
E/libEGL  ( 1649): HWUI     Unit 219) Handle(1201)
E/libEGL  ( 1649): HWUI     Unit 220) Handle(1202)
E/libEGL  ( 1649): HWUI     Unit 221) Handle(1203)
E/libEGL  ( 1649): HWUI     Unit 222) Handle(1205)
E/libEGL  ( 1649): HWUI     Unit 223) Handle(1226)
E/libEGL  ( 1649): HWUI     Unit 224) Handle(1228)
E/libEGL  ( 1649): HWUI     Unit 225) Handle(1231)
E/libEGL  ( 1649): HWUI     Unit 226) Handle(1250)
E/libEGL  ( 1649): HWUI     Unit 227) Handle(1252)
E/libEGL  ( 1649): HWUI     Unit 228) Handle(1253)
E/libEGL  ( 1649): HWUI     Unit 229) Handle(1254)
E/libEGL  ( 1649): HWUI     Unit 230) Handle(1255)
E/libEGL  ( 1649): HWUI     Unit 231) Handle(1256)
E/libEGL  ( 1649): HWUI     Unit 232) Handle(1257)
E/libEGL  ( 1649): HWUI     Unit 233) Handle(1258)
E/libEGL  ( 1649): HWUI     Unit 234) Handle(1262)
E/libEGL  ( 1649): HWUI     Unit 235) Handle(1263)
E/libEGL  ( 1649): HWUI     Unit 236) Handle(1266)
E/libEGL  ( 1649): HWUI     Unit 237) Handle(1285)
E/libEGL  ( 1649): HWUI     Unit 238) Handle(1286)
E/libEGL  ( 1649): HWUI     Unit 239) Handle(1287)
E/libEGL  ( 1649): HWUI     Unit 240) Handle(1291)
E/libEGL  ( 1649): HWUI     Unit 241) Handle(1292)
E/libEGL  ( 1649): HWUI     Unit 242) Handle(1295)
E/libEGL  ( 1649): HWUI     Unit 243) Handle(1297)
E/libEGL  ( 1649): HWUI     Unit 244) Handle(1300)
E/libEGL  ( 1649): HWUI     Unit 245) Handle(1319)
E/libEGL  ( 1649): HWUI     Unit 246) Handle(1322)
E/libEGL  ( 1649): HWUI     Unit 247) Handle(1341)
E/libEGL  ( 1649): HWUI     Unit 248) Handle(1342)
E/libEGL  ( 1649): HWUI     Unit 249) Handle(1343)
E/libEGL  ( 1649): HWUI     Unit 250) Handle(1344)
E/libEGL  ( 1649): HWUI     Unit 251) Handle(1345)
E/libEGL  ( 1649): HWUI     Unit 252) Handle(1346)
E/libEGL  ( 1649): HWUI     Unit 253) Handle(1348)
E/libEGL  ( 1649): HWUI     Unit 254) Handle(1351)
E/libEGL  ( 1649): HWUI     Unit 255) Handle(1354)
E/libEGL  ( 1649): HWUI     Unit 256) Handle(1355)
E/libEGL  ( 1649): HWUI     Unit 257) Handle(1356)
E/libEGL  ( 1649): ------------------------------------------------
E/libGLESv2( 1649): HWUI Protection: wrong calling from app context F:ES2-glDeleteTextures, handle(-1720375652)
W/OpenGLRenderer( 1649): SFEffectCache::get: create texture(0x9975270c): name, size, mSize = 1360, 568524, 24701520
E/Watchdog(  908): !@Sync 9059 [10-19 15:39:00.241]
D/StatusBar.NetworkController( 1350): refreshViews connected={ wifi } level=4 combinedSignalIconId=0x7f020681/com.android.systemui:drawable/stat_sys_wifi_signal_4 mobileLabel=Appels d'urgence uniquement wifiLabel="IHMTEK" emergencyOnly=true combinedLabel="IHMTEK" mAirplaneMode=false mDataActivity=0 mPhoneSignalIconId=0x7f020618/com.android.systemui:drawable/stat_sys_signal_4_auto_rotate mQSPhoneSignalIconId=0x7f0201b1/com.android.systemui:drawable/ic_qs_signal_4 mDataDirectionIconId=0x0/(null) mDataSignalIconId=0x7f020618/com.android.systemui:drawable/stat_sys_signal_4_auto_rotate mDataTypeIconId=0x0/(null) mQSDataTypeIconId=0x0/(null) mNoSimIconId=0x0/(null) mWifiIconId=0x7f020681/com.android.systemui:drawable/stat_sys_wifi_signal_4 mQSWifiIconId=0x7f020365/com.android.systemui:drawable/qs_tile_wifi_signal_4 mWifiActivityIconId=0x7f020649/com.android.systemui:drawable/stat_sys_signal_in mBluetoothTetherIconId=0x7f02065e/com.android.systemui:drawable/stat_sys_tether_bluetooth
D/STATUSBAR-WifiTile( 1350): onWifiSignalChanged enabled=true enabledDesc:"IHMTEK"
D/StatusBar.NetworkController( 1350): refreshNwBoosterIndicator - setNWBoosterIndicators(false)
D/StatusBar.NetworkController( 1350): refreshNwBoosterIndicator - setNWBoosterIndicators(false)
D/StatusBar.NetworkController( 1350): refreshNwBoosterIndicator - setNWBoosterIndicators(false)
D/StatusBar.NetworkController( 1350): refreshNwBoosterIndicator - setNWBoosterIndicators(false)
D/StatusBar.NetworkController( 1350): refreshViews connected={ wifi } level=4 combinedSignalIconId=0x7f020681/com.android.systemui:drawable/stat_sys_wifi_signal_4 mobileLabel=Appels d'urgence uniquement wifiLabel="IHMTEK" emergencyOnly=true combinedLabel="IHMTEK" mAirplaneMode=false mDataActivity=0 mPhoneSignalIconId=0x7f020618/com.android.systemui:drawable/stat_sys_signal_4_auto_rotate mQSPhoneSignalIconId=0x7f0201b1/com.android.systemui:drawable/ic_qs_signal_4 mDataDirectionIconId=0x0/(null) mDataSignalIconId=0x7f020618/com.android.systemui:drawable/stat_sys_signal_4_auto_rotate mDataTypeIconId=0x0/(null) mQSDataTypeIconId=0x0/(null) mNoSimIconId=0x0/(null) mWifiIconId=0x7f020681/com.android.systemui:drawable/stat_sys_wifi_signal_4 mQSWifiIconId=0x7f020365/com.android.systemui:drawable/qs_tile_wifi_signal_4 mWifiActivityIconId=0x7f02064e/com.android.systemui:drawable/stat_sys_signal_no_inout mBluetoothTetherIconId=0x7f02065e/com.android.systemui:drawable/stat_sys_tether_bluetooth
D/STATUSBAR-WifiTile( 1350): onWifiSignalChanged enabled=true enabledDesc:"IHMTEK"
D/StatusBar.NetworkController( 1350): refreshNwBoosterIndicator - setNWBoosterIndicators(false)
D/StatusBar.NetworkController( 1350): refreshNwBoosterIndicator - setNWBoosterIndicators(false)
D/StatusBar.NetworkController( 1350): refreshNwBoosterIndicator - setNWBoosterIndicators(false)
D/StatusBar.NetworkController( 1350): refreshNwBoosterIndicator - setNWBoosterIndicators(false)
D/StatusBar.NetworkController( 1350): refreshViews connected={ wifi } level=4 combinedSignalIconId=0x7f020681/com.android.systemui:drawable/stat_sys_wifi_signal_4 mobileLabel=Appels d'urgence uniquement wifiLabel="IHMTEK" emergencyOnly=true combinedLabel="IHMTEK" mAirplaneMode=false mDataActivity=0 mPhoneSignalIconId=0x7f020618/com.android.systemui:drawable/stat_sys_signal_4_auto_rotate mQSPhoneSignalIconId=0x7f0201b1/com.android.systemui:drawable/ic_qs_signal_4 mDataDirectionIconId=0x0/(null) mDataSignalIconId=0x7f020618/com.android.systemui:drawable/stat_sys_signal_4_auto_rotate mDataTypeIconId=0x0/(null) mQSDataTypeIconId=0x0/(null) mNoSimIconId=0x0/(null) mWifiIconId=0x7f020681/com.android.systemui:drawable/stat_sys_wifi_signal_4 mQSWifiIconId=0x7f020365/com.android.systemui:drawable/qs_tile_wifi_signal_4 mWifiActivityIconId=0x7f020649/com.android.systemui:drawable/stat_sys_signal_in mBluetoothTetherIconId=0x7f02065e/com.android.systemui:drawable/stat_sys_tether_bluetooth
D/STATUSBAR-WifiTile( 1350): onWifiSignalChanged enabled=true enabledDesc:"IHMTEK"
D/StatusBar.NetworkController( 1350): refreshNwBoosterIndicator - setNWBoosterIndicators(false)
D/StatusBar.NetworkController( 1350): refreshNwBoosterIndicator - setNWBoosterIndicators(false)
D/StatusBar.NetworkController( 1350): refreshNwBoosterIndicator - setNWBoosterIndicators(false)
D/StatusBar.NetworkController( 1350): refreshNwBoosterIndicator - setNWBoosterIndicators(false)
D/StatusBar.NetworkController( 1350): refreshViews connected={ wifi } level=4 combinedSignalIconId=0x7f020681/com.android.systemui:drawable/stat_sys_wifi_signal_4 mobileLabel=Appels d'urgence uniquement wifiLabel="IHMTEK" emergencyOnly=true combinedLabel="IHMTEK" mAirplaneMode=false mDataActivity=0 mPhoneSignalIconId=0x7f020618/com.android.systemui:drawable/stat_sys_signal_4_auto_rotate mQSPhoneSignalIconId=0x7f0201b1/com.android.systemui:drawable/ic_qs_signal_4 mDataDirectionIconId=0x0/(null) mDataSignalIconId=0x7f020618/com.android.systemui:drawable/stat_sys_signal_4_auto_rotate mDataTypeIconId=0x0/(null) mQSDataTypeIconId=0x0/(null) mNoSimIconId=0x0/(null) mWifiIconId=0x7f020681/com.android.systemui:drawable/stat_sys_wifi_signal_4 mQSWifiIconId=0x7f020365/com.android.systemui:drawable/qs_tile_wifi_signal_4 mWifiActivityIconId=0x7f02064e/com.android.systemui:drawable/stat_sys_signal_no_inout mBluetoothTetherIconId=0x7f02065e/com.android.systemui:drawable/stat_sys_tether_bluetooth
D/STATUSBAR-WifiTile( 1350): onWifiSignalChanged enabled=true enabledDesc:"IHMTEK"
D/StatusBar.NetworkController( 1350): refreshNwBoosterIndicator - setNWBoosterIndicators(false)
D/StatusBar.NetworkController( 1350): refreshNwBoosterIndicator - setNWBoosterIndicators(false)
D/StatusBar.NetworkController( 1350): refreshNwBoosterIndicator - setNWBoosterIndicators(false)
D/StatusBar.NetworkController( 1350): refreshNwBoosterIndicator - setNWBoosterIndicators(false)
D/StatusBar.NetworkController( 1350): refreshViews connected={ wifi } level=4 combinedSignalIconId=0x7f020681/com.android.systemui:drawable/stat_sys_wifi_signal_4 mobileLabel=Appels d'urgence uniquement wifiLabel="IHMTEK" emergencyOnly=true combinedLabel="IHMTEK" mAirplaneMode=false mDataActivity=0 mPhoneSignalIconId=0x7f020618/com.android.systemui:drawable/stat_sys_signal_4_auto_rotate mQSPhoneSignalIconId=0x7f0201b1/com.android.systemui:drawable/ic_qs_signal_4 mDataDirectionIconId=0x0/(null) mDataSignalIconId=0x7f020618/com.android.systemui:drawable/stat_sys_signal_4_auto_rotate mDataTypeIconId=0x0/(null) mQSDataTypeIconId=0x0/(null) mNoSimIconId=0x0/(null) mWifiIconId=0x7f020681/com.android.systemui:drawable/stat_sys_wifi_signal_4 mQSWifiIconId=0x7f020365/com.android.systemui:drawable/qs_tile_wifi_signal_4 mWifiActivityIconId=0x7f020649/com.android.systemui:drawable/stat_sys_signal_in mBluetoothTetherIconId=0x7f02065e/com.android.systemui:drawable/stat_sys_tether_bluetooth
D/STATUSBAR-WifiTile( 1350): onWifiSignalChanged enabled=true enabledDesc:"IHMTEK"
D/StatusBar.NetworkController( 1350): refreshNwBoosterIndicator - setNWBoosterIndicators(false)
D/StatusBar.NetworkController( 1350): refreshNwBoosterIndicator - setNWBoosterIndicators(false)
D/StatusBar.NetworkController( 1350): refreshNwBoosterIndicator - setNWBoosterIndicators(false)
D/StatusBar.NetworkController( 1350): refreshNwBoosterIndicator - setNWBoosterIndicators(false)
D/StatusBar.NetworkController( 1350): refreshViews connected={ wifi } level=4 combinedSignalIconId=0x7f020681/com.android.systemui:drawable/stat_sys_wifi_signal_4 mobileLabel=Appels d'urgence uniquement wifiLabel="IHMTEK" emergencyOnly=true combinedLabel="IHMTEK" mAirplaneMode=false mDataActivity=0 mPhoneSignalIconId=0x7f020618/com.android.systemui:drawable/stat_sys_signal_4_auto_rotate mQSPhoneSignalIconId=0x7f0201b1/com.android.systemui:drawable/ic_qs_signal_4 mDataDirectionIconId=0x0/(null) mDataSignalIconId=0x7f020618/com.android.systemui:drawable/stat_sys_signal_4_auto_rotate mDataTypeIconId=0x0/(null) mQSDataTypeIconId=0x0/(null) mNoSimIconId=0x0/(null) mWifiIconId=0x7f020681/com.android.systemui:drawable/stat_sys_wifi_signal_4 mQSWifiIconId=0x7f020365/com.android.systemui:drawable/qs_tile_wifi_signal_4 mWifiActivityIconId=0x7f02064e/com.android.systemui:drawable/stat_sys_signal_no_inout mBluetoothTetherIconId=0x7f02065e/com.android.systemui:drawable/stat_sys_tether_bluetooth
D/STATUSBAR-WifiTile( 1350): onWifiSignalChanged enabled=true enabledDesc:"IHMTEK"
D/StatusBar.NetworkController( 1350): refreshNwBoosterIndicator - setNWBoosterIndicators(false)
D/StatusBar.NetworkController( 1350): refreshNwBoosterIndicator - setNWBoosterIndicators(false)
D/StatusBar.NetworkController( 1350): refreshNwBoosterIndicator - setNWBoosterIndicators(false)
D/StatusBar.NetworkController( 1350): refreshNwBoosterIndicator - setNWBoosterIndicators(false)
E/LocSvc_libulp(  908): I/int ulp_msg_process_system_update(UlpSystemEvent): systemEvent:5 
E/LocSvc_libulp(  908): I/int ulp_msg_process_start_req(), at ulp state = 1
E/LocSvc_ApiV02(  908): I/<--- void globalRespCb(locClientHandleType, uint32_t, locClientRespIndUnionType, void*) line 125 QMI_LOC_GET_BEST_AVAILABLE_POSITION_REQ_V02
D/Ulp_jni (  908): Location CB invoked
E/LocSvc_libulp(  908): I/int ulp_brain_process_zpp_position_report(loc_sess_status, LocPosTechMask, const UlpLocation*), report ZPP position to providers,report_position = 1
D/StatusBar.NetworkController( 1350): refreshViews connected={ wifi } level=4 combinedSignalIconId=0x7f020681/com.android.systemui:drawable/stat_sys_wifi_signal_4 mobileLabel=Appels d'urgence uniquement wifiLabel="IHMTEK" emergencyOnly=true combinedLabel="IHMTEK" mAirplaneMode=false mDataActivity=0 mPhoneSignalIconId=0x7f020618/com.android.systemui:drawable/stat_sys_signal_4_auto_rotate mQSPhoneSignalIconId=0x7f0201b1/com.android.systemui:drawable/ic_qs_signal_4 mDataDirectionIconId=0x0/(null) mDataSignalIconId=0x7f020618/com.android.systemui:drawable/stat_sys_signal_4_auto_rotate mDataTypeIconId=0x0/(null) mQSDataTypeIconId=0x0/(null) mNoSimIconId=0x0/(null) mWifiIconId=0x7f020681/com.android.systemui:drawable/stat_sys_wifi_signal_4 mQSWifiIconId=0x7f020365/com.android.systemui:drawable/qs_tile_wifi_signal_4 mWifiActivityIconId=0x7f020649/com.android.systemui:drawable/stat_sys_signal_in mBluetoothTetherIconId=0x7f02065e/com.android.systemui:drawable/stat_sys_tether_bluetooth
D/STATUSBAR-WifiTile( 1350): onWifiSignalChanged enabled=true enabledDesc:"IHMTEK"
D/StatusBar.NetworkController( 1350): refreshNwBoosterIndicator - setNWBoosterIndicators(false)
D/StatusBar.NetworkController( 1350): refreshNwBoosterIndicator - setNWBoosterIndicators(false)
D/StatusBar.NetworkController( 1350): refreshNwBoosterIndicator - setNWBoosterIndicators(false)
D/StatusBar.NetworkController( 1350): refreshNwBoosterIndicator - setNWBoosterIndicators(false)
D/SSRM:n  (  908): SIOP:: AP = 330, PST = 337 (W:20), CUR = 142, LCD = 0
D/StatusBar.NetworkController( 1350): refreshViews connected={ wifi } level=4 combinedSignalIconId=0x7f020681/com.android.systemui:drawable/stat_sys_wifi_signal_4 mobileLabel=Appels d'urgence uniquement wifiLabel="IHMTEK" emergencyOnly=true combinedLabel="IHMTEK" mAirplaneMode=false mDataActivity=0 mPhoneSignalIconId=0x7f020618/com.android.systemui:drawable/stat_sys_signal_4_auto_rotate mQSPhoneSignalIconId=0x7f0201b1/com.android.systemui:drawable/ic_qs_signal_4 mDataDirectionIconId=0x0/(null) mDataSignalIconId=0x7f020618/com.android.systemui:drawable/stat_sys_signal_4_auto_rotate mDataTypeIconId=0x0/(null) mQSDataTypeIconId=0x0/(null) mNoSimIconId=0x0/(null) mWifiIconId=0x7f020681/com.android.systemui:drawable/stat_sys_wifi_signal_4 mQSWifiIconId=0x7f020365/com.android.systemui:drawable/qs_tile_wifi_signal_4 mWifiActivityIconId=0x7f02064e/com.android.systemui:drawable/stat_sys_signal_no_inout mBluetoothTetherIconId=0x7f02065e/com.android.systemui:drawable/stat_sys_tether_bluetooth
D/STATUSBAR-WifiTile( 1350): onWifiSignalChanged enabled=true enabledDesc:"IHMTEK"
D/StatusBar.NetworkController( 1350): refreshNwBoosterIndicator - setNWBoosterIndicators(false)
D/StatusBar.NetworkController( 1350): refreshNwBoosterIndicator - setNWBoosterIndicators(false)
D/StatusBar.NetworkController( 1350): refreshNwBoosterIndicator - setNWBoosterIndicators(false)
D/StatusBar.NetworkController( 1350): refreshNwBoosterIndicator - setNWBoosterIndicators(false)
D/BatteryService(  908): !@BatteryListener : batteryPropertiesChanged!
D/BatteryService(  908): level:49, scale:100, status:2, health:2, present:true, voltage: 3871, temperature: 293, technology: Li-ion, AC powered:false, USB powered:true, POGO powered:false, Wireless powered:false, icon:17303759, invalid charger:0
D/BatteryService(  908): online:4, current avg:153, charge type:1, power sharing:false, high voltage charger:false, capacity:322000, current_now:182
D/BatteryService(  908): Sending ACTION_BATTERY_CHANGED.
D/KeyguardUpdateMonitor( 1350): received broadcast android.intent.action.BATTERY_CHANGED
I/PERF    ( 1350): received broadcast android.intent.action.BATTERY_CHANGED
I/MotionRecognitionService(  908): Plugged
D/MotionRecognitionService(  908):   cableConnection= 1
D/MotionRecognitionService(  908): setPowerConnected | current backoffstate  = 1024 , state =1024
D/MotionRecognitionService(  908): skip setTransmitPower. 
D/KeyguardUpdateMonitor( 1350): handleBatteryUpdate
D/CoverUpdateMonitor( 1350): received broadcast android.intent.action.BATTERY_CHANGED
D/BatteryMeterView( 1350): ACTION_BATTERY_CHANGED : level:49 status:2 health:2
D/BatteryMeterView( 1350): ACTION_BATTERY_CHANGED : level:49 status:2 health:2
D/BatteryMeterView( 1350): ACTION_BATTERY_CHANGED : level:49 status:2 health:2
D/AndroidRuntime(28936): >>>>>> START com.android.internal.os.RuntimeInit uid 2000 <<<<<<
D/AndroidRuntime(28936): CheckJNI is OFF
D/AndroidRuntime(28936): readGMSProperty: start
D/AndroidRuntime(28936): readGMSProperty: already setted!!
D/AndroidRuntime(28936): propertySet: couldn't set property (it is from app)
D/AndroidRuntime(28936): readGMSProperty: could not set the property(default)!!
D/AndroidRuntime(28936): readGMSProperty: end
D/AndroidRuntime(28936): addProductProperty: start
E/AffinityControl(28936): AffinityControl: registerfunction enter
D/AndroidRuntime(28936): Calling main entry com.android.commands.pm.Pm
D/PersonaManagerService(  908): isFromApprovedUnInstaller: uid, userId, appid : 2000 0 2000
D/PersonaManagerService(  908): isFromApprovedUnInstaller: isApproved : true
D/PersonaManagerService(  908): isFromApprovedUnInstaller: isApproved before exit: true
D/PackageManager(  908): deletePackageAsUser- pkg:com.IHMTEK.LudoMuse, userId:0, flag2
D/PackageManager(  908): deletePackageAsUser- pkg:com.IHMTEK.LudoMuse, userId:0, flag2
D/PackageManagerService(  908): deletePackage- pkg:com.IHMTEK.LudoMuse, edmuserId:0
D/PackageManagerService(  908): deletePackage- pkg:com.IHMTEK.LudoMuse, edmuserId:-1
D/ApplicationPolicy(  908): getApplicationUninstallationEnabled
D/ApplicationPolicy(  908): getApplicationUninstallationEnabled :  enabled true
D/PackageManager(  908): START PACKAGE DELETE: observer{287074525}
D/PackageManager(  908): pkg{<packageName>}
D/PackageManager(  908): user{0}
D/PackageManager(  908): caller{2000}
D/PackageManager(  908): flags{2}
D/PackageManager(  908): [MSG] DELETE_PACKAGE_AS_USER
D/PackageManager(  908): !@killApplicatoin: 10441, uninstall pkg
I/ActivityManager(  908): Force stopping com.IHMTEK.LudoMuse appid=10441 user=-1: uninstall pkg
I/ActivityManager(  908): Force stopping com.IHMTEK.LudoMuse appid=10441 user=0: pkg removed
I/art     ( 1576): Explicit concurrent mark sweep GC freed 2539(125KB) AllocSpace objects, 2(2MB) LOS objects, 39% free, 21MB/35MB, paused 300us total 16.913ms
I/InputReader(  908): Reconfiguring input devices.  changes=0x00000010
E/SamsungIME( 2159): mOCRHelper is null
D/CoverUpdateMonitor( 1350): received broadcast android.intent.action.PACKAGE_REMOVED
W/GeofencerStateMachine( 2195): Ignoring removeGeofence because network location is disabled.
I/MultiWindowTrayService(22703): mPkgManagerReceiver : onReceive
E/ActivityManager(  908): checkUser: useridlist=null, currentuser=0
E/ActivityManager(  908): checkUser: useridlist=null, currentuser=0
E/ActivityManager(  908): checkUser: useridlist=null, currentuser=0
E/ActivityManager(  908): checkUser: useridlist=null, currentuser=0
E/Zygote  (28946): MountEmulatedStorage()
E/Zygote  (28946): v2
I/SELinux (28946): Function: selinux_compare_spd_ram, SPD-policy is existed. and_ver=SEPF_SM-N910F_5.0.1 ver=27
I/SELinux (28946): Function: selinux_compare_spd_ram , priority [2] , priority version is VE=SEPF_SM-N910F_5.1.1_0032
I/libpersona(28946): KNOX_SDCARD checking this for 10064
I/libpersona(28946): KNOX_SDCARD not a persona
E/Zygote  (28946): accessInfo : 0
E/SELinux (28946): [DEBUG] get_category: variable seinfo: platform sensitivity: NULL, cateogry: NULL
I/ActivityManager(  908): Start proc 28946:com.samsung.android.app.vrsetupwizardstub/u0a64 for broadcast-3 com.samsung.android.app.vrsetupwizardstub/.system.PackageIntentReceiver
I/MultiWindowTrayInfo(22703): android.intent.action.PACKAGE_REMOVE
I/MultiWindowTrayInfo(22703): android.intent.action.PACKAGE_REMOVE
I/MultiWindowTrayInfo(22703): android.intent.action.PACKAGE_REMOVE
D/NtpTrustedTime(  908): currentTimeMillis() cache hit
V/NetworkStats(  908): removeUidsLocked() for UIDs [10441]
V/NetworkStats(  908): performPollLocked(flags=0x3)
D/RegisteredComponentCache( 1602): Collect Tech packages for Knox
V/NetworkStats(  908): performPollLocked() took 22ms
D/NtpTrustedTime(  908): currentTimeMillis() cache hit
D/TimaKeyStoreProvider(28946): TimaSignature is unavailable
D/ActivityThread(28946): Added TimaKeyStore provider
W/ResourceType(27225): For resource 0x7f020c7e, entry index(3198) is beyond type entryCount(787)
W/ResourceType(27225): Failure getting entry for 0x7f020c7e (t=1 e=3198) (error -75)
W/ResourceType(27225): For resource 0x7f020c7f, entry index(3199) is beyond type entryCount(787)
W/ResourceType(27225): Failure getting entry for 0x7f020c7f (t=1 e=3199) (error -75)
W/ResourceType(27225): For resource 0x7f020c80, entry index(3200) is beyond type entryCount(787)
W/ResourceType(27225): Failure getting entry for 0x7f020c80 (t=1 e=3200) (error -75)
V/BroadcastQueue(  908): [background] Process cur broadcast BroadcastRecord{5720b23 u0 android.intent.action.PACKAGE_REMOVED} DELIVERED for app ProcessRecord{11059820 28946:com.samsung.android.app.vrsetupwizardstub/u0a64}
I/art     (  908): Explicit concurrent mark sweep GC freed 44207(3MB) AllocSpace objects, 26(2MB) LOS objects, 27% free, 41MB/57MB, paused 3.261ms total 218.504ms
I/art     (  908): WaitForGcToComplete blocked for 126.225ms for cause Explicit
W/ResourceType(27225): For resource 0x7f020a66, entry index(2662) is beyond type entryCount(787)
W/ResourceType(27225): Failure getting entry for 0x7f020a66 (t=1 e=2662) (error -75)
W/ResourceType(27225): For resource 0x7f020ab8, entry index(2744) is beyond type entryCount(787)
W/ResourceType(27225): Failure getting entry for 0x7f020ab8 (t=1 e=2744) (error -75)
D/NtpTrustedTime(  908): currentTimeMillis() cache hit
D/NtpTrustedTime(  908): currentTimeMillis() cache hit
W/ResourceType(27225): For resource 0x7f02051c, entry index(1308) is beyond type entryCount(787)
W/ResourceType(27225): Failure getting entry for 0x7f02051c (t=1 e=1308) (error -75)
W/ResourceType(27225): For resource 0x7f02051c, entry index(1308) is beyond type entryCount(787)
W/ResourceType(27225): Failure getting entry for 0x7f02051c (t=1 e=1308) (error -75)
D/RegisteredServicesCache( 1602): empty dynamic service
D/VRSetupWizardStub/PackageIntentReceiver(28946): onReceive()
D/VRSetupWizardStub/PackageIntentReceiver(28946): Action Package Remove
D/VRSetupWizardStub/PackageIntentReceiver(28946): packagename:com.IHMTEK.LudoMuse
E/ActivityManager(  908): checkUser: useridlist=null, currentuser=0
E/ActivityManager(  908): checkUser: useridlist=null, currentuser=0
E/ActivityManager(  908): checkUser: useridlist=null, currentuser=0
E/ActivityManager(  908): checkUser: useridlist=null, currentuser=0
E/Zygote  (28962): MountEmulatedStorage()
E/Zygote  (28962): v2
I/libpersona(28962): KNOX_SDCARD checking this for 10215
I/libpersona(28962): KNOX_SDCARD not a persona
I/ActivityManager(  908): Start proc 28962:com.samsung.android.app.vrsetupwizard/u0a215 for broadcast-3 com.samsung.android.app.vrsetupwizard/.system.PackageIntentReceiver
D/SecContentProvider2(  908): query(), uri = 11 selection = getMyKnoxAdmin
I/SELinux (28962): Function: selinux_compare_spd_ram, SPD-policy is existed. and_ver=SEPF_SM-N910F_5.0.1 ver=27
I/SELinux (28962): Function: selinux_compare_spd_ram , priority [2] , priority version is VE=SEPF_SM-N910F_5.1.1_0032
D/AidRoutingManager( 1602): AidSize  - 0(0)--
E/Zygote  (28962): accessInfo : 0
D/AidRoutingManager( 1602): AidSize  - 2(0)--
D/AidRoutingManager( 1602): Default Route  - 0 / expected aid table size (0)
D/AidRoutingManager( 1602): Default Route  - 2 / expected aid table size (0)
E/SELinux (28962): [DEBUG] get_category: variable seinfo: platform sensitivity: NULL, cateogry: NULL
I/ActivityManager(  908): Killing 28132:com.samsung.android.intelligenceservice/u0a4 (adj 15): emptyCount ##31
D/TimaKeyStoreProvider(28962): TimaSignature is unavailable
D/ActivityThread(28962): Added TimaKeyStore provider
V/BroadcastQueue(  908): [background] Process cur broadcast BroadcastRecord{5720b23 u0 android.intent.action.PACKAGE_REMOVED} DELIVERED for app ProcessRecord{398c0313 28962:com.samsung.android.app.vrsetupwizard/u0a215}
D/VRSetupWizard/PackageIntentReceiver(28962): onReceive()
D/VRSetupWizard/PackageIntentReceiver(28962): action : android.intent.action.PACKAGE_REMOVED
D/VRSetupWizard/PackageIntentReceiver(28962): Action Package Remove
D/VRSetupWizard/PackageIntentReceiver(28962): packagename:com.IHMTEK.LudoMuse
D/VRSetupWizard/PackageIntentReceiver(28962): upgrade : false
