D/audio_route(  339): Setting mixer control: SLIM TX2 MUX, value: 8
D/audio_route(  339): Setting mixer control: DEC2 MUX, value: 1
D/audio_route(  339): Setting mixer control: DEC2 Volume, value: 97
V/audio_hw_primary(  339): enable_audio_route: enter: usecase(8)
V/audio_hw_primary(  339): enable_audio_route: apply mixer and update path: audio-record
D/audio_route(  339): Setting mixer control: MultiMedia1 Mixer SLIM_0_TX, value: 1
V/audio_hw_primary(  339): enable_audio_route: exit
V/audio_hw_primary(  339): [MAXIM] dsm_spkr_prot_processing() audio_device : 0xa030301 is not support spk protection
V/audio_hw_primary(  339): start_input_stream: Opening PCM device card_id(0) device_id(0), channels 1
V/audio_hw_primary(  339): start_input_stream: exit
E/ActivityManager(  908): checkUser: useridlist=null, currentuser=0
E/ActivityManager(  908): checkUser: useridlist=null, currentuser=0
E/ActivityManager(  908): checkUser: useridlist=null, currentuser=0
E/ActivityManager(  908): checkUser: useridlist=null, currentuser=0
E/Zygote  (28755): MountEmulatedStorage()
E/Zygote  (28755): v2
I/SELinux (28755): Function: selinux_compare_spd_ram, SPD-policy is existed. and_ver=SEPF_SM-N910F_5.0.1 ver=27
I/SELinux (28755): Function: selinux_compare_spd_ram , priority [2] , priority version is VE=SEPF_SM-N910F_5.1.1_0032
E/Zygote  (28755): accessInfo : 0
E/SELinux (28755): [DEBUG] get_category: variable seinfo: platform sensitivity: NULL, cateogry: NULL
I/libpersona(28755): KNOX_SDCARD checking this for 10167
I/libpersona(28755): KNOX_SDCARD not a persona
I/ActivityManager(  908): Start proc 28755:com.samsung.android.snote/u0a167 for broadcast-3 com.samsung.android.snote/.control.ui.quickmemo.quickmemowidget.PushAndAttachWidget
I/ActivityManager(  908): Killing 27615:com.samsung.android.sm/1000 (adj 15): emptyCount ##31
D/TimaKeyStoreProvider(28755): TimaSignature is unavailable
D/ActivityThread(28755): Added TimaKeyStore provider
V/BroadcastQueue(  908): [background] Process cur broadcast BroadcastRecord{26c7fd8c u0 com.sec.android.intent.action.HOME_RESUME} DELIVERED for app ProcessRecord{3a1f4db6 28755:com.samsung.android.snote/u0a167}
D/PanelView( 1350): mClearAll.setVisibility - mIsFullyOpened : false isShade : true mHasNotification : true mIsUpwardFling : false mQsFullyExpanded : false isShadeLocked : false mClearAllVisible : true
I/HotwordWorkerImpl(18584): onReady
W/ResourcesManager(28755): Asset path '/system/framework/secmediarecorder.jar' does not exist or contains no resources.
W/ResourcesManager(28755): Asset path '/system/framework/minimode.jar' does not exist or contains no resources.
W/ResourcesManager(28755): Asset path '/system/framework/twframework.jar' does not exist or contains no resources.
W/ResourcesManager(28755): Asset path '/system/framework/SmpsManager.jar' does not exist or contains no resources.
I/Timeline( 1649): Timeline: Activity_idle id: android.os.BinderProxy@7dcccc9 time:271820362
I/ActivityManager(  908): Displayed Component not be shown by security: +276ms
V/Common  (28755): getScreenSize 1440 2560
D/SecWifiDisplayUtil(28755): Metadata value : none
D/ActivityManager(  908): getContentProviderImpl callerProcessName:com.samsung.android.snote, calleePkgName: com.samsung.android.snote
E/ActivityManager(  908): checkUser: useridlist=null, currentuser=0
E/ActivityManager(  908): checkUser: useridlist=null, currentuser=0
E/ActivityManager(  908): checkUser: useridlist=null, currentuser=0
E/ActivityManager(  908): checkUser: useridlist=null, currentuser=0
E/Zygote  (28772): MountEmulatedStorage()
E/Zygote  (28772): v2
I/SELinux (28772): Function: selinux_compare_spd_ram, SPD-policy is existed. and_ver=SEPF_SM-N910F_5.0.1 ver=27
I/SELinux (28772): Function: selinux_compare_spd_ram , priority [2] , priority version is VE=SEPF_SM-N910F_5.1.1_0032
E/Zygote  (28772): accessInfo : 0
E/SELinux (28772): [DEBUG] get_category: variable seinfo: platform sensitivity: NULL, cateogry: NULL
I/libpersona(28772): KNOX_SDCARD checking this for 10167
I/libpersona(28772): KNOX_SDCARD not a persona
I/ActivityManager(  908): Start proc 28772:com.samsung.android.snote:provider/u0a167 for content provider com.samsung.android.snote/.model.provider.SNoteProvider
I/art     (  367): Explicit concurrent mark sweep GC freed 8725(371KB) AllocSpace objects, 0(0B) LOS objects, 72% free, 1529KB/5MB, paused 725us total 9.995ms
D/TimaKeyStoreProvider(28772): TimaSignature is unavailable
D/ActivityThread(28772): Added TimaKeyStore provider
I/art     (  367): Explicit concurrent mark sweep GC freed 5(160B) AllocSpace objects, 0(0B) LOS objects, 72% free, 1529KB/5MB, paused 216us total 7.086ms
I/art     (  367): Explicit concurrent mark sweep GC freed 5(160B) AllocSpace objects, 0(0B) LOS objects, 72% free, 1529KB/5MB, paused 224us total 5.973ms
I/JAM     (28755): Load The ApaService JNI
I/JAM     (28755): version: ProfessionalAudio_v1.0.b5
I/JAM     (28755): Try v1.0.b3 ...
D/SpenSdk (28755): SpenSdk version level = 150729280
D/SpenSdk (28755): SpenSdk jar version = 3.0.280
D/SpenSdk (28755): SpenSdk use preload library
I/SpenSdk (28755): mSpenPackageName : com.samsung.android.sdk.spenv10
I/SpenSdk (28755): IS_SPEN_PRELOAD_MODE : true
D/SpenSdk (28755): versionCode: 5
D/SpenSdk (28755): SpenSdk apk version = 3.0.273
D/SpenSdk (28755): Server UPDATE Check
W/ResourcesManager(28772): Asset path '/system/framework/secmediarecorder.jar' does not exist or contains no resources.
W/ResourcesManager(28772): Asset path '/system/framework/minimode.jar' does not exist or contains no resources.
W/ResourcesManager(28772): Asset path '/system/framework/twframework.jar' does not exist or contains no resources.
W/ResourcesManager(28772): Asset path '/system/framework/SmpsManager.jar' does not exist or contains no resources.
W/linker  (28755): libSPenBase.so has text relocations. This is wasting memory and prevents security hardening. Please fix.
D/SPenError(28755): JNI_OnLoad
D/JNI_Bitmap(28755): Init .. Done
D/SPenSpiDecoder(28755): JNI_OnLoad .. Done
D/SPenError(28755): JNI_OnLoad Success
D/PluginManager(28755): Registering com/samsung/android/sdk/pen/plugin/framework/JniPluginManager natives
D/PluginManager(28755): Registering com/samsung/android/sdk/pen/plugin/framework/SpenPluginManager$PluginListener natives
D/Init_SPenSdk_Jni(28755): JNI_OnLoad
D/Init_SPenSdk_Jni(28755): AndroidSDK: 22
D/Init_SPenSdk_Jni(28755): JNI_OnLoad .. Done
D/Model_ObjectBase_Jni(28755): JNI_OnLoad .. Done
D/Model_ObjectStroke_Jni(28755): JNI_OnLoad .. Done
D/Model_ObjectImage_Jni(28755): JNI_OnLoad .. Done
D/Model_ObjectText_Jni(28755): JNI_OnLoad .. Done
D/Model_ObjectContainer_Jni(28755): JNI_OnLoad .. Done
D/SNoteProvider(28772): onCreate enableSnoteSync = true
D/Model_PageDoc_Jni(28755): JNI_OnLoad .. Done
D/Model_NoteDoc_Jni(28755): check build type eng[0]
D/lights  (  908): button : 0 +
D/Model_NoteDoc_Jni(28755): JNI_OnLoad .. Done
D/SNoteProvider(28772): ===query=== 
D/Model_NoteFile_Jni(28755): JNI_OnLoad .. Done
D/Model_ObjectUtil_Jni(28755): JNI_OnLoad .. Done
D/Model   (28755): OnLoad class Done
D/spe_log (28755): SPen::GLRenderThreadImpl::GLRenderThreadImpl() Initialize: 0
D/SPen_Library(28755): Draw Engine JNI_OnLoad enter!!
D/SPen_Library(28755): Canvas JNI_OnLoad enter!!
V/Common  (28772): getScreenSize 1440 2560
D/SPen_Library(28755): Canvas JNI_OnLoad Success
D/SPen_Library(28755): TextView JNI_OnLoad enter!!
D/SecWifiDisplayUtil(28772): Metadata value : none
D/SPen_Library(28755): TextView JNI_OnLoad Success
D/SPen_Library(28755): Text JNI_OnLoad enter!!
D/SPen_Library(28755): Text JNI_OnLoad Success
D/SPen_Library(28755): FontManager JNI_OnLoad enter!!
D/SPen_Library(28755): FontManager JNI_OnLoad Success
D/SPen_Library(28755): CapturePage JNI_OnLoad enter!!
D/SNoteProvider(28772): ===query=== 
D/SPen_Library(28755): CapturePage JNI_OnLoad Success
D/SPen_Library(28755): Multi JNI_OnLoad enter!!
D/SPen_Library(28755): Multi JNI_OnLoad Success
D/SPen_Library(28755): Draw Engine JNI_OnLoad Success
D/SPen_Library(28755): Brush JNI_OnLoad enter!!
D/SPen_Library(28755): Brush JNI_OnLoad Success
D/lights  (  908): button : 0 -
D/SPen_Library(28755): ChineseBrush JNI_OnLoad enter!!
D/SPen_Library(28755): ChineseBrush JNI_OnLoad Success
D/SPen_Library(28755): InkPen JNI_OnLoad enter!!
D/SPen_Library(28755): InkPen JNI_OnLoad Success
D/SPen_Library(28755): Marker JNI_OnLoad enter!!
D/SPen_Library(28755): Marker JNI_OnLoad Success
D/SPen_Library(28755): Pencil JNI_OnLoad enter!!
D/SPen_Library(28755): Pencil JNI_OnLoad Success
D/SPen_Library(28755): NativePen JNI_OnLoad enter!!
D/SPen_Library(28755): NativePen JNI_OnLoad Success
D/SPen_Library(28755): MontblancFountainPen JNI_OnLoad enter!!
D/SPen_Library(28755): MontblancFountainPen JNI_OnLoad Success
D/SPen_Library(28755): MontblancCalligraphyPen JNI_OnLoad enter!!
D/SPen_Library(28755): MontblancCalligraphyPen JNI_OnLoad Success
D/SPen_Library(28755): MagicPen JNI_OnLoad enter!!
D/SPen_Library(28755): MagicPen JNI_OnLoad Success
D/SPen_Library(28755): ObliquePen JNI_OnLoad enter!!
D/SPen_Library(28755): ObliquePen JNI_OnLoad Success
D/SPen_Library(28755): FountainPen JNI_OnLoad enter!!
D/SPen_Library(28755): FountainPen JNI_OnLoad Success
D/SpenSdk (28755): SpenSdk Libraries are loaded.
D/Init_SPenSdk_Jni(28755): SPenSdk_init2
D/Init_SPenSdk(28755): Init - screen_width = 1440, screen_height = 2560, maxCacheSize = 100 M
D/Init_SPenSdk(28755): Total S Pen SDK Directory Size = 118068
D/SpenSdk (28755): initialize complete
W/linker  (28755): libSPenImageFilterLibs.so has text relocations. This is wasting memory and prevents security hardening. Please fix.
D/CustomFrequencyManagerService(  908): releaseDVFSLockLocked : Getting Lock type frm List : DVFS_MIN_LIMIT  frequency : 1958400  uid : 1000  pid : 908  tag : ACTIVITY_RESUME_BOOSTER@9
W/ActivityManager(  908): mDVFSHelper.release()
D/CustomFrequencyManagerService(  908): acquireDVFSLockLocked : type : DVFS_MIN_LIMIT  frequency : 1958400  uid : 1000  pid : 908  pkgName : ACTIVITY_RESUME_BOOSTER@15
D/Recents_RecentsActivity( 1576): onStop is getting called 
I/Timeline(  908): Timeline: Activity_windows_visible id: ActivityRecord{5adece3 u0 com.sec.android.app.launcher/com.android.launcher2.Launcher t27} time:271820550
I/SurfaceFlinger(  308): id=2209 Removed SecentsActi (7/9)
I/SurfaceFlinger(  308): id=2209 Removed SecentsActi (-2/9)
V/ActivityThread( 1576): updateVisibility : ActivityRecord{2e1d1762 token=android.os.BinderProxy@3f89bc7c {com.android.systemui/com.android.systemui.recents.RecentsActivity}} show : false
D/ActivityManager(  908): bindService callerProcessName:com.samsung.android.snote, calleePkgName: com.samsung.android.snote, action: null
E/ActivityManager(  908): checkUser: useridlist=null, currentuser=0
E/ActivityManager(  908): checkUser: useridlist=null, currentuser=0
E/ActivityManager(  908): checkUser: useridlist=null, currentuser=0
E/ActivityManager(  908): checkUser: useridlist=null, currentuser=0
E/Zygote  (28793): MountEmulatedStorage()
E/Zygote  (28793): v2
I/ActivityManager(  908): Start proc 28793:com.samsung.android.snote:thumbnailprocessingservice/u0a167 for service com.samsung.android.snote/.control.core.filemanager.ThumbnailProcessingService
I/libpersona(28793): KNOX_SDCARD checking this for 10167
I/libpersona(28793): KNOX_SDCARD not a persona
I/SELinux (28793): Function: selinux_compare_spd_ram, SPD-policy is existed. and_ver=SEPF_SM-N910F_5.0.1 ver=27
I/SELinux (28793): Function: selinux_compare_spd_ram , priority [2] , priority version is VE=SEPF_SM-N910F_5.1.1_0032
E/Zygote  (28793): accessInfo : 0
E/SELinux (28793): [DEBUG] get_category: variable seinfo: platform sensitivity: NULL, cateogry: NULL
D/PushAndAttach(28755): mAssignedMemoMap.size() :0
E/ActivityManager(  908): checkUser: useridlist=null, currentuser=0
E/ActivityManager(  908): checkUser: useridlist=null, currentuser=0
E/ActivityManager(  908): checkUser: useridlist=null, currentuser=0
E/ActivityManager(  908): checkUser: useridlist=null, currentuser=0
E/Zygote  (28808): MountEmulatedStorage()
E/Zygote  (28808): v2
D/TimaKeyStoreProvider(28793): TimaSignature is unavailable
I/SELinux (28808): Function: selinux_compare_spd_ram, SPD-policy is existed. and_ver=SEPF_SM-N910F_5.0.1 ver=27
I/SELinux (28808): Function: selinux_compare_spd_ram , priority [2] , priority version is VE=SEPF_SM-N910F_5.1.1_0032
D/ActivityThread(28793): Added TimaKeyStore provider
I/libpersona(28808): KNOX_SDCARD checking this for 10175
I/libpersona(28808): KNOX_SDCARD not a persona
I/ActivityManager(  908): Start proc 28808:com.sec.android.app.camera/u0a175 for broadcast-3 com.sec.android.app.camera/.HomeResumeCamera
E/Zygote  (28808): accessInfo : 0
E/SELinux (28808): [DEBUG] get_category: variable seinfo: platform sensitivity: NULL, cateogry: NULL
I/ActivityManager(  908): Killing 27977:com.samsung.android.keyguardwallpaperupdator/u0a129 (adj 15): emptyCount ##31
I/ActivityManager(  908): Killing 27936:com.samsung.android.coreapps/u0a79 (adj 15): emptyCount ##32
D/TimaKeyStoreProvider(28808): TimaSignature is unavailable
D/ActivityThread(28808): Added TimaKeyStore provider
W/ResourcesManager(28793): Asset path '/system/framework/secmediarecorder.jar' does not exist or contains no resources.
W/ResourcesManager(28793): Asset path '/system/framework/minimode.jar' does not exist or contains no resources.
W/ResourcesManager(28793): Asset path '/system/framework/twframework.jar' does not exist or contains no resources.
W/ResourcesManager(28793): Asset path '/system/framework/SmpsManager.jar' does not exist or contains no resources.
V/BroadcastQueue(  908): [background] Process cur broadcast BroadcastRecord{26c7fd8c u0 com.sec.android.intent.action.HOME_RESUME} DELIVERED for app ProcessRecord{240be1bc 28808:com.sec.android.app.camera/u0a175}
W/ResourcesManager(28808): Asset path '/system/framework/secmediarecorder.jar' does not exist or contains no resources.
W/ResourcesManager(28808): Asset path '/system/framework/sechardware.jar' does not exist or contains no resources.
W/ResourcesManager(28808): Asset path '/system/framework/secimaging.jar' does not exist or contains no resources.
W/ResourcesManager(28808): Asset path '/system/framework/seccamera.jar' does not exist or contains no resources.
W/ResourcesManager(28808): Asset path '/system/framework/secvision.jar' does not exist or contains no resources.
V/Common  (28793): getScreenSize 1440 2560
D/SecWifiDisplayUtil(28793): Metadata value : none
E/ActivityManager(  908): checkUser: useridlist=null, currentuser=0
E/ActivityManager(  908): checkUser: useridlist=null, currentuser=0
E/ActivityManager(  908): checkUser: useridlist=null, currentuser=0
E/ActivityManager(  908): checkUser: useridlist=null, currentuser=0
D/SpenSdk (28793): SpenSdk version level = 150729280
D/SpenSdk (28793): SpenSdk jar version = 3.0.280
D/SpenSdk (28793): SpenSdk use preload library
I/SpenSdk (28793): mSpenPackageName : com.samsung.android.sdk.spenv10
I/SpenSdk (28793): IS_SPEN_PRELOAD_MODE : true
D/SpenSdk (28793): versionCode: 5
E/Zygote  (28824): MountEmulatedStorage()
E/Zygote  (28824): v2
I/SELinux (28824): Function: selinux_compare_spd_ram, SPD-policy is existed. and_ver=SEPF_SM-N910F_5.0.1 ver=27
I/SELinux (28824): Function: selinux_compare_spd_ram , priority [2] , priority version is VE=SEPF_SM-N910F_5.1.1_0032
E/Zygote  (28824): accessInfo : 0
E/SELinux (28824): [DEBUG] get_category: variable seinfo: shared sensitivity: NULL, cateogry: NULL
I/ActivityManager(  908): Start proc 28824:com.sec.android.widgetapp.digitalclock/u0a98 for broadcast-3 com.sec.android.widgetapp.digitalclock/.DigitalClockWidgetProvider
I/libpersona(28824): KNOX_SDCARD checking this for 10098
I/ActivityManager(  908): Killing 27993:com.samsung.android.sconnect/u0a157 (adj 15): emptyCount ##31
I/libpersona(28824): KNOX_SDCARD not a persona
D/SpenSdk (28793): SpenSdk apk version = 3.0.273
D/SpenSdk (28793): Server UPDATE Check
W/linker  (28793): libSPenBase.so has text relocations. This is wasting memory and prevents security hardening. Please fix.
D/SPenError(28793): JNI_OnLoad
D/JNI_Bitmap(28793): Init .. Done
D/SPenSpiDecoder(28793): JNI_OnLoad .. Done
D/SPenError(28793): JNI_OnLoad Success
D/PluginManager(28793): Registering com/samsung/android/sdk/pen/plugin/framework/JniPluginManager natives
D/PluginManager(28793): Registering com/samsung/android/sdk/pen/plugin/framework/SpenPluginManager$PluginListener natives
D/TimaKeyStoreProvider(28824): TimaSignature is unavailable
D/ActivityThread(28824): Added TimaKeyStore provider
D/Init_SPenSdk_Jni(28793): JNI_OnLoad
D/Init_SPenSdk_Jni(28793): AndroidSDK: 22
D/Init_SPenSdk_Jni(28793): JNI_OnLoad .. Done
D/Model_ObjectBase_Jni(28793): JNI_OnLoad .. Done
D/Model_ObjectStroke_Jni(28793): JNI_OnLoad .. Done
D/Model_ObjectImage_Jni(28793): JNI_OnLoad .. Done
D/Model_ObjectText_Jni(28793): JNI_OnLoad .. Done
D/Model_ObjectContainer_Jni(28793): JNI_OnLoad .. Done
D/Model_PageDoc_Jni(28793): JNI_OnLoad .. Done
V/BroadcastQueue(  908): [background] Process cur broadcast BroadcastRecord{26c7fd8c u0 com.sec.android.intent.action.HOME_RESUME} DELIVERED for app ProcessRecord{b3e9545 28824:com.sec.android.widgetapp.digitalclock/u0a98}
D/Model_NoteDoc_Jni(28793): check build type eng[0]
D/Model_NoteDoc_Jni(28793): JNI_OnLoad .. Done
D/Model_NoteFile_Jni(28793): JNI_OnLoad .. Done
D/Model_ObjectUtil_Jni(28793): JNI_OnLoad .. Done
D/Model   (28793): OnLoad class Done
D/spe_log (28793): SPen::GLRenderThreadImpl::GLRenderThreadImpl() Initialize: 0
W/ResourcesManager(28824): Asset path '/system/framework/twframework.jar' does not exist or contains no resources.
D/SPen_Library(28793): Draw Engine JNI_OnLoad enter!!
D/SPen_Library(28793): Canvas JNI_OnLoad enter!!
D/SPen_Library(28793): Canvas JNI_OnLoad Success
D/SPen_Library(28793): TextView JNI_OnLoad enter!!
V/TaskCloserActivity(28717): TaskCloserActivity onReceive() - com.sec.android.intent.action.HOME_RESUME
V/BroadcastQueue(  908): [background] Process cur broadcast BroadcastRecord{26c7fd8c u0 com.sec.android.intent.action.HOME_RESUME} DELIVERED for app ProcessRecord{2033c819 28717:com.sec.android.widgetapp.activeapplicationwidget/u0a75}
D/SPen_Library(28793): TextView JNI_OnLoad Success
D/SPen_Library(28793): Text JNI_OnLoad enter!!
D/SPen_Library(28793): Text JNI_OnLoad Success
D/SPen_Library(28793): FontManager JNI_OnLoad enter!!
D/SPen_Library(28793): FontManager JNI_OnLoad Success
D/SPen_Library(28793): CapturePage JNI_OnLoad enter!!
D/SPen_Library(28793): CapturePage JNI_OnLoad Success
D/SPen_Library(28793): Multi JNI_OnLoad enter!!
D/SPen_Library(28793): Multi JNI_OnLoad Success
D/SPen_Library(28793): Draw Engine JNI_OnLoad Success
D/SPen_Library(28793): Brush JNI_OnLoad enter!!
D/SPen_Library(28793): Brush JNI_OnLoad Success
I/ActivityManager(  908): Killing 28028:com.samsung.aasaservice/1000 (adj 15): emptyCount ##31
V/BroadcastQueue(  908): [background] Process cur broadcast BroadcastRecord{137ec49a u0 update-hint} DELIVERED for app ProcessRecord{2b1a99c4 18584:com.google.android.googlequicksearchbox:search/u0a65}
D/SPen_Library(28793): ChineseBrush JNI_OnLoad enter!!
D/SPen_Library(28793): ChineseBrush JNI_OnLoad Success
D/SPen_Library(28793): InkPen JNI_OnLoad enter!!
D/SPen_Library(28793): InkPen JNI_OnLoad Success
V/BroadcastQueue(  908): [background] Process cur broadcast BroadcastRecord{15fcd1cb u0 update-hint} DELIVERED for app ProcessRecord{2b1a99c4 18584:com.google.android.googlequicksearchbox:search/u0a65}
D/SPen_Library(28793): Marker JNI_OnLoad enter!!
D/SPen_Library(28793): Marker JNI_OnLoad Success
D/SPen_Library(28793): Pencil JNI_OnLoad enter!!
D/SPen_Library(28793): Pencil JNI_OnLoad Success
D/SPen_Library(28793): NativePen JNI_OnLoad enter!!
D/SPen_Library(28793): NativePen JNI_OnLoad Success
D/SPen_Library(28793): MontblancFountainPen JNI_OnLoad enter!!
D/SPen_Library(28793): MontblancFountainPen JNI_OnLoad Success
D/SPen_Library(28793): MontblancCalligraphyPen JNI_OnLoad enter!!
D/SPen_Library(28793): MontblancCalligraphyPen JNI_OnLoad Success
D/SPen_Library(28793): MagicPen JNI_OnLoad enter!!
D/SPen_Library(28793): MagicPen JNI_OnLoad Success
D/SPen_Library(28793): ObliquePen JNI_OnLoad enter!!
V/BroadcastQueue(  908): [background] Process cur broadcast BroadcastRecord{32935da8 u0 com.samsung.android.providers.context.log.action.USE_APP_FEATURE_SURVEY} DELIVERED for app ProcessRecord{1b964086 3091:com.samsung.android.providers.context/u0a4}
D/SPen_Library(28793): ObliquePen JNI_OnLoad Success
D/SPen_Library(28793): FountainPen JNI_OnLoad enter!!
D/Widget  (28755): onReceive com.sec.android.snote.widget.ACTION_NOTE_UPDATE
D/SPen_Library(28793): FountainPen JNI_OnLoad Success
D/SpenSdk (28793): SpenSdk Libraries are loaded.
D/Init_SPenSdk_Jni(28793): SPenSdk_init2
D/Init_SPenSdk(28793): Init - screen_width = 1440, screen_height = 2560, maxCacheSize = 100 M
D/Init_SPenSdk(28793): Total S Pen SDK Directory Size = 118068
D/SpenSdk (28793): initialize complete
V/BroadcastQueue(  908): [background] Process cur broadcast BroadcastRecord{73840c1 u0 com.sec.android.snote.widget.ACTION_NOTE_UPDATE} DELIVERED for app ProcessRecord{3a1f4db6 28755:com.samsung.android.snote/u0a167}
W/linker  (28793): libSPenImageFilterLibs.so has text relocations. This is wasting memory and prevents security hardening. Please fix.
D/ThumbnailProcessingService(28793): onCreate
D/ThumbnailProcessingService(28793): onBind
D/Widget  (28755): onReceive android.appwidget.action.APPWIDGET_UPDATE
D/Widget  (28755): widgetUpdate 4
V/BroadcastQueue(  908): [background] Process cur broadcast BroadcastRecord{cf49066 u0 android.appwidget.action.APPWIDGET_UPDATE} DELIVERED for app ProcessRecord{3a1f4db6 28755:com.samsung.android.snote/u0a167}
D/RCPManagerService(  908): exchangeData() failure , invalid userId
I/ActivityManager(  908): Killing 28044:flipboard.app/u0a120 (adj 15): emptyCount ##31
V/BroadcastQueue(  908): [background] Process cur broadcast BroadcastRecord{1d04bfa7 u0 com.samsung.android.providers.context.log.action.USE_APP_FEATURE_SURVEY} DELIVERED for app ProcessRecord{1b964086 3091:com.samsung.android.providers.context/u0a4}
D/CustomFrequencyManagerService(  908): releaseDVFSLockLocked : Getting Lock type frm List : DVFS_MIN_LIMIT  frequency : 1958400  uid : 1000  pid : 908  tag : ACTIVITY_RESUME_BOOSTER@15
W/ActivityManager(  908): Scheduling restart of crashed service flipboard.app/flipboard.remoteservice.MessengerService in 1000ms
D/StatusBar.NetworkController( 1350): refreshViews connected={ wifi } level=4 combinedSignalIconId=0x7f020681/com.android.systemui:drawable/stat_sys_wifi_signal_4 mobileLabel=Appels d'urgence uniquement wifiLabel="IHMTEK" emergencyOnly=true combinedLabel="IHMTEK" mAirplaneMode=false mDataActivity=0 mPhoneSignalIconId=0x7f020618/com.android.systemui:drawable/stat_sys_signal_4_auto_rotate mQSPhoneSignalIconId=0x7f0201b1/com.android.systemui:drawable/ic_qs_signal_4 mDataDirectionIconId=0x0/(null) mDataSignalIconId=0x7f020618/com.android.systemui:drawable/stat_sys_signal_4_auto_rotate mDataTypeIconId=0x0/(null) mQSDataTypeIconId=0x0/(null) mNoSimIconId=0x0/(null) mWifiIconId=0x7f020681/com.android.systemui:drawable/stat_sys_wifi_signal_4 mQSWifiIconId=0x7f020365/com.android.systemui:drawable/qs_tile_wifi_signal_4 mWifiActivityIconId=0x7f020657/com.android.systemui:drawable/stat_sys_signal_out mBluetoothTetherIconId=0x7f02065e/com.android.systemui:drawable/stat_sys_tether_bluetooth
D/STATUSBAR-WifiTile( 1350): onWifiSignalChanged enabled=true enabledDesc:"IHMTEK"
D/StatusBar.NetworkController( 1350): refreshNwBoosterIndicator - setNWBoosterIndicators(false)
D/StatusBar.NetworkController( 1350): refreshNwBoosterIndicator - setNWBoosterIndicators(false)
D/StatusBar.NetworkController( 1350): refreshNwBoosterIndicator - setNWBoosterIndicators(false)
D/StatusBar.NetworkController( 1350): refreshNwBoosterIndicator - setNWBoosterIndicators(false)
E/ActivityManager(  908): checkUser: useridlist=null, currentuser=0
E/ActivityManager(  908): checkUser: useridlist=null, currentuser=0
E/ActivityManager(  908): checkUser: useridlist=null, currentuser=0
E/ActivityManager(  908): checkUser: useridlist=null, currentuser=0
E/Zygote  (28843): MountEmulatedStorage()
E/Zygote  (28843): v2
I/SELinux (28843): Function: selinux_compare_spd_ram, SPD-policy is existed. and_ver=SEPF_SM-N910F_5.0.1 ver=27
I/ActivityManager(  908): Start proc 28843:flipboard.app/u0a120 for service flipboard.app/flipboard.remoteservice.MessengerService
I/libpersona(28843): KNOX_SDCARD checking this for 10120
I/libpersona(28843): KNOX_SDCARD not a persona
I/SELinux (28843): Function: selinux_compare_spd_ram , priority [2] , priority version is VE=SEPF_SM-N910F_5.1.1_0032
E/Zygote  (28843): accessInfo : 0
E/SELinux (28843): [DEBUG] get_category: variable seinfo: default sensitivity: NULL, cateogry: NULL
D/TimaKeyStoreProvider(28843): TimaSignature is unavailable
D/ActivityThread(28843): Added TimaKeyStore provider
I/System.out(28843): (HTTPLog)-Static: isSBSettingEnabled false
I/System.out(28843): (HTTPLog)-Static: isShipBuild true
I/System.out(28843): (HTTPLog)-Thread-59536-511808695: SmartBonding Enabling is false, SHIP_BUILD is true, log to file is false, DBG is false
I/System.out(28843): (HTTPLog)-Thread-59536-511808695: SMARTBONDING_FEATURE_ENABLED is true
I/System.out(28843): (HTTPLog)-Static: isSBSettingEnabled false
D/EnterpriseController(  330): netId is 0
D/Netd    (  330): getNetworkForDns: using netid 591 for uid 10120
I/System.out(28843): KnoxVpnUidStorageknoxVpnSupported API value returned is false
I/CrashlyticsCore(28843): Initializing Crashlytics 2.3.5.79
I/System.out(28843): (HTTPLog)-Static: isSBSettingEnabled false
D/EnterpriseController(  330): netId is 0
D/Netd    (  330): getNetworkForDns: using netid 591 for uid 10120
I/System.out(28843): KnoxVpnUidStorageknoxVpnSupported API value returned is false
D/StatusBar.NetworkController( 1350): refreshViews connected={ wifi } level=4 combinedSignalIconId=0x7f020681/com.android.systemui:drawable/stat_sys_wifi_signal_4 mobileLabel=Appels d'urgence uniquement wifiLabel="IHMTEK" emergencyOnly=true combinedLabel="IHMTEK" mAirplaneMode=false mDataActivity=0 mPhoneSignalIconId=0x7f020618/com.android.systemui:drawable/stat_sys_signal_4_auto_rotate mQSPhoneSignalIconId=0x7f0201b1/com.android.systemui:drawable/ic_qs_signal_4 mDataDirectionIconId=0x0/(null) mDataSignalIconId=0x7f020618/com.android.systemui:drawable/stat_sys_signal_4_auto_rotate mDataTypeIconId=0x0/(null) mQSDataTypeIconId=0x0/(null) mNoSimIconId=0x0/(null) mWifiIconId=0x7f020681/com.android.systemui:drawable/stat_sys_wifi_signal_4 mQSWifiIconId=0x7f020365/com.android.systemui:drawable/qs_tile_wifi_signal_4 mWifiActivityIconId=0x7f02064b/com.android.systemui:drawable/stat_sys_signal_inout mBluetoothTetherIconId=0x7f02065e/com.android.systemui:drawable/stat_sys_tether_bluetooth
D/STATUSBAR-WifiTile( 1350): onWifiSignalChanged enabled=true enabledDesc:"IHMTEK"
D/StatusBar.NetworkController( 1350): refreshNwBoosterIndicator - setNWBoosterIndicators(false)
D/StatusBar.NetworkController( 1350): refreshNwBoosterIndicator - setNWBoosterIndicators(false)
D/StatusBar.NetworkController( 1350): refreshNwBoosterIndicator - setNWBoosterIndicators(false)
D/StatusBar.NetworkController( 1350): refreshNwBoosterIndicator - setNWBoosterIndicators(false)
I/System.out(28843): Parsed section Cover Stories, private: false
I/WebViewFactory(28843): Loading com.google.android.webview version 45.0.2454.95 (code 246109500)
I/cr.library_loader(28843): Time to load native libraries: 6 ms (timestamps 2966-2972)
I/cr.library_loader(28843): Expected native library version number "", actual native library version number ""
V/WebViewChromiumFactoryProvider(28843): Binding Chromium to main looper Looper (main, tid 1) {3d7c3c6a}
I/cr.library_loader(28843): Expected native library version number "", actual native library version number ""
I/chromium(28843): [INFO:library_loader_hooks.cc(121)] Chromium logging enabled: level = 0, default verbosity = 0
I/cr.BrowserStartup(28843): Initializing chromium process, singleProcess=true
W/art     (28843): Attempt to remove local handle scope entry from IRT, ignoring
E/SysUtils(28843): ApplicationContext is null in ApplicationStatus
D/SecWifiDisplayUtil(28843): Metadata value : none
I/Adreno  (28843): EGLInit: QTI Build: 06/19/15, 9723ec1, I4ea93f0e25
E/libEGL  (28843): validate_display:255 error 3008 (EGL_BAD_DISPLAY)
W/cr.media(28843): Requires BLUETOOTH permission
I/ActivityManager(  908): Killing 28104:com.sec.android.widgetapp.locationwidget/u0a24 (adj 15): emptyCount ##31
I/art     (  908): Explicit concurrent mark sweep GC freed 84734(5MB) AllocSpace objects, 48(937KB) LOS objects, 26% free, 43MB/59MB, paused 2.240ms total 181.940ms
D/StatusBar.NetworkController( 1350): refreshViews connected={ wifi } level=4 combinedSignalIconId=0x7f020681/com.android.systemui:drawable/stat_sys_wifi_signal_4 mobileLabel=Appels d'urgence uniquement wifiLabel="IHMTEK" emergencyOnly=true combinedLabel="IHMTEK" mAirplaneMode=false mDataActivity=0 mPhoneSignalIconId=0x7f020618/com.android.systemui:drawable/stat_sys_signal_4_auto_rotate mQSPhoneSignalIconId=0x7f0201b1/com.android.systemui:drawable/ic_qs_signal_4 mDataDirectionIconId=0x0/(null) mDataSignalIconId=0x7f020618/com.android.systemui:drawable/stat_sys_signal_4_auto_rotate mDataTypeIconId=0x0/(null) mQSDataTypeIconId=0x0/(null) mNoSimIconId=0x0/(null) mWifiIconId=0x7f020681/com.android.systemui:drawable/stat_sys_wifi_signal_4 mQSWifiIconId=0x7f020365/com.android.systemui:drawable/qs_tile_wifi_signal_4 mWifiActivityIconId=0x7f02064e/com.android.systemui:drawable/stat_sys_signal_no_inout mBluetoothTetherIconId=0x7f02065e/com.android.systemui:drawable/stat_sys_tether_bluetooth
D/STATUSBAR-WifiTile( 1350): onWifiSignalChanged enabled=true enabledDesc:"IHMTEK"
D/StatusBar.NetworkController( 1350): refreshNwBoosterIndicator - setNWBoosterIndicators(false)
D/StatusBar.NetworkController( 1350): refreshNwBoosterIndicator - setNWBoosterIndicators(false)
D/StatusBar.NetworkController( 1350): refreshNwBoosterIndicator - setNWBoosterIndicators(false)
D/StatusBar.NetworkController( 1350): refreshNwBoosterIndicator - setNWBoosterIndicators(false)
D/StatusBar.NetworkController( 1350): refreshViews connected={ wifi } level=4 combinedSignalIconId=0x7f020681/com.android.systemui:drawable/stat_sys_wifi_signal_4 mobileLabel=Appels d'urgence uniquement wifiLabel="IHMTEK" emergencyOnly=true combinedLabel="IHMTEK" mAirplaneMode=false mDataActivity=0 mPhoneSignalIconId=0x7f020618/com.android.systemui:drawable/stat_sys_signal_4_auto_rotate mQSPhoneSignalIconId=0x7f0201b1/com.android.systemui:drawable/ic_qs_signal_4 mDataDirectionIconId=0x0/(null) mDataSignalIconId=0x7f020618/com.android.systemui:drawable/stat_sys_signal_4_auto_rotate mDataTypeIconId=0x0/(null) mQSDataTypeIconId=0x0/(null) mNoSimIconId=0x0/(null) mWifiIconId=0x7f020681/com.android.systemui:drawable/stat_sys_wifi_signal_4 mQSWifiIconId=0x7f020365/com.android.systemui:drawable/qs_tile_wifi_signal_4 mWifiActivityIconId=0x7f020649/com.android.systemui:drawable/stat_sys_signal_in mBluetoothTetherIconId=0x7f02065e/com.android.systemui:drawable/stat_sys_tether_bluetooth
D/STATUSBAR-WifiTile( 1350): onWifiSignalChanged enabled=true enabledDesc:"IHMTEK"
D/StatusBar.NetworkController( 1350): refreshNwBoosterIndicator - setNWBoosterIndicators(false)
D/StatusBar.NetworkController( 1350): refreshNwBoosterIndicator - setNWBoosterIndicators(false)
D/StatusBar.NetworkController( 1350): refreshNwBoosterIndicator - setNWBoosterIndicators(false)
D/StatusBar.NetworkController( 1350): refreshNwBoosterIndicator - setNWBoosterIndicators(false)
D/StatusBar.NetworkController( 1350): onSignalStrengthsChanged signalStrength=SignalStrength: 18 99 -120 -160 -120 -1 -1 99 2147483647 2147483647 2147483647 -1 2147483647 0x4 gsm|lte level=4
D/StatusBar.NetworkController( 1350): updateTelephonySignalStrength: hasService=true ss=SignalStrength: 18 99 -120 -160 -120 -1 -1 99 2147483647 2147483647 2147483647 -1 2147483647 0x4 gsm|lte
D/StatusBar.NetworkController( 1350): updateTelephonySignalStrength: iconLevel=4
D/StatusBar.NetworkController( 1350): updateTelephonySignalStrength, No signal level. mPhoneSignalIconId = com.android.systemui:drawable/stat_sys_signal_4_auto_rotate mDataSignalIconId = com.android.systemui:drawable/stat_sys_signal_4_auto_rotate mQSPhoneSignalIconId = com.android.systemui:drawable/ic_qs_signal_4 mContentDescriptionPhoneSignal = Signal tlphonique fort
D/StatusBar.NetworkController( 1350): refreshViews connected={ wifi } level=4 combinedSignalIconId=0x7f020681/com.android.systemui:drawable/stat_sys_wifi_signal_4 mobileLabel=Appels d'urgence uniquement wifiLabel="IHMTEK" emergencyOnly=true combinedLabel="IHMTEK" mAirplaneMode=false mDataActivity=0 mPhoneSignalIconId=0x7f020618/com.android.systemui:drawable/stat_sys_signal_4_auto_rotate mQSPhoneSignalIconId=0x7f0201b1/com.android.systemui:drawable/ic_qs_signal_4 mDataDirectionIconId=0x0/(null) mDataSignalIconId=0x7f020618/com.android.systemui:drawable/stat_sys_signal_4_auto_rotate mDataTypeIconId=0x0/(null) mQSDataTypeIconId=0x0/(null) mNoSimIconId=0x0/(null) mWifiIconId=0x7f020681/com.android.systemui:drawable/stat_sys_wifi_signal_4 mQSWifiIconId=0x7f020365/com.android.systemui:drawable/qs_tile_wifi_signal_4 mWifiActivityIconId=0x7f020649/com.android.systemui:drawable/stat_sys_signal_in mBluetoothTetherIconId=0x7f02065e/com.android.systemui:drawable/stat_sys_tether_bluetooth
D/STATUSBAR-WifiTile( 1350): onWifiSignalChanged enabled=true enabledDesc:"IHMTEK"
D/StatusBar.NetworkController( 1350): refreshNwBoosterIndicator - setNWBoosterIndicators(false)
D/StatusBar.NetworkController( 1350): refreshNwBoosterIndicator - setNWBoosterIndicators(false)
D/StatusBar.NetworkController( 1350): refreshNwBoosterIndicator - setNWBoosterIndicators(false)
D/StatusBar.NetworkController( 1350): refreshNwBoosterIndicator - setNWBoosterIndicators(false)
E/LocSvc_libulp(  908): I/int ulp_msg_process_system_update(UlpSystemEvent): systemEvent:5 
E/LocSvc_libulp(  908): I/int ulp_msg_process_start_req(), at ulp state = 1
E/LocSvc_ApiV02(  908): I/<--- void globalRespCb(locClientHandleType, uint32_t, locClientRespIndUnionType, void*) line 125 QMI_LOC_GET_BEST_AVAILABLE_POSITION_REQ_V02
D/Ulp_jni (  908): Location CB invoked
E/LocSvc_libulp(  908): I/int ulp_brain_process_zpp_position_report(loc_sess_status, LocPosTechMask, const UlpLocation*), report ZPP position to providers,report_position = 1
D/StatusBar.NetworkController( 1350): refreshViews connected={ wifi } level=4 combinedSignalIconId=0x7f020681/com.android.systemui:drawable/stat_sys_wifi_signal_4 mobileLabel=Appels d'urgence uniquement wifiLabel="IHMTEK" emergencyOnly=true combinedLabel="IHMTEK" mAirplaneMode=false mDataActivity=0 mPhoneSignalIconId=0x7f020618/com.android.systemui:drawable/stat_sys_signal_4_auto_rotate mQSPhoneSignalIconId=0x7f0201b1/com.android.systemui:drawable/ic_qs_signal_4 mDataDirectionIconId=0x0/(null) mDataSignalIconId=0x7f020618/com.android.systemui:drawable/stat_sys_signal_4_auto_rotate mDataTypeIconId=0x0/(null) mQSDataTypeIconId=0x0/(null) mNoSimIconId=0x0/(null) mWifiIconId=0x7f020681/com.android.systemui:drawable/stat_sys_wifi_signal_4 mQSWifiIconId=0x7f020365/com.android.systemui:drawable/qs_tile_wifi_signal_4 mWifiActivityIconId=0x7f02064e/com.android.systemui:drawable/stat_sys_signal_no_inout mBluetoothTetherIconId=0x7f02065e/com.android.systemui:drawable/stat_sys_tether_bluetooth
D/STATUSBAR-WifiTile( 1350): onWifiSignalChanged enabled=true enabledDesc:"IHMTEK"
D/StatusBar.NetworkController( 1350): refreshNwBoosterIndicator - setNWBoosterIndicators(false)
D/StatusBar.NetworkController( 1350): refreshNwBoosterIndicator - setNWBoosterIndicators(false)
D/StatusBar.NetworkController( 1350): refreshNwBoosterIndicator - setNWBoosterIndicators(false)
D/StatusBar.NetworkController( 1350): refreshNwBoosterIndicator - setNWBoosterIndicators(false)
D/BatteryService(  908): !@BatteryListener : batteryPropertiesChanged!
D/BatteryService(  908): level:49, scale:100, status:2, health:2, present:true, voltage: 3861, temperature: 294, technology: Li-ion, AC powered:false, USB powered:true, POGO powered:false, Wireless powered:false, icon:17303759, invalid charger:0
D/BatteryService(  908): online:4, current avg:74, charge type:1, power sharing:false, high voltage charger:false, capacity:322000, current_now:85
D/BatteryService(  908): Sending ACTION_BATTERY_CHANGED.
I/MotionRecognitionService(  908): Plugged
D/MotionRecognitionService(  908):   cableConnection= 1
D/KeyguardUpdateMonitor( 1350): received broadcast android.intent.action.BATTERY_CHANGED
I/PERF    ( 1350): received broadcast android.intent.action.BATTERY_CHANGED
D/KeyguardUpdateMonitor( 1350): handleBatteryUpdate
D/MotionRecognitionService(  908): setPowerConnected | current backoffstate  = 1024 , state =1024
D/MotionRecognitionService(  908): skip setTransmitPower. 
D/CoverUpdateMonitor( 1350): received broadcast android.intent.action.BATTERY_CHANGED
D/SSRM:n  (  908): SIOP:: AP = 340, PST = 345 (W:20), CUR = 74, LCD = 0
D/BatteryMeterView( 1350): ACTION_BATTERY_CHANGED : level:49 status:2 health:2
D/BatteryMeterView( 1350): ACTION_BATTERY_CHANGED : level:49 status:2 health:2
D/BatteryMeterView( 1350): ACTION_BATTERY_CHANGED : level:49 status:2 health:2
D/StatusBar.NetworkController( 1350): refreshViews connected={ wifi } level=4 combinedSignalIconId=0x7f020681/com.android.systemui:drawable/stat_sys_wifi_signal_4 mobileLabel=Appels d'urgence uniquement wifiLabel="IHMTEK" emergencyOnly=true combinedLabel="IHMTEK" mAirplaneMode=false mDataActivity=0 mPhoneSignalIconId=0x7f020618/com.android.systemui:drawable/stat_sys_signal_4_auto_rotate mQSPhoneSignalIconId=0x7f0201b1/com.android.systemui:drawable/ic_qs_signal_4 mDataDirectionIconId=0x0/(null) mDataSignalIconId=0x7f020618/com.android.systemui:drawable/stat_sys_signal_4_auto_rotate mDataTypeIconId=0x0/(null) mQSDataTypeIconId=0x0/(null) mNoSimIconId=0x0/(null) mWifiIconId=0x7f020681/com.android.systemui:drawable/stat_sys_wifi_signal_4 mQSWifiIconId=0x7f020365/com.android.systemui:drawable/qs_tile_wifi_signal_4 mWifiActivityIconId=0x7f020649/com.android.systemui:drawable/stat_sys_signal_in mBluetoothTetherIconId=0x7f02065e/com.android.systemui:drawable/stat_sys_tether_bluetooth
D/STATUSBAR-WifiTile( 1350): onWifiSignalChanged enabled=true enabledDesc:"IHMTEK"
D/StatusBar.NetworkController( 1350): refreshNwBoosterIndicator - setNWBoosterIndicators(false)
D/StatusBar.NetworkController( 1350): refreshNwBoosterIndicator - setNWBoosterIndicators(false)
D/StatusBar.NetworkController( 1350): refreshNwBoosterIndicator - setNWBoosterIndicators(false)
D/StatusBar.NetworkController( 1350): refreshNwBoosterIndicator - setNWBoosterIndicators(false)
W/dnsmasq (27562): no address range available for DHCP request via wlan0
V/AlarmManager(  908): waitForAlarm result :8
D/StatusBar.NetworkController( 1350): refreshViews connected={ wifi } level=4 combinedSignalIconId=0x7f020681/com.android.systemui:drawable/stat_sys_wifi_signal_4 mobileLabel=Appels d'urgence uniquement wifiLabel="IHMTEK" emergencyOnly=true combinedLabel="IHMTEK" mAirplaneMode=false mDataActivity=0 mPhoneSignalIconId=0x7f020618/com.android.systemui:drawable/stat_sys_signal_4_auto_rotate mQSPhoneSignalIconId=0x7f0201b1/com.android.systemui:drawable/ic_qs_signal_4 mDataDirectionIconId=0x0/(null) mDataSignalIconId=0x7f020618/com.android.systemui:drawable/stat_sys_signal_4_auto_rotate mDataTypeIconId=0x0/(null) mQSDataTypeIconId=0x0/(null) mNoSimIconId=0x0/(null) mWifiIconId=0x7f020681/com.android.systemui:drawable/stat_sys_wifi_signal_4 mQSWifiIconId=0x7f020365/com.android.systemui:drawable/qs_tile_wifi_signal_4 mWifiActivityIconId=0x7f02064e/com.android.systemui:drawable/stat_sys_signal_no_inout mBluetoothTetherIconId=0x7f02065e/com.android.systemui:drawable/stat_sys_tether_bluetooth
D/STATUSBAR-WifiTile( 1350): onWifiSignalChanged enabled=true enabledDesc:"IHMTEK"
D/StatusBar.NetworkController( 1350): refreshNwBoosterIndicator - setNWBoosterIndicators(false)
D/StatusBar.NetworkController( 1350): refreshNwBoosterIndicator - setNWBoosterIndicators(false)
D/StatusBar.NetworkController( 1350): refreshNwBoosterIndicator - setNWBoosterIndicators(false)
D/StatusBar.NetworkController( 1350): refreshNwBoosterIndicator - setNWBoosterIndicators(false)
D/StatusBar.NetworkController( 1350): refreshViews connected={ wifi } level=4 combinedSignalIconId=0x7f020681/com.android.systemui:drawable/stat_sys_wifi_signal_4 mobileLabel=Appels d'urgence uniquement wifiLabel="IHMTEK" emergencyOnly=true combinedLabel="IHMTEK" mAirplaneMode=false mDataActivity=0 mPhoneSignalIconId=0x7f020618/com.android.systemui:drawable/stat_sys_signal_4_auto_rotate mQSPhoneSignalIconId=0x7f0201b1/com.android.systemui:drawable/ic_qs_signal_4 mDataDirectionIconId=0x0/(null) mDataSignalIconId=0x7f020618/com.android.systemui:drawable/stat_sys_signal_4_auto_rotate mDataTypeIconId=0x0/(null) mQSDataTypeIconId=0x0/(null) mNoSimIconId=0x0/(null) mWifiIconId=0x7f020681/com.android.systemui:drawable/stat_sys_wifi_signal_4 mQSWifiIconId=0x7f020365/com.android.systemui:drawable/qs_tile_wifi_signal_4 mWifiActivityIconId=0x7f020649/com.android.systemui:drawable/stat_sys_signal_in mBluetoothTetherIconId=0x7f02065e/com.android.systemui:drawable/stat_sys_tether_bluetooth
D/STATUSBAR-WifiTile( 1350): onWifiSignalChanged enabled=true enabledDesc:"IHMTEK"
D/StatusBar.NetworkController( 1350): refreshNwBoosterIndicator - setNWBoosterIndicators(false)
D/StatusBar.NetworkController( 1350): refreshNwBoosterIndicator - setNWBoosterIndicators(false)
D/StatusBar.NetworkController( 1350): refreshNwBoosterIndicator - setNWBoosterIndicators(false)
D/StatusBar.NetworkController( 1350): refreshNwBoosterIndicator - setNWBoosterIndicators(false)
D/StatusBar.NetworkController( 1350): refreshViews connected={ wifi } level=4 combinedSignalIconId=0x7f020681/com.android.systemui:drawable/stat_sys_wifi_signal_4 mobileLabel=Appels d'urgence uniquement wifiLabel="IHMTEK" emergencyOnly=true combinedLabel="IHMTEK" mAirplaneMode=false mDataActivity=0 mPhoneSignalIconId=0x7f020618/com.android.systemui:drawable/stat_sys_signal_4_auto_rotate mQSPhoneSignalIconId=0x7f0201b1/com.android.systemui:drawable/ic_qs_signal_4 mDataDirectionIconId=0x0/(null) mDataSignalIconId=0x7f020618/com.android.systemui:drawable/stat_sys_signal_4_auto_rotate mDataTypeIconId=0x0/(null) mQSDataTypeIconId=0x0/(null) mNoSimIconId=0x0/(null) mWifiIconId=0x7f020681/com.android.systemui:drawable/stat_sys_wifi_signal_4 mQSWifiIconId=0x7f020365/com.android.systemui:drawable/qs_tile_wifi_signal_4 mWifiActivityIconId=0x7f02064e/com.android.systemui:drawable/stat_sys_signal_no_inout mBluetoothTetherIconId=0x7f02065e/com.android.systemui:drawable/stat_sys_tether_bluetooth
D/STATUSBAR-WifiTile( 1350): onWifiSignalChanged enabled=true enabledDesc:"IHMTEK"
D/StatusBar.NetworkController( 1350): refreshNwBoosterIndicator - setNWBoosterIndicators(false)
D/StatusBar.NetworkController( 1350): refreshNwBoosterIndicator - setNWBoosterIndicators(false)
D/StatusBar.NetworkController( 1350): refreshNwBoosterIndicator - setNWBoosterIndicators(false)
D/StatusBar.NetworkController( 1350): refreshNwBoosterIndicator - setNWBoosterIndicators(false)
D/StatusBar.NetworkController( 1350): refreshViews connected={ wifi } level=4 combinedSignalIconId=0x7f020681/com.android.systemui:drawable/stat_sys_wifi_signal_4 mobileLabel=Appels d'urgence uniquement wifiLabel="IHMTEK" emergencyOnly=true combinedLabel="IHMTEK" mAirplaneMode=false mDataActivity=0 mPhoneSignalIconId=0x7f020618/com.android.systemui:drawable/stat_sys_signal_4_auto_rotate mQSPhoneSignalIconId=0x7f0201b1/com.android.systemui:drawable/ic_qs_signal_4 mDataDirectionIconId=0x0/(null) mDataSignalIconId=0x7f020618/com.android.systemui:drawable/stat_sys_signal_4_auto_rotate mDataTypeIconId=0x0/(null) mQSDataTypeIconId=0x0/(null) mNoSimIconId=0x0/(null) mWifiIconId=0x7f020681/com.android.systemui:drawable/stat_sys_wifi_signal_4 mQSWifiIconId=0x7f020365/com.android.systemui:drawable/qs_tile_wifi_signal_4 mWifiActivityIconId=0x7f020649/com.android.systemui:drawable/stat_sys_signal_in mBluetoothTetherIconId=0x7f02065e/com.android.systemui:drawable/stat_sys_tether_bluetooth
D/STATUSBAR-WifiTile( 1350): onWifiSignalChanged enabled=true enabledDesc:"IHMTEK"
D/StatusBar.NetworkController( 1350): refreshNwBoosterIndicator - setNWBoosterIndicators(false)
D/StatusBar.NetworkController( 1350): refreshNwBoosterIndicator - setNWBoosterIndicators(false)
D/StatusBar.NetworkController( 1350): refreshNwBoosterIndicator - setNWBoosterIndicators(false)
D/StatusBar.NetworkController( 1350): refreshNwBoosterIndicator - setNWBoosterIndicators(false)
E/LocSvc_libulp(  908): I/int ulp_msg_process_system_update(UlpSystemEvent): systemEvent:5 
E/LocSvc_libulp(  908): I/int ulp_msg_process_start_req(), at ulp state = 1
E/LocSvc_ApiV02(  908): I/<--- void globalRespCb(locClientHandleType, uint32_t, locClientRespIndUnionType, void*) line 125 QMI_LOC_GET_BEST_AVAILABLE_POSITION_REQ_V02
D/Ulp_jni (  908): Location CB invoked
E/LocSvc_libulp(  908): I/int ulp_brain_process_zpp_position_report(loc_sess_status, LocPosTechMask, const UlpLocation*), report ZPP position to providers,report_position = 1
D/StatusBar.NetworkController( 1350): refreshViews connected={ wifi } level=4 combinedSignalIconId=0x7f020681/com.android.systemui:drawable/stat_sys_wifi_signal_4 mobileLabel=Appels d'urgence uniquement wifiLabel="IHMTEK" emergencyOnly=true combinedLabel="IHMTEK" mAirplaneMode=false mDataActivity=0 mPhoneSignalIconId=0x7f020618/com.android.systemui:drawable/stat_sys_signal_4_auto_rotate mQSPhoneSignalIconId=0x7f0201b1/com.android.systemui:drawable/ic_qs_signal_4 mDataDirectionIconId=0x0/(null) mDataSignalIconId=0x7f020618/com.android.systemui:drawable/stat_sys_signal_4_auto_rotate mDataTypeIconId=0x0/(null) mQSDataTypeIconId=0x0/(null) mNoSimIconId=0x0/(null) mWifiIconId=0x7f020681/com.android.systemui:drawable/stat_sys_wifi_signal_4 mQSWifiIconId=0x7f020365/com.android.systemui:drawable/qs_tile_wifi_signal_4 mWifiActivityIconId=0x7f02064e/com.android.systemui:drawable/stat_sys_signal_no_inout mBluetoothTetherIconId=0x7f02065e/com.android.systemui:drawable/stat_sys_tether_bluetooth
D/STATUSBAR-WifiTile( 1350): onWifiSignalChanged enabled=true enabledDesc:"IHMTEK"
D/StatusBar.NetworkController( 1350): refreshNwBoosterIndicator - setNWBoosterIndicators(false)
D/StatusBar.NetworkController( 1350): refreshNwBoosterIndicator - setNWBoosterIndicators(false)
D/StatusBar.NetworkController( 1350): refreshNwBoosterIndicator - setNWBoosterIndicators(false)
D/StatusBar.NetworkController( 1350): refreshNwBoosterIndicator - setNWBoosterIndicators(false)
D/SSRM:n  (  908): SIOP:: AP = 330, PST = 341 (W:20), CUR = 125, LCD = 0
D/BatteryService(  908): !@BatteryListener : batteryPropertiesChanged!
D/BatteryService(  908): level:49, scale:100, status:2, health:2, present:true, voltage: 3867, temperature: 291, technology: Li-ion, AC powered:false, USB powered:true, POGO powered:false, Wireless powered:false, icon:17303759, invalid charger:0
D/BatteryService(  908): online:4, current avg:125, charge type:1, power sharing:false, high voltage charger:false, capacity:322000, current_now:141
D/BatteryService(  908): Sending ACTION_BATTERY_CHANGED.
I/MotionRecognitionService(  908): Plugged
D/MotionRecognitionService(  908):   cableConnection= 1
D/MotionRecognitionService(  908): setPowerConnected | current backoffstate  = 1024 , state =1024
D/KeyguardUpdateMonitor( 1350): received broadcast android.intent.action.BATTERY_CHANGED
I/PERF    ( 1350): received broadcast android.intent.action.BATTERY_CHANGED
D/KeyguardUpdateMonitor( 1350): handleBatteryUpdate
D/MotionRecognitionService(  908): skip setTransmitPower. 
D/CoverUpdateMonitor( 1350): received broadcast android.intent.action.BATTERY_CHANGED
D/BatteryMeterView( 1350): ACTION_BATTERY_CHANGED : level:49 status:2 health:2
D/BatteryMeterView( 1350): ACTION_BATTERY_CHANGED : level:49 status:2 health:2
D/BatteryMeterView( 1350): ACTION_BATTERY_CHANGED : level:49 status:2 health:2
D/StatusBar.NetworkController( 1350): onSignalStrengthsChanged signalStrength=SignalStrength: 19 99 -120 -160 -120 -1 -1 99 2147483647 2147483647 2147483647 -1 2147483647 0x4 gsm|lte level=4
D/StatusBar.NetworkController( 1350): updateTelephonySignalStrength: hasService=true ss=SignalStrength: 19 99 -120 -160 -120 -1 -1 99 2147483647 2147483647 2147483647 -1 2147483647 0x4 gsm|lte
D/StatusBar.NetworkController( 1350): updateTelephonySignalStrength: iconLevel=4
D/StatusBar.NetworkController( 1350): updateTelephonySignalStrength, No signal level. mPhoneSignalIconId = com.android.systemui:drawable/stat_sys_signal_4_auto_rotate mDataSignalIconId = com.android.systemui:drawable/stat_sys_signal_4_auto_rotate mQSPhoneSignalIconId = com.android.systemui:drawable/ic_qs_signal_4 mContentDescriptionPhoneSignal = Signal tlphonique fort
